Product: MDK-ARM Professional 5.10
Component: ARM Compiler 5.04 update 1 (build 49)
Tool: armlink [5040049]

==============================================================================

Section Cross References

    main.o(i.main) refers to delay.o(i.delay_init) for delay_init
    main.o(i.main) refers to sys.o(i.JTAG_Set) for JTAG_Set
    main.o(i.main) refers to led.o(i.LED_Init) for LED_Init
    main.o(i.main) refers to key.o(i.KEY_Init) for KEY_Init
    main.o(i.main) refers to sys.o(i.MY_NVIC_PriorityGroupConfig) for MY_NVIC_PriorityGroupConfig
    main.o(i.main) refers to motor.o(i.MiniBalance_PWM_Init) for MiniBalance_PWM_Init
    main.o(i.main) refers to motor.o(i.Servo_PWM_Init) for Servo_PWM_Init
    main.o(i.main) refers to usartx.o(i.uart5_init) for uart5_init
    main.o(i.main) refers to usart.o(i.usart3_init) for usart3_init
    main.o(i.main) refers to usart.o(i.usart1_init) for usart1_init
    main.o(i.main) refers to oled.o(i.OLED_Init) for OLED_Init
    main.o(i.main) refers to encoder.o(i.Encoder_Init_TIM2) for Encoder_Init_TIM2
    main.o(i.main) refers to encoder.o(i.Encoder_Init_TIM4) for Encoder_Init_TIM4
    main.o(i.main) refers to key.o(i.select) for select
    main.o(i.main) refers to delay.o(i.delay_ms) for delay_ms
    main.o(i.main) refers to ioi2c.o(i.IIC_Init) for IIC_Init
    main.o(i.main) refers to mpu6050.o(i.MPU6050_initialize) for MPU6050_initialize
    main.o(i.main) refers to mpu6050.o(i.DMP_Init) for DMP_Init
    main.o(i.main) refers to can.o(i.CAN1_Mode_Init) for CAN1_Mode_Init
    main.o(i.main) refers to adc.o(i.Adc_Init) for Adc_Init
    main.o(i.main) refers to pstwo.o(i.PS2_Init) for PS2_Init
    main.o(i.main) refers to pstwo.o(i.PS2_SetInit) for PS2_SetInit
    main.o(i.main) refers to adc.o(i.ccd_Init) for ccd_Init
    main.o(i.main) refers to adc.o(i.ele_Init) for ele_Init
    main.o(i.main) refers to exti.o(i.MiniBalance_EXTI_Init) for MiniBalance_EXTI_Init
    main.o(i.main) refers to usartx.o(i.UART_TX) for UART_TX
    main.o(i.main) refers to main.o(.data) for Flag_Way
    system_stm32f10x.o(i.SetSysClock) refers to system_stm32f10x.o(i.SetSysClockTo72) for SetSysClockTo72
    system_stm32f10x.o(i.SystemCoreClockUpdate) refers to system_stm32f10x.o(.data) for SystemCoreClock
    system_stm32f10x.o(i.SystemInit) refers to system_stm32f10x.o(i.SetSysClock) for SetSysClock
    startup_stm32f10x_hd.o(STACK) refers (Special) to heapauxi.o(.text) for __use_two_region_memory
    startup_stm32f10x_hd.o(HEAP) refers (Special) to heapauxi.o(.text) for __use_two_region_memory
    startup_stm32f10x_hd.o(RESET) refers (Special) to heapauxi.o(.text) for __use_two_region_memory
    startup_stm32f10x_hd.o(RESET) refers to startup_stm32f10x_hd.o(STACK) for __initial_sp
    startup_stm32f10x_hd.o(RESET) refers to startup_stm32f10x_hd.o(.text) for Reset_Handler
    startup_stm32f10x_hd.o(RESET) refers to stm32f10x_it.o(i.NMI_Handler) for NMI_Handler
    startup_stm32f10x_hd.o(RESET) refers to stm32f10x_it.o(i.HardFault_Handler) for HardFault_Handler
    startup_stm32f10x_hd.o(RESET) refers to stm32f10x_it.o(i.MemManage_Handler) for MemManage_Handler
    startup_stm32f10x_hd.o(RESET) refers to stm32f10x_it.o(i.BusFault_Handler) for BusFault_Handler
    startup_stm32f10x_hd.o(RESET) refers to stm32f10x_it.o(i.UsageFault_Handler) for UsageFault_Handler
    startup_stm32f10x_hd.o(RESET) refers to stm32f10x_it.o(i.SVC_Handler) for SVC_Handler
    startup_stm32f10x_hd.o(RESET) refers to stm32f10x_it.o(i.DebugMon_Handler) for DebugMon_Handler
    startup_stm32f10x_hd.o(RESET) refers to stm32f10x_it.o(i.PendSV_Handler) for PendSV_Handler
    startup_stm32f10x_hd.o(RESET) refers to stm32f10x_it.o(i.SysTick_Handler) for SysTick_Handler
    startup_stm32f10x_hd.o(RESET) refers to can.o(i.USB_LP_CAN1_RX0_IRQHandler) for USB_LP_CAN1_RX0_IRQHandler
    startup_stm32f10x_hd.o(RESET) refers to encoder.o(i.TIM2_IRQHandler) for TIM2_IRQHandler
    startup_stm32f10x_hd.o(RESET) refers to timer.o(i.TIM3_IRQHandler) for TIM3_IRQHandler
    startup_stm32f10x_hd.o(RESET) refers to encoder.o(i.TIM4_IRQHandler) for TIM4_IRQHandler
    startup_stm32f10x_hd.o(RESET) refers to usart.o(i.USART1_IRQHandler) for USART1_IRQHandler
    startup_stm32f10x_hd.o(RESET) refers to usart.o(i.USART3_IRQHandler) for USART3_IRQHandler
    startup_stm32f10x_hd.o(RESET) refers to control.o(i.EXTI15_10_IRQHandler) for EXTI15_10_IRQHandler
    startup_stm32f10x_hd.o(RESET) refers to timer.o(i.TIM5_IRQHandler) for TIM5_IRQHandler
    startup_stm32f10x_hd.o(RESET) refers to usartx.o(i.UART5_IRQHandler) for UART5_IRQHandler
    startup_stm32f10x_hd.o(.text) refers (Special) to heapauxi.o(.text) for __use_two_region_memory
    startup_stm32f10x_hd.o(.text) refers to system_stm32f10x.o(i.SystemInit) for SystemInit
    startup_stm32f10x_hd.o(.text) refers to __main.o(!!!main) for __main
[...]
    TIM6_IRQHandler                          0x0800022f   Thumb Code     0  startup_stm32f10x_hd.o(.text)
    TIM7_IRQHandler                          0x0800022f   Thumb Code     0  startup_stm32f10x_hd.o(.text)
    TIM8_BRK_IRQHandler                      0x0800022f   Thumb Code     0  startup_stm32f10x_hd.o(.text)
    TIM8_CC_IRQHandler                       0x0800022f   Thumb Code     0  startup_stm32f10x_hd.o(.text)
    TIM8_TRG_COM_IRQHandler                  0x0800022f   Thumb Code     0  startup_stm32f10x_hd.o(.text)
    TIM8_UP_IRQHandler                       0x0800022f   Thumb Code     0  startup_stm32f10x_hd.o(.text)
    UART4_IRQHandler                         0x0800022f   Thumb Code     0  startup_stm32f10x_hd.o(.text)
    USART2_IRQHandler                        0x0800022f   Thumb Code     0  startup_stm32f10x_hd.o(.text)
    USBWakeUp_IRQHandler                     0x0800022f   Thumb Code     0  startup_stm32f10x_hd.o(.text)
    USB_HP_CAN1_TX_IRQHandler                0x0800022f   Thumb Code     0  startup_stm32f10x_hd.o(.text)
    WWDG_IRQHandler                          0x0800022f   Thumb Code     0  startup_stm32f10x_hd.o(.text)
    __user_initial_stackheap                 0x08000231   Thumb Code     0  startup_stm32f10x_hd.o(.text)
    __use_no_semihosting                     0x08000255   Thumb Code     2  use_no_semi_2.o(.text)
    __aeabi_ldivmod                          0x08000257   Thumb Code     0  llsdiv.o(.text)
    _ll_sdiv                                 0x08000257   Thumb Code    72  llsdiv.o(.text)
    __2printf                                0x080002a1   Thumb Code    20  noretval__2printf.o(.text)
    __printf                                 0x080002b9   Thumb Code   104  __printf.o(.text)
    _printf_int_dec                          0x08000321   Thumb Code   100  _printf_dec.o(.text)
    memcmp                                   0x08000395   Thumb Code    88  memcmp.o(.text)
    __aeabi_memcpy                           0x080003ed   Thumb Code     0  rt_memcpy_v6.o(.text)
    __rt_memcpy                              0x080003ed   Thumb Code   138  rt_memcpy_v6.o(.text)
    _memcpy_lastbytes                        0x08000453   Thumb Code     0  rt_memcpy_v6.o(.text)
    __aeabi_memcpy4                          0x08000477   Thumb Code     0  rt_memcpy_w.o(.text)
    __aeabi_memcpy8                          0x08000477   Thumb Code     0  rt_memcpy_w.o(.text)
    __rt_memcpy_w                            0x08000477   Thumb Code   100  rt_memcpy_w.o(.text)
    _memcpy_lastbytes_aligned                0x080004bf   Thumb Code     0  rt_memcpy_w.o(.text)
    __aeabi_memset                           0x080004db   Thumb Code    16  aeabi_memset.o(.text)
    __aeabi_memclr                           0x080004eb   Thumb Code     0  rt_memclr.o(.text)
    __rt_memclr                              0x080004eb   Thumb Code    68  rt_memclr.o(.text)
    _memset                                  0x080004ef   Thumb Code     0  rt_memclr.o(.text)
    __aeabi_memclr4                          0x0800052f   Thumb Code     0  rt_memclr_w.o(.text)
    __aeabi_memclr8                          0x0800052f   Thumb Code     0  rt_memclr_w.o(.text)
    __rt_memclr_w                            0x0800052f   Thumb Code    78  rt_memclr_w.o(.text)
    _memset_w                                0x08000533   Thumb Code     0  rt_memclr_w.o(.text)
    __use_two_region_memory                  0x0800057d   Thumb Code     2  heapauxi.o(.text)
    __rt_heap_escrow$2region                 0x0800057f   Thumb Code     2  heapauxi.o(.text)
    __rt_heap_expand$2region                 0x08000581   Thumb Code     2  heapauxi.o(.text)
    __I$use$semihosting                      0x08000583   Thumb Code     0  use_no_semi.o(.text)
    __use_no_semihosting_swi                 0x08000583   Thumb Code     2  use_no_semi.o(.text)
    __aeabi_uldivmod                         0x08000585   Thumb Code     0  lludivv7m.o(.text)
    _ll_udiv                                 0x08000585   Thumb Code   238  lludivv7m.o(.text)
    __read_errno                             0x08000673   Thumb Code    10  _rserrno.o(.text)
    __set_errno                              0x0800067d   Thumb Code    12  _rserrno.o(.text)
    _printf_int_common                       0x08000689   Thumb Code   178  _printf_intcommon.o(.text)
    _printf_char_file                        0x0800073d   Thumb Code    32  _printf_char_file.o(.text)
    __aeabi_errno_addr                       0x08000761   Thumb Code     8  rt_errno_addr_intlibspace.o(.text)
    __errno$intlibspace                      0x08000761   Thumb Code     0  rt_errno_addr_intlibspace.o(.text)
    __rt_errno_addr$intlibspace              0x08000761   Thumb Code     0  rt_errno_addr_intlibspace.o(.text)
    _printf_char_common                      0x08000773   Thumb Code    32  _printf_char_common.o(.text)
    ferror                                   0x08000799   Thumb Code     8  ferror.o(.text)
    __user_libspace                          0x080007a1   Thumb Code     8  libspace.o(.text)
    __user_perproc_libspace                  0x080007a1   Thumb Code     0  libspace.o(.text)
    __user_perthread_libspace                0x080007a1   Thumb Code     0  libspace.o(.text)
    __user_setup_stackheap                   0x080007a9   Thumb Code    74  sys_stackheap_outer.o(.text)
    exit                                     0x080007f3   Thumb Code    12  exit.o(.text)
    ADC_Cmd                                  0x080007ff   Thumb Code    22  stm32f10x_adc.o(i.ADC_Cmd)
    ADC_DeInit                               0x08000815   Thumb Code    78  stm32f10x_adc.o(i.ADC_DeInit)
    ADC_GetCalibrationStatus                 0x08000871   Thumb Code    20  stm32f10x_adc.o(i.ADC_GetCalibrationStatus)
    ADC_GetConversionValue                   0x08000885   Thumb Code     8  stm32f10x_adc.o(i.ADC_GetConversionValue)
    ADC_GetFlagStatus                        0x0800088d   Thumb Code    18  stm32f10x_adc.o(i.ADC_GetFlagStatus)
    ADC_GetResetCalibrationStatus            0x0800089f   Thumb Code    20  stm32f10x_adc.o(i.ADC_GetResetCalibrationStatus)
    ADC_Init                                 0x080008b5   Thumb Code    70  stm32f10x_adc.o(i.ADC_Init)
    ADC_RegularChannelConfig                 0x08000905   Thumb Code   184  stm32f10x_adc.o(i.ADC_RegularChannelConfig)
    ADC_ResetCalibration                     0x080009bd   Thumb Code    10  stm32f10x_adc.o(i.ADC_ResetCalibration)
    ADC_SoftwareStartConvCmd                 0x080009c7   Thumb Code    22  stm32f10x_adc.o(i.ADC_SoftwareStartConvCmd)
    ADC_StartCalibration                     0x080009dd   Thumb Code    10  stm32f10x_adc.o(i.ADC_StartCalibration)
    Adc_Init                                 0x080009e9   Thumb Code   132  adc.o(i.Adc_Init)
    BKP_TamperPinCmd                         0x08000a75   Thumb Code     6  stm32f10x_bkp.o(i.BKP_TamperPinCmd)
    BusFault_Handler                         0x08000a81   Thumb Code     4  stm32f10x_it.o(i.BusFault_Handler)
    CAN1_Mode_Init                           0x08000a85   Thumb Code   472  can.o(i.CAN1_Mode_Init)
    CAN1_Rx_Msg                              0x08000c69   Thumb Code   208  can.o(i.CAN1_Rx_Msg)
    DMP_Init                                 0x08000d41   Thumb Code   194  mpu6050.o(i.DMP_Init)
    DebugMon_Handler                         0x08000f51   Thumb Code     2  stm32f10x_it.o(i.DebugMon_Handler)
    EXTI15_10_IRQHandler                     0x08000f55   Thumb Code   412  control.o(i.EXTI15_10_IRQHandler)
    EXTI_Init                                0x0800114d   Thumb Code   142  stm32f10x_exti.o(i.EXTI_Init)
    Encoder_Init_TIM2                        0x080011e1   Thumb Code   200  encoder.o(i.Encoder_Init_TIM2)
    Encoder_Init_TIM4                        0x080012b5   Thumb Code   148  encoder.o(i.Encoder_Init_TIM4)
    GPIO_EXTILineConfig                      0x08001351   Thumb Code    60  stm32f10x_gpio.o(i.GPIO_EXTILineConfig)
    GPIO_Init                                0x08001391   Thumb Code   278  stm32f10x_gpio.o(i.GPIO_Init)
    GPIO_PinRemapConfig                      0x080014a9   Thumb Code   138  stm32f10x_gpio.o(i.GPIO_PinRemapConfig)
    Get_Adc                                  0x08001539   Thumb Code    46  adc.o(i.Get_Adc)
    Get_RC                                   0x0800156d   Thumb Code  1198  control.o(i.Get_RC)
    Get_battery_volt                         0x08001a29   Thumb Code    78  adc.o(i.Get_battery_volt)
    HardFault_Handler                        0x08001a89   Thumb Code     4  stm32f10x_it.o(i.HardFault_Handler)
    I2C_ReadOneByte                          0x08001a8d   Thumb Code    70  ioi2c.o(i.I2C_ReadOneByte)
    IIC_Ack                                  0x08001ad5   Thumb Code    64  ioi2c.o(i.IIC_Ack)
    IIC_Init                                 0x08001b21   Thumb Code    40  ioi2c.o(i.IIC_Init)
    IIC_NAck                                 0x08001b4d   Thumb Code    62  ioi2c.o(i.IIC_NAck)
    IIC_Read_Byte                            0x08001b99   Thumb Code    98  ioi2c.o(i.IIC_Read_Byte)
    IIC_Send_Byte                            0x08001c09   Thumb Code    88  ioi2c.o(i.IIC_Send_Byte)
    IIC_Start                                0x08001c6d   Thumb Code    92  ioi2c.o(i.IIC_Start)
    IIC_Stop                                 0x08001cd5   Thumb Code    60  ioi2c.o(i.IIC_Stop)
    IIC_Wait_Ack                             0x08001d1d   Thumb Code    92  ioi2c.o(i.IIC_Wait_Ack)
    IICreadByte                              0x08001d85   Thumb Code    22  ioi2c.o(i.IICreadByte)
    IICwriteBit                              0x08001d9b   Thumb Code    64  ioi2c.o(i.IICwriteBit)
    IICwriteBits                             0x08001ddb   Thumb Code   106  ioi2c.o(i.IICwriteBits)
    IICwriteByte                             0x08001e45   Thumb Code    20  ioi2c.o(i.IICwriteByte)
    IICwriteBytes                            0x08001e59   Thumb Code    70  ioi2c.o(i.IICwriteBytes)
    Incremental_PI_Left                      0x08001ea1   Thumb Code   146  control.o(i.Incremental_PI_Left)
    Incremental_PI_Right                     0x08001f4d   Thumb Code   146  control.o(i.Incremental_PI_Right)
    JTAG_Set                                 0x08001ff9   Thumb Code    38  sys.o(i.JTAG_Set)
    KEY_Init                                 0x08002029   Thumb Code    34  key.o(i.KEY_Init)
    Key                                      0x08002051   Thumb Code    78  control.o(i.Key)
    Kinematic_Analysis                       0x080020a9   Thumb Code    44  control.o(i.Kinematic_Analysis)
    LED_Init                                 0x080020dd   Thumb Code    40  led.o(i.LED_Init)
    Led_Reverse                              0x08002109   Thumb Code    14  led.o(i.Led_Reverse)
    Long_Press                               0x08002121   Thumb Code    72  key.o(i.Long_Press)
    MPU6050_initialize                       0x08002175   Thumb Code    40  mpu6050.o(i.MPU6050_initialize)
    MPU6050_setClockSource                   0x0800219d   Thumb Code    20  mpu6050.o(i.MPU6050_setClockSource)
    MPU6050_setFullScaleAccelRange           0x080021b1   Thumb Code    20  mpu6050.o(i.MPU6050_setFullScaleAccelRange)
    MPU6050_setFullScaleGyroRange            0x080021c5   Thumb Code    20  mpu6050.o(i.MPU6050_setFullScaleGyroRange)
    MPU6050_setI2CBypassEnabled              0x080021d9   Thumb Code    18  mpu6050.o(i.MPU6050_setI2CBypassEnabled)
    MPU6050_setI2CMasterModeEnabled          0x080021eb   Thumb Code    18  mpu6050.o(i.MPU6050_setI2CMasterModeEnabled)
    MPU6050_setSleepEnabled                  0x080021fd   Thumb Code    18  mpu6050.o(i.MPU6050_setSleepEnabled)
    MY_NVIC_Init                             0x08002211   Thumb Code   116  sys.o(i.MY_NVIC_Init)
    MY_NVIC_PriorityGroupConfig              0x08002289   Thumb Code    32  sys.o(i.MY_NVIC_PriorityGroupConfig)
    MemManage_Handler                        0x080022b1   Thumb Code     4  stm32f10x_it.o(i.MemManage_Handler)
    MiniBalance_EXTI_Init                    0x080022b5   Thumb Code   106  exti.o(i.MiniBalance_EXTI_Init)
    MiniBalance_PWM_Init                     0x08002325   Thumb Code   192  motor.o(i.MiniBalance_PWM_Init)
    NMI_Handler                              0x080023ed   Thumb Code     2  stm32f10x_it.o(i.NMI_Handler)
    NVIC_Init                                0x080023f1   Thumb Code   100  misc.o(i.NVIC_Init)
    OLED_Clear                               0x08002461   Thumb Code    42  oled.o(i.OLED_Clear)
    OLED_DrawPoint                           0x08002491   Thumb Code   100  oled.o(i.OLED_DrawPoint)
    OLED_Init                                0x080024f9   Thumb Code   296  oled.o(i.OLED_Init)
    OLED_Refresh_Gram                        0x0800262d   Thumb Code    70  oled.o(i.OLED_Refresh_Gram)
    OLED_ShowChar                            0x08002679   Thumb Code   158  oled.o(i.OLED_ShowChar)
    OLED_ShowString                          0x08002721   Thumb Code    68  oled.o(i.OLED_ShowString)
    OLED_WR_Byte                             0x08002765   Thumb Code    82  oled.o(i.OLED_WR_Byte)
    PS2_Cmd                                  0x080027bd   Thumb Code   128  pstwo.o(i.PS2_Cmd)
    PS2_EnterConfing                         0x08002851   Thumb Code    84  pstwo.o(i.PS2_EnterConfing)
    PS2_ExitConfing                          0x080028ad   Thumb Code    84  pstwo.o(i.PS2_ExitConfing)
    PS2_Init                                 0x08002909   Thumb Code    86  pstwo.o(i.PS2_Init)
    PS2_SetInit                              0x08002969   Thumb Code    28  pstwo.o(i.PS2_SetInit)
    PS2_ShortPoll                            0x08002985   Thumb Code    60  pstwo.o(i.PS2_ShortPoll)
    PS2_TurnOnAnalogMode                     0x080029c9   Thumb Code    78  pstwo.o(i.PS2_TurnOnAnalogMode)
    PWR_BackupAccessCmd                      0x08002a21   Thumb Code     6  stm32f10x_pwr.o(i.PWR_BackupAccessCmd)
    PendSV_Handler                           0x08002a2d   Thumb Code     2  stm32f10x_it.o(i.PendSV_Handler)
    RCC_ADCCLKConfig                         0x08002a31   Thumb Code    18  stm32f10x_rcc.o(i.RCC_ADCCLKConfig)
    RCC_APB1PeriphClockCmd                   0x08002a49   Thumb Code    26  stm32f10x_rcc.o(i.RCC_APB1PeriphClockCmd)
    RCC_APB2PeriphClockCmd                   0x08002a69   Thumb Code    26  stm32f10x_rcc.o(i.RCC_APB2PeriphClockCmd)
    RCC_APB2PeriphResetCmd                   0x08002a89   Thumb Code    26  stm32f10x_rcc.o(i.RCC_APB2PeriphResetCmd)
    RCC_GetClocksFreq                        0x08002aa9   Thumb Code   192  stm32f10x_rcc.o(i.RCC_GetClocksFreq)
    RCC_LSEConfig                            0x08002b7d   Thumb Code    46  stm32f10x_rcc.o(i.RCC_LSEConfig)
    Read_DMP                                 0x08002bb1   Thumb Code   560  mpu6050.o(i.Read_DMP)
    Read_Encoder                             0x08002e0d   Thumb Code    52  encoder.o(i.Read_Encoder)
    SVC_Handler                              0x08002e45   Thumb Code     2  stm32f10x_it.o(i.SVC_Handler)
    Servo_PWM_Init                           0x08002e49   Thumb Code   144  motor.o(i.Servo_PWM_Init)
    Set_Pwm                                  0x08002fc9   Thumb Code    96  control.o(i.Set_Pwm)
    SysTick_CLKSourceConfig                  0x08003031   Thumb Code    40  misc.o(i.SysTick_CLKSourceConfig)
    SysTick_Handler                          0x08003059   Thumb Code     2  stm32f10x_it.o(i.SysTick_Handler)
    SystemInit                               0x0800305d   Thumb Code    78  system_stm32f10x.o(i.SystemInit)
    TIM2_IRQHandler                          0x080032fd   Thumb Code    24  encoder.o(i.TIM2_IRQHandler)
    TIM3_IRQHandler                          0x08003315   Thumb Code   614  timer.o(i.TIM3_IRQHandler)
    TIM4_IRQHandler                          0x080035e1   Thumb Code    18  encoder.o(i.TIM4_IRQHandler)
    TIM5_IRQHandler                          0x080035f9   Thumb Code   690  timer.o(i.TIM5_IRQHandler)
    TIM_ARRPreloadConfig                     0x080038d1   Thumb Code    24  stm32f10x_tim.o(i.TIM_ARRPreloadConfig)
    TIM_ClearFlag                            0x080038e9   Thumb Code     6  stm32f10x_tim.o(i.TIM_ClearFlag)
    TIM_ClearITPendingBit                    0x080038ef   Thumb Code     6  stm32f10x_tim.o(i.TIM_ClearITPendingBit)
    TIM_Cmd                                  0x080038f5   Thumb Code    24  stm32f10x_tim.o(i.TIM_Cmd)
    TIM_CtrlPWMOutputs                       0x0800390d   Thumb Code    30  stm32f10x_tim.o(i.TIM_CtrlPWMOutputs)
    TIM_EncoderInterfaceConfig               0x0800392b   Thumb Code    66  stm32f10x_tim.o(i.TIM_EncoderInterfaceConfig)
    TIM_GetCapture1                          0x0800396d   Thumb Code     6  stm32f10x_tim.o(i.TIM_GetCapture1)
    TIM_GetCapture2                          0x08003973   Thumb Code     6  stm32f10x_tim.o(i.TIM_GetCapture2)
    TIM_GetCapture3                          0x08003979   Thumb Code     6  stm32f10x_tim.o(i.TIM_GetCapture3)
    TIM_GetCapture4                          0x0800397f   Thumb Code     8  stm32f10x_tim.o(i.TIM_GetCapture4)
    TIM_GetITStatus                          0x08003987   Thumb Code    34  stm32f10x_tim.o(i.TIM_GetITStatus)
    TIM_ICInit                               0x080039a9   Thumb Code   150  stm32f10x_tim.o(i.TIM_ICInit)
    TIM_ICStructInit                         0x08003a55   Thumb Code    18  stm32f10x_tim.o(i.TIM_ICStructInit)
    TIM_ITConfig                             0x08003a67   Thumb Code    18  stm32f10x_tim.o(i.TIM_ITConfig)
    TIM_OC1Init                              0x08003a79   Thumb Code   132  stm32f10x_tim.o(i.TIM_OC1Init)
    TIM_OC1PolarityConfig                    0x08003b11   Thumb Code    18  stm32f10x_tim.o(i.TIM_OC1PolarityConfig)
    TIM_OC1PreloadConfig                     0x08003b23   Thumb Code    18  stm32f10x_tim.o(i.TIM_OC1PreloadConfig)
    TIM_OC2Init                              0x08003b35   Thumb Code   154  stm32f10x_tim.o(i.TIM_OC2Init)
    TIM_OC2PolarityConfig                    0x08003bd9   Thumb Code    26  stm32f10x_tim.o(i.TIM_OC2PolarityConfig)
    TIM_OC2PreloadConfig                     0x08003bf3   Thumb Code    26  stm32f10x_tim.o(i.TIM_OC2PreloadConfig)
    TIM_OC3Init                              0x08003c0d   Thumb Code   150  stm32f10x_tim.o(i.TIM_OC3Init)
    TIM_OC3PolarityConfig                    0x08003cad   Thumb Code    26  stm32f10x_tim.o(i.TIM_OC3PolarityConfig)
    TIM_OC3PreloadConfig                     0x08003cc7   Thumb Code    18  stm32f10x_tim.o(i.TIM_OC3PreloadConfig)
    TIM_OC4Init                              0x08003cd9   Thumb Code   114  stm32f10x_tim.o(i.TIM_OC4Init)
    TIM_OC4PolarityConfig                    0x08003d55   Thumb Code    26  stm32f10x_tim.o(i.TIM_OC4PolarityConfig)
    TIM_OC4PreloadConfig                     0x08003d6f   Thumb Code    26  stm32f10x_tim.o(i.TIM_OC4PreloadConfig)
    TIM_SetCounter                           0x08003d89   Thumb Code     4  stm32f10x_tim.o(i.TIM_SetCounter)
    TIM_SetIC1Prescaler                      0x08003d8d   Thumb Code    18  stm32f10x_tim.o(i.TIM_SetIC1Prescaler)
    TIM_SetIC2Prescaler                      0x08003d9f   Thumb Code    26  stm32f10x_tim.o(i.TIM_SetIC2Prescaler)
    TIM_SetIC3Prescaler                      0x08003db9   Thumb Code    18  stm32f10x_tim.o(i.TIM_SetIC3Prescaler)
    TIM_SetIC4Prescaler                      0x08003dcb   Thumb Code    26  stm32f10x_tim.o(i.TIM_SetIC4Prescaler)
    TIM_TimeBaseInit                         0x08003de5   Thumb Code   122  stm32f10x_tim.o(i.TIM_TimeBaseInit)
    TIM_TimeBaseStructInit                   0x08003e89   Thumb Code    18  stm32f10x_tim.o(i.TIM_TimeBaseStructInit)
    Turn_Off                                 0x08003e9d   Thumb Code    46  control.o(i.Turn_Off)
    UART5_IRQHandler                         0x08003ed5   Thumb Code    56  usartx.o(i.UART5_IRQHandler)
    UART_TX                                  0x08003f25   Thumb Code   256  usartx.o(i.UART_TX)
    USART1_IRQHandler                        0x08004051   Thumb Code   144  usart.o(i.USART1_IRQHandler)
    USART3_IRQHandler                        0x08004101   Thumb Code   382  usart.o(i.USART3_IRQHandler)
    USART_Cmd                                0x080042b5   Thumb Code    24  stm32f10x_usart.o(i.USART_Cmd)
    USART_GetITStatus                        0x080042cd   Thumb Code    84  stm32f10x_usart.o(i.USART_GetITStatus)
    USART_ITConfig                           0x08004321   Thumb Code    74  stm32f10x_usart.o(i.USART_ITConfig)
    USART_Init                               0x0800436d   Thumb Code   210  stm32f10x_usart.o(i.USART_Init)
    USART_ReceiveData                        0x08004445   Thumb Code    10  stm32f10x_usart.o(i.USART_ReceiveData)
    USB_LP_CAN1_RX0_IRQHandler               0x08004451   Thumb Code   104  can.o(i.USB_LP_CAN1_RX0_IRQHandler)
    UsageFault_Handler                       0x080044c9   Thumb Code     4  stm32f10x_it.o(i.UsageFault_Handler)
    Xianfu_Pwm                               0x080044cd   Thumb Code    58  control.o(i.Xianfu_Pwm)
    __ARM_fpclassify                         0x08004511   Thumb Code    40  fpclassify.o(i.__ARM_fpclassify)
    __kernel_poly                            0x08004539   Thumb Code   170  poly.o(i.__kernel_poly)
    __mathlib_dbl_underflow                  0x080045e5   Thumb Code    10  dunder.o(i.__mathlib_dbl_underflow)
    _sys_exit                                0x080045f5   Thumb Code     4  usart.o(i._sys_exit)
    asin                                     0x080046a5   Thumb Code   584  asin.o(i.asin)
    atan                                     0x08004921   Thumb Code   478  atan.o(i.atan)
    atan2                                    0x08004b45   Thumb Code   346  atan2.o(i.atan2)
    ccd_Init                                 0x08004cc5   Thumb Code    38  adc.o(i.ccd_Init)
    click_N_Double                           0x08004cf1   Thumb Code   184  key.o(i.click_N_Double)
    delay_init                               0x08004e25   Thumb Code    50  delay.o(i.delay_init)
    delay_ms                                 0x08004e69   Thumb Code    72  delay.o(i.delay_ms)
    delay_us                                 0x08004eb5   Thumb Code    72  delay.o(i.delay_us)
    dmp_enable_6x_lp_quat                    0x08004f01   Thumb Code    60  inv_mpu_dmp_motion_driver.o(i.dmp_enable_6x_lp_quat)
    dmp_enable_feature                       0x08004f3d   Thumb Code   530  inv_mpu_dmp_motion_driver.o(i.dmp_enable_feature)
    dmp_enable_gyro_cal                      0x08005159   Thumb Code    62  inv_mpu_dmp_motion_driver.o(i.dmp_enable_gyro_cal)
    dmp_enable_lp_quat                       0x080051b1   Thumb Code    60  inv_mpu_dmp_motion_driver.o(i.dmp_enable_lp_quat)
    dmp_load_motion_driver_firmware          0x080051ed   Thumb Code    20  inv_mpu_dmp_motion_driver.o(i.dmp_load_motion_driver_firmware)
    dmp_read_fifo                            0x08005205   Thumb Code   456  inv_mpu_dmp_motion_driver.o(i.dmp_read_fifo)
    dmp_set_accel_bias                       0x080053d1   Thumb Code   300  inv_mpu_dmp_motion_driver.o(i.dmp_set_accel_bias)
    dmp_set_fifo_rate                        0x08005501   Thumb Code    96  inv_mpu_dmp_motion_driver.o(i.dmp_set_fifo_rate)
    dmp_set_gyro_bias                        0x08005571   Thumb Code   294  inv_mpu_dmp_motion_driver.o(i.dmp_set_gyro_bias)
    dmp_set_orientation                      0x080056a1   Thumb Code   290  inv_mpu_dmp_motion_driver.o(i.dmp_set_orientation)
    dmp_set_shake_reject_thresh              0x080057d9   Thumb Code    56  inv_mpu_dmp_motion_driver.o(i.dmp_set_shake_reject_thresh)
    dmp_set_shake_reject_time                0x08005811   Thumb Code    38  inv_mpu_dmp_motion_driver.o(i.dmp_set_shake_reject_time)
    dmp_set_shake_reject_timeout             0x08005837   Thumb Code    38  inv_mpu_dmp_motion_driver.o(i.dmp_set_shake_reject_timeout)
    dmp_set_tap_axes                         0x0800585d   Thumb Code    70  inv_mpu_dmp_motion_driver.o(i.dmp_set_tap_axes)
    dmp_set_tap_count                        0x080058a3   Thumb Code    38  inv_mpu_dmp_motion_driver.o(i.dmp_set_tap_count)
    dmp_set_tap_thresh                       0x080058c9   Thumb Code   396  inv_mpu_dmp_motion_driver.o(i.dmp_set_tap_thresh)
    dmp_set_tap_time                         0x08005a69   Thumb Code    38  inv_mpu_dmp_motion_driver.o(i.dmp_set_tap_time)
    dmp_set_tap_time_multi                   0x08005a8f   Thumb Code    38  inv_mpu_dmp_motion_driver.o(i.dmp_set_tap_time_multi)
    ele_Init                                 0x08005ab5   Thumb Code   132  adc.o(i.ele_Init)
    fputc                                    0x08005b41   Thumb Code    24  usart.o(i.fputc)
    i2cRead                                  0x08006199   Thumb Code   118  ioi2c.o(i.i2cRead)
    i2cWrite                                 0x0800620f   Thumb Code    96  ioi2c.o(i.i2cWrite)
    main                                     0x080062e5   Thumb Code   194  main.o(i.main)
    mpu_configure_fifo                       0x08006405   Thumb Code   106  inv_mpu.o(i.mpu_configure_fifo)
    mpu_get_accel_fsr                        0x08006475   Thumb Code    72  inv_mpu.o(i.mpu_get_accel_fsr)
    mpu_get_accel_sens                       0x080064c1   Thumb Code    78  inv_mpu.o(i.mpu_get_accel_sens)
    mpu_get_fifo_config                      0x08006515   Thumb Code    12  inv_mpu.o(i.mpu_get_fifo_config)
    mpu_get_gyro_fsr                         0x08006525   Thumb Code    64  inv_mpu.o(i.mpu_get_gyro_fsr)
    mpu_get_gyro_sens                        0x08006569   Thumb Code    58  inv_mpu.o(i.mpu_get_gyro_sens)
    mpu_get_lpf                              0x080065b9   Thumb Code    74  inv_mpu.o(i.mpu_get_lpf)
    mpu_get_sample_rate                      0x08006609   Thumb Code    26  inv_mpu.o(i.mpu_get_sample_rate)
    mpu_init                                 0x08006629   Thumb Code   416  inv_mpu.o(i.mpu_init)
    mpu_load_firmware                        0x08006819   Thumb Code   180  inv_mpu.o(i.mpu_load_firmware)
    mpu_lp_accel_mode                        0x080068d1   Thumb Code   218  inv_mpu.o(i.mpu_lp_accel_mode)
    mpu_read_fifo_stream                     0x080069b1   Thumb Code   186  inv_mpu.o(i.mpu_read_fifo_stream)
    mpu_read_mem                             0x08006a71   Thumb Code   122  inv_mpu.o(i.mpu_read_mem)
    mpu_reset_fifo                           0x08006af1   Thumb Code   438  inv_mpu.o(i.mpu_reset_fifo)
    mpu_run_self_test                        0x08006cad   Thumb Code   278  inv_mpu.o(i.mpu_run_self_test)
    mpu_set_accel_fsr                        0x08006dc9   Thumb Code   126  inv_mpu.o(i.mpu_set_accel_fsr)
    mpu_set_bypass                           0x08006e4d   Thumb Code   328  inv_mpu.o(i.mpu_set_bypass)
    mpu_set_dmp_state                        0x08006f99   Thumb Code   138  inv_mpu.o(i.mpu_set_dmp_state)
    mpu_set_gyro_fsr                         0x08007029   Thumb Code   132  inv_mpu.o(i.mpu_set_gyro_fsr)
    mpu_set_int_latched                      0x080070b1   Thumb Code   102  inv_mpu.o(i.mpu_set_int_latched)
    mpu_set_lpf                              0x0800711d   Thumb Code   126  inv_mpu.o(i.mpu_set_lpf)
    mpu_set_sample_rate                      0x080071a1   Thumb Code   152  inv_mpu.o(i.mpu_set_sample_rate)
    mpu_set_sensors                          0x0800723d   Thumb Code   202  inv_mpu.o(i.mpu_set_sensors)
    mpu_write_mem                            0x0800730d   Thumb Code   122  inv_mpu.o(i.mpu_write_mem)
    myget_ms                                 0x0800738d   Thumb Code     2  inv_mpu.o(i.myget_ms)
    oled_show_once                           0x08007391   Thumb Code   128  show.o(i.oled_show_once)
    pow                                      0x0800747d   Thumb Code  2510  pow.o(i.pow)
    receiver_decoder_frame                   0x08007e5d   Thumb Code   340  zhp_frame.o(i.receiver_decoder_frame)
    select                                   0x08008079   Thumb Code   214  key.o(i.select)
    sender_encoder_frame                     0x08008171   Thumb Code   338  zhp_frame.o(i.sender_encoder_frame)
    sqrt                                     0x08008359   Thumb Code    76  sqrt.o(i.sqrt)
    uart5_init                               0x080083a5   Thumb Code   170  usartx.o(i.uart5_init)
    uart5_send_str                           0x0800845d   Thumb Code    44  usartx.o(i.uart5_send_str)
    usart1_init                              0x0800848d   Thumb Code   152  usart.o(i.usart1_init)
    usart3_init                              0x0800852d   Thumb Code   174  usart.o(i.usart3_init)
    zhp_crc32                                0x080085e9   Thumb Code    52  zhp_frame.o(i.zhp_crc32)
    __aeabi_d2f                              0x08008625   Thumb Code     0  d2f.o(x$fpl$d2f)
    _d2f                                     0x08008625   Thumb Code    98  d2f.o(x$fpl$d2f)
    __aeabi_dadd                             0x08008689   Thumb Code     0  daddsub_clz.o(x$fpl$dadd)
    _dadd                                    0x08008689   Thumb Code   332  daddsub_clz.o(x$fpl$dadd)
    __fpl_dcheck_NaN1                        0x080087d9   Thumb Code    10  dcheck1.o(x$fpl$dcheck1)
    __fpl_dcmp_Inf                           0x080087e9   Thumb Code    24  dcmpi.o(x$fpl$dcmpinf)
    __aeabi_ddiv                             0x08008801   Thumb Code     0  ddiv.o(x$fpl$ddiv)
    _ddiv                                    0x08008801   Thumb Code   552  ddiv.o(x$fpl$ddiv)
    __aeabi_d2iz                             0x08008ab1   Thumb Code     0  dfix.o(x$fpl$dfix)
    _dfix                                    0x08008ab1   Thumb Code    94  dfix.o(x$fpl$dfix)
    __aeabi_i2d                              0x08008b0f   Thumb Code     0  dflt_clz.o(x$fpl$dflt)
    _dflt                                    0x08008b0f   Thumb Code    46  dflt_clz.o(x$fpl$dflt)
    __aeabi_ui2d                             0x08008b3d   Thumb Code     0  dflt_clz.o(x$fpl$dfltu)
    _dfltu                                   0x08008b3d   Thumb Code    38  dflt_clz.o(x$fpl$dfltu)
    __aeabi_cdcmple                          0x08008b65   Thumb Code     0  dleqf.o(x$fpl$dleqf)
    _dcmple                                  0x08008b65   Thumb Code   120  dleqf.o(x$fpl$dleqf)
    __fpl_dcmple_InfNaN                      0x08008bc7   Thumb Code     0  dleqf.o(x$fpl$dleqf)
    __aeabi_dmul                             0x08008bdd   Thumb Code     0  dmul.o(x$fpl$dmul)
    _dmul                                    0x08008bdd   Thumb Code   332  dmul.o(x$fpl$dmul)
    __fpl_dnaninf                            0x08008d31   Thumb Code   156  dnaninf.o(x$fpl$dnaninf)
    __fpl_dretinf                            0x08008dcd   Thumb Code    12  dretinf.o(x$fpl$dretinf)
    __aeabi_cdrcmple                         0x08008dd9   Thumb Code     0  drleqf.o(x$fpl$drleqf)
    _drcmple                                 0x08008dd9   Thumb Code   108  drleqf.o(x$fpl$drleqf)
    __aeabi_drsub                            0x08008e45   Thumb Code     0  daddsub_clz.o(x$fpl$drsb)
    _drsb                                    0x08008e45   Thumb Code    22  daddsub_clz.o(x$fpl$drsb)
    _dsqrt                                   0x08008e5d   Thumb Code   456  dsqrt_noumaal.o(x$fpl$dsqrt)
    __aeabi_dsub                             0x08009029   Thumb Code     0  daddsub_clz.o(x$fpl$dsub)
    _dsub                                    0x08009029   Thumb Code   464  daddsub_clz.o(x$fpl$dsub)
    __aeabi_f2d                              0x080091fd   Thumb Code     0  f2d.o(x$fpl$f2d)
    _f2d                                     0x080091fd   Thumb Code    86  f2d.o(x$fpl$f2d)
    __aeabi_fadd                             0x08009255   Thumb Code     0  faddsub_clz.o(x$fpl$fadd)
    _fadd                                    0x08009255   Thumb Code   196  faddsub_clz.o(x$fpl$fadd)
    __fpl_fcmp_Inf                           0x08009319   Thumb Code    24  fcmpi.o(x$fpl$fcmpinf)
    __aeabi_fdiv                             0x08009331   Thumb Code     0  fdiv.o(x$fpl$fdiv)
    _fdiv                                    0x08009331   Thumb Code   384  fdiv.o(x$fpl$fdiv)
    __aeabi_cfcmpeq                          0x080094b5   Thumb Code     0  feqf.o(x$fpl$feqf)
    _fcmpeq                                  0x080094b5   Thumb Code   104  feqf.o(x$fpl$feqf)
    __aeabi_f2iz                             0x0800951d   Thumb Code     0  ffix.o(x$fpl$ffix)
    _ffix                                    0x0800951d   Thumb Code    54  ffix.o(x$fpl$ffix)
    __aeabi_f2uiz                            0x08009555   Thumb Code     0  ffixu.o(x$fpl$ffixu)
    _ffixu                                   0x08009555   Thumb Code    62  ffixu.o(x$fpl$ffixu)
    __aeabi_i2f                              0x08009595   Thumb Code     0  fflt_clz.o(x$fpl$fflt)
    _fflt                                    0x08009595   Thumb Code    48  fflt_clz.o(x$fpl$fflt)
    __aeabi_ui2f                             0x080095c5   Thumb Code     0  fflt_clz.o(x$fpl$ffltu)
    _ffltu                                   0x080095c5   Thumb Code    38  fflt_clz.o(x$fpl$ffltu)
    __aeabi_cfcmple                          0x080095ed   Thumb Code     0  fleqf.o(x$fpl$fleqf)
    _fcmple                                  0x080095ed   Thumb Code   104  fleqf.o(x$fpl$fleqf)
    __fpl_fcmple_InfNaN                      0x0800963f   Thumb Code     0  fleqf.o(x$fpl$fleqf)
    __aeabi_fmul                             0x08009655   Thumb Code     0  fmul.o(x$fpl$fmul)
    _fmul                                    0x08009655   Thumb Code   258  fmul.o(x$fpl$fmul)
    __fpl_fnaninf                            0x08009757   Thumb Code   140  fnaninf.o(x$fpl$fnaninf)
    __fpl_fretinf                            0x080097e3   Thumb Code    10  fretinf.o(x$fpl$fretinf)
    __aeabi_cfrcmple                         0x080097ed   Thumb Code     0  frleqf.o(x$fpl$frleqf)
    _frcmple                                 0x080097ed   Thumb Code    98  frleqf.o(x$fpl$frleqf)
    __aeabi_fsub                             0x08009851   Thumb Code     0  faddsub_clz.o(x$fpl$fsub)
    _fsub                                    0x08009851   Thumb Code   234  faddsub_clz.o(x$fpl$fsub)
    __fpl_return_NaN                         0x0800993b   Thumb Code   100  retnan.o(x$fpl$retnan)
    __ARM_scalbn                             0x0800999f   Thumb Code    92  scalbn.o(x$fpl$scalbn)
    __fpl_cmpreturn                          0x080099fb   Thumb Code    48  trapv.o(x$fpl$trapveneer)
    __I$use$fp                               0x08009a2a   Number         0  usenofp.o(x$fpl$usenofp)
    oled_asc2_1206                           0x08009a2a   Data        1140  oled.o(.constdata)
    oled_asc2_1608                           0x08009e9e   Data        1520  oled.o(.constdata)
    hw                                       0x0800a490   Data          12  inv_mpu.o(.constdata)
    reg                                      0x0800a49c   Data          27  inv_mpu.o(.constdata)
    test                                     0x0800a4b8   Data          40  inv_mpu.o(.constdata)
    __mathlib_zero                           0x0800b248   Data           8  qnan.o(.constdata)
    Region$$Table$$Base                      0x0800b2a0   Number         0  anon$$obj.o(Region$$Table)
    Region$$Table$$Limit                     0x0800b2c0   Number         0  anon$$obj.o(Region$$Table)
    Flag_Left                                0x20000000   Data           1  main.o(.data)
    Flag_Right                               0x20000001   Data           1  main.o(.data)
    Flag_Direction                           0x20000002   Data           1  main.o(.data)
    Flag_Way                                 0x20000003   Data           1  main.o(.data)
    Flag_Next                                0x20000004   Data           1  main.o(.data)
    Flag_Stop                                0x20000005   Data           1  main.o(.data)
    Flag_Show                                0x20000006   Data           1  main.o(.data)
    Encoder_Left                             0x20000008   Data           2  main.o(.data)
    Encoder_Right                            0x2000000a   Data           2  main.o(.data)
    Motor_Left                               0x2000000c   Data           4  main.o(.data)
    Motor_Right                              0x20000010   Data           4  main.o(.data)
    Target_Left                              0x20000014   Data           4  main.o(.data)
    Target_Right                             0x20000018   Data           4  main.o(.data)
    Velocity                                 0x2000001c   Data           4  main.o(.data)
    Turn                                     0x20000020   Data           4  main.o(.data)
    Servo                                    0x20000024   Data           4  main.o(.data)
    Voltage                                  0x20000028   Data           4  main.o(.data)
    delay_cnt                                0x2000002c   Data           1  main.o(.data)
    delay_flag                               0x2000002d   Data           1  main.o(.data)
    rxbuf                                    0x2000002e   Data           8  main.o(.data)
    Urxbuf                                   0x20000036   Data           8  main.o(.data)
    CAN_ON_Flag                              0x2000003e   Data           1  main.o(.data)
    Usart_ON_Flag                            0x2000003f   Data           1  main.o(.data)
    Usart_Flag                               0x20000040   Data           1  main.o(.data)
    PID_Send                                 0x20000041   Data           1  main.o(.data)
    txbuf                                    0x20000042   Data           8  main.o(.data)
    txbuf2                                   0x2000004a   Data           8  main.o(.data)
    Pitch                                    0x20000054   Data           4  main.o(.data)
    Roll                                     0x20000058   Data           4  main.o(.data)
    Yaw                                      0x2000005c   Data           4  main.o(.data)
    Gryo_Z                                   0x20000060   Data           4  main.o(.data)
    Velocity_KP                              0x20000064   Data           4  main.o(.data)
    Velocity_KI                              0x20000068   Data           4  main.o(.data)
    RC_Velocity                              0x2000006c   Data           4  main.o(.data)
    PS2_LX                                   0x20000070   Data           4  main.o(.data)
    PS2_LY                                   0x20000074   Data           4  main.o(.data)
    PS2_RX                                   0x20000078   Data           4  main.o(.data)
    PS2_RY                                   0x2000007c   Data           4  main.o(.data)
    PS2_KEY                                  0x20000080   Data           4  main.o(.data)
    CCD_Zhongzhi                             0x20000084   Data           2  main.o(.data)
    CCD_Yuzhi                                0x20000086   Data           2  main.o(.data)
    Sensor_Left                              0x20000088   Data           4  main.o(.data)
    Sensor_Middle                            0x2000008c   Data           4  main.o(.data)
    Sensor_Right                             0x20000090   Data           4  main.o(.data)
    Sensor                                   0x20000094   Data           4  main.o(.data)
    Remoter_Ch1                              0x20000098   Data           4  main.o(.data)
    Remoter_Ch2                              0x2000009c   Data           4  main.o(.data)
    Remoter_Ch3                              0x200000a0   Data           4  main.o(.data)
    Remoter_Ch4                              0x200000a4   Data           4  main.o(.data)
    Distance_A                               0x200000a8   Data           4  main.o(.data)
    Distance_B                               0x200000ac   Data           4  main.o(.data)
    Distance_C                               0x200000b0   Data           4  main.o(.data)
    Distance_D                               0x200000b4   Data           4  main.o(.data)
    overtime_ticks                           0x200000b8   Data           4  main.o(.data)
    overtime_tick_cnt                        0x200000bc   Data           4  main.o(.data)
    SystemCoreClock                          0x200000c0   Data           4  system_stm32f10x.o(.data)
    AHBPrescTable                            0x200000c4   Data          16  system_stm32f10x.o(.data)
    __stdout                                 0x200000ec   Data           4  usart.o(.data)
    Usart3_Receive                           0x200000f0   Data           1  usart.o(.data)
    TIM5CH1_CAPTURE_STA                      0x20000114   Data           2  timer.o(.data)
    TIM5CH1_CAPTURE_VAL                      0x20000116   Data           2  timer.o(.data)
    TIM5CH2_CAPTURE_STA                      0x20000118   Data           2  timer.o(.data)
    TIM5CH2_CAPTURE_VAL                      0x2000011a   Data           2  timer.o(.data)
    TIM5CH3_CAPTURE_STA                      0x2000011c   Data           2  timer.o(.data)
    TIM5CH3_CAPTURE_VAL                      0x2000011e   Data           2  timer.o(.data)
    TIM5CH4_CAPTURE_STA                      0x20000120   Data           2  timer.o(.data)
    TIM5CH4_CAPTURE_VAL                      0x20000122   Data           2  timer.o(.data)
    TIM3CH1_CAPTURE_STA                      0x20000124   Data           1  timer.o(.data)
    TIM3CH1_CAPTURE_UPVAL                    0x20000126   Data           2  timer.o(.data)
    TIM3CH1_CAPTURE_DOWNVAL                  0x20000128   Data           2  timer.o(.data)
    TIM3CH2_CAPTURE_STA                      0x2000012a   Data           1  timer.o(.data)
    TIM3CH2_CAPTURE_UPVAL                    0x2000012c   Data           2  timer.o(.data)
    TIM3CH2_CAPTURE_DOWNVAL                  0x2000012e   Data           2  timer.o(.data)
    TIM3CH3_CAPTURE_STA                      0x20000130   Data           1  timer.o(.data)
    TIM3CH3_CAPTURE_UPVAL                    0x20000132   Data           2  timer.o(.data)
    TIM3CH3_CAPTURE_DOWNVAL                  0x20000134   Data           2  timer.o(.data)
    TIM3CH4_CAPTURE_STA                      0x20000136   Data           1  timer.o(.data)
    TIM3CH4_CAPTURE_UPVAL                    0x20000138   Data           2  timer.o(.data)
    TIM3CH4_CAPTURE_DOWNVAL                  0x2000013a   Data           2  timer.o(.data)
    TIM3_T1                                  0x2000013c   Data           4  timer.o(.data)
    TIM3_T2                                  0x20000140   Data           4  timer.o(.data)
    TIM3_T3                                  0x20000144   Data           4  timer.o(.data)
    TIM3_T4                                  0x20000148   Data           4  timer.o(.data)
    pwmout1                                  0x2000014c   Data           4  timer.o(.data)
    pwmout2                                  0x20000150   Data           4  timer.o(.data)
    pwmout3                                  0x20000154   Data           4  timer.o(.data)
    pwmout4                                  0x20000158   Data           4  timer.o(.data)
    cd                                       0x2000015c   Data           4  control.o(.data)
    Flag_Target                              0x20000160   Data           1  control.o(.data)
    Flag_Change                              0x20000161   Data           1  control.o(.data)
    Voltage_Count                            0x20000164   Data           4  control.o(.data)
    Voltage_All                              0x20000168   Data           4  control.o(.data)
    j                                        0x2000016c   Data           4  control.o(.data)
    sum                                      0x20000170   Data           4  control.o(.data)
    gyro                                     0x200001d4   Data           6  mpu6050.o(.data)
    accel                                    0x200001da   Data           6  mpu6050.o(.data)
    sensors                                  0x200001e0   Data           2  mpu6050.o(.data)
    q0                                       0x200001e4   Data           4  mpu6050.o(.data)
    q1                                       0x200001e8   Data           4  mpu6050.o(.data)
    q2                                       0x200001ec   Data           4  mpu6050.o(.data)
    q3                                       0x200001f0   Data           4  mpu6050.o(.data)
    Gx_offset                                0x200001fe   Data           2  mpu6050.o(.data)
    Gy_offset                                0x20000200   Data           2  mpu6050.o(.data)
    Gz_offset                                0x20000202   Data           2  mpu6050.o(.data)
    CRCValue                                 0x20000204   Data           4  zhp_frame.o(.data)
    POLYNOMIAL                               0x20000208   Data           4  zhp_frame.o(.data)
    have_table                               0x2000020c   Data           2  zhp_frame.o(.data)
    frame_data                               0x2000020e   Data           8  zhp_frame.o(.data)
    uart_trans_flag                          0x20000216   Data           1  zhp_frame.o(.data)
    OLED_GRAM                                0x2000024a   Data        1024  oled.o(.bss)
    Data                                     0x2000064a   Data           9  pstwo.o(.bss)
    ud                                       0x20000653   Data          44  control.o(.bss)
    table                                    0x20000690   Data        1024  zhp_frame.o(.bss)
    tx_frame_buf                             0x20000a90   Data         100  zhp_frame.o(.bss)
    final_tx_frame                           0x20000af4   Data         198  zhp_frame.o(.bss)
    rx_frame_buf                             0x20000bba   Data         198  zhp_frame.o(.bss)
    final_rx_frame                           0x20000c80   Data         100  zhp_frame.o(.bss)
    __libspace_start                         0x20000ce4   Data          96  libspace.o(.bss)
    __temporary_stack_top$libspace           0x20000d44   Data           0  libspace.o(.bss)



==============================================================================

Memory Map of the image

  Image Entry point : 0x08000131

  Load Region LR_IROM1 (Base: 0x08000000, Size: 0x0000b4d8, Max: 0x00040000, ABSOLUTE, COMPRESSED[0x0000b308])

    Execution Region ER_IROM1 (Base: 0x08000000, Size: 0x0000b2c0, Max: 0x00040000, ABSOLUTE)

    Base Addr    Size         Type   Attr      Idx    E Section Name        Object

    0x08000000   0x00000130   Data   RO          317    RESET               startup_stm32f10x_hd.o
    0x08000130   0x00000008   Code   RO         5030  * !!!main             c_w.l(__main.o)
    0x08000138   0x00000034   Code   RO         5354    !!!scatter          c_w.l(__scatter.o)
    0x0800016c   0x0000005a   Code   RO         5352    !!dczerorl2         c_w.l(__dczerorl2.o)
    0x080001c6   0x00000002   PAD
    0x080001c8   0x0000001c   Code   RO         5356    !!handler_zi        c_w.l(__scatter_zi.o)
    0x080001e4   0x00000000   Code   RO         5015    .ARM.Collect$$_printf_percent$$00000000  c_w.l(_printf_percent.o)
    0x080001e4   0x00000006   Code   RO         5014    .ARM.Collect$$_printf_percent$$00000009  c_w.l(_printf_d.o)
    0x080001ea   0x00000004   Code   RO         5129    .ARM.Collect$$_printf_percent$$00000017  c_w.l(_printf_percent_end.o)
    0x080001ee   0x00000002   Code   RO         5222    .ARM.Collect$$libinit$$00000000  c_w.l(libinit.o)
    0x080001f0   0x00000000   Code   RO         5234    .ARM.Collect$$libinit$$00000002  c_w.l(libinit2.o)
    0x080001f0   0x00000000   Code   RO         5237    .ARM.Collect$$libinit$$00000008  c_w.l(libinit2.o)
    0x080001f0   0x00000000   Code   RO         5239    .ARM.Collect$$libinit$$0000000A  c_w.l(libinit2.o)
    0x080001f0   0x00000000   Code   RO         5241    .ARM.Collect$$libinit$$0000000C  c_w.l(libinit2.o)
    0x080001f0   0x00000000   Code   RO         5244    .ARM.Collect$$libinit$$0000000F  c_w.l(libinit2.o)
    0x080001f0   0x00000000   Code   RO         5246    .ARM.Collect$$libinit$$00000011  c_w.l(libinit2.o)
    0x080001f0   0x00000000   Code   RO         5248    .ARM.Collect$$libinit$$00000013  c_w.l(libinit2.o)
    0x080001f0   0x00000000   Code   RO         5250    .ARM.Collect$$libinit$$00000015  c_w.l(libinit2.o)
    0x080001f0   0x00000000   Code   RO         5252    .ARM.Collect$$libinit$$00000017  c_w.l(libinit2.o)
    0x080001f0   0x00000000   Code   RO         5254    .ARM.Collect$$libinit$$00000019  c_w.l(libinit2.o)
    0x080001f0   0x00000000   Code   RO         5256    .ARM.Collect$$libinit$$0000001B  c_w.l(libinit2.o)
    0x080001f0   0x00000000   Code   RO         5258    .ARM.Collect$$libinit$$0000001D  c_w.l(libinit2.o)
    0x080001f0   0x00000000   Code   RO         5260    .ARM.Collect$$libinit$$0000001F  c_w.l(libinit2.o)
    0x080001f0   0x00000000   Code   RO         5262    .ARM.Collect$$libinit$$00000021  c_w.l(libinit2.o)
    0x080001f0   0x00000000   Code   RO         5264    .ARM.Collect$$libinit$$00000023  c_w.l(libinit2.o)
    0x080001f0   0x00000000   Code   RO         5268    .ARM.Collect$$libinit$$0000002A  c_w.l(libinit2.o)
    0x080001f0   0x00000000   Code   RO         5270    .ARM.Collect$$libinit$$0000002C  c_w.l(libinit2.o)
    0x080001f0   0x00000000   Code   RO         5272    .ARM.Collect$$libinit$$0000002E  c_w.l(libinit2.o)
    0x080001f0   0x00000000   Code   RO         5274    .ARM.Collect$$libinit$$00000030  c_w.l(libinit2.o)
    0x080001f0   0x00000002   Code   RO         5275    .ARM.Collect$$libinit$$00000031  c_w.l(libinit2.o)
    0x080001f2   0x00000002   Code   RO         5305    .ARM.Collect$$libshutdown$$00000000  c_w.l(libshutdown.o)
    0x080001f4   0x00000000   Code   RO         5320    .ARM.Collect$$libshutdown$$00000003  c_w.l(libshutdown2.o)
    0x080001f4   0x00000000   Code   RO         5323    .ARM.Collect$$libshutdown$$00000006  c_w.l(libshutdown2.o)
    0x080001f4   0x00000000   Code   RO         5326    .ARM.Collect$$libshutdown$$00000009  c_w.l(libshutdown2.o)
    0x080001f4   0x00000000   Code   RO         5328    .ARM.Collect$$libshutdown$$0000000B  c_w.l(libshutdown2.o)
    0x080001f4   0x00000000   Code   RO         5331    .ARM.Collect$$libshutdown$$0000000E  c_w.l(libshutdown2.o)
    0x080001f4   0x00000002   Code   RO         5332    .ARM.Collect$$libshutdown$$0000000F  c_w.l(libshutdown2.o)
    0x080001f6   0x00000000   Code   RO         5120    .ARM.Collect$$rtentry$$00000000  c_w.l(rtentry.o)
    0x080001f6   0x00000000   Code   RO         5171    .ARM.Collect$$rtentry$$00000002  c_w.l(rtentry2.o)
    0x080001f6   0x00000006   Code   RO         5183    .ARM.Collect$$rtentry$$00000004  c_w.l(rtentry4.o)
    0x080001fc   0x00000000   Code   RO         5173    .ARM.Collect$$rtentry$$00000009  c_w.l(rtentry2.o)
    0x080001fc   0x00000004   Code   RO         5174    .ARM.Collect$$rtentry$$0000000A  c_w.l(rtentry2.o)
    0x08000200   0x00000000   Code   RO         5176    .ARM.Collect$$rtentry$$0000000C  c_w.l(rtentry2.o)
    0x08000200   0x00000008   Code   RO         5177    .ARM.Collect$$rtentry$$0000000D  c_w.l(rtentry2.o)
    0x08000208   0x00000002   Code   RO         5227    .ARM.Collect$$rtexit$$00000000  c_w.l(rtexit.o)
    0x0800020a   0x00000000   Code   RO         5279    .ARM.Collect$$rtexit$$00000002  c_w.l(rtexit2.o)
    0x0800020a   0x00000004   Code   RO         5280    .ARM.Collect$$rtexit$$00000003  c_w.l(rtexit2.o)
    0x0800020e   0x00000006   Code   RO         5281    .ARM.Collect$$rtexit$$00000004  c_w.l(rtexit2.o)
    0x08000214   0x00000040   Code   RO          318    .text               startup_stm32f10x_hd.o
    0x08000254   0x00000002   Code   RO         4982    .text               c_w.l(use_no_semi_2.o)
    0x08000256   0x00000048   Code   RO         4984    .text               c_w.l(llsdiv.o)
    0x0800029e   0x00000002   PAD
    0x080002a0   0x00000018   Code   RO         4988    .text               c_w.l(noretval__2printf.o)
    0x080002b8   0x00000068   Code   RO         4990    .text               c_w.l(__printf.o)
    0x08000320   0x00000074   Code   RO         4992    .text               c_w.l(_printf_dec.o)
    0x08000394   0x00000058   Code   RO         5016    .text               c_w.l(memcmp.o)
    0x080003ec   0x0000008a   Code   RO         5018    .text               c_w.l(rt_memcpy_v6.o)
    0x08000476   0x00000064   Code   RO         5020    .text               c_w.l(rt_memcpy_w.o)
    0x080004da   0x00000010   Code   RO         5022    .text               c_w.l(aeabi_memset.o)
    0x080004ea   0x00000044   Code   RO         5024    .text               c_w.l(rt_memclr.o)
    0x0800052e   0x0000004e   Code   RO         5026    .text               c_w.l(rt_memclr_w.o)
    0x0800057c   0x00000006   Code   RO         5028    .text               c_w.l(heapauxi.o)
    0x08000582   0x00000002   Code   RO         5118    .text               c_w.l(use_no_semi.o)
    0x08000584   0x000000ee   Code   RO         5121    .text               c_w.l(lludivv7m.o)
    0x08000672   0x00000016   Code   RO         5123    .text               c_w.l(_rserrno.o)
    0x08000688   0x000000b2   Code   RO         5125    .text               c_w.l(_printf_intcommon.o)
    0x0800073a   0x00000002   PAD
    0x0800073c   0x00000024   Code   RO         5127    .text               c_w.l(_printf_char_file.o)
    0x08000760   0x00000008   Code   RO         5192    .text               c_w.l(rt_errno_addr_intlibspace.o)
    0x08000768   0x00000030   Code   RO         5194    .text               c_w.l(_printf_char_common.o)
    0x08000798   0x00000008   Code   RO         5196    .text               c_w.l(ferror.o)
    0x080007a0   0x00000008   Code   RO         5206    .text               c_w.l(libspace.o)
    0x080007a8   0x0000004a   Code   RO         5209    .text               c_w.l(sys_stackheap_outer.o)
    0x080007f2   0x0000000c   Code   RO         5215    .text               c_w.l(exit.o)
    0x080007fe   0x00000016   Code   RO          390    i.ADC_Cmd           stm32f10x_adc.o
    0x08000814   0x0000005c   Code   RO          392    i.ADC_DeInit        stm32f10x_adc.o
    0x08000870   0x00000014   Code   RO          398    i.ADC_GetCalibrationStatus  stm32f10x_adc.o
    0x08000884   0x00000008   Code   RO          399    i.ADC_GetConversionValue  stm32f10x_adc.o
    0x0800088c   0x00000012   Code   RO          401    i.ADC_GetFlagStatus  stm32f10x_adc.o
    0x0800089e   0x00000014   Code   RO          404    i.ADC_GetResetCalibrationStatus  stm32f10x_adc.o
    0x080008b2   0x00000002   PAD
    0x080008b4   0x00000050   Code   RO          408    i.ADC_Init          stm32f10x_adc.o
    0x08000904   0x000000b8   Code   RO          412    i.ADC_RegularChannelConfig  stm32f10x_adc.o
    0x080009bc   0x0000000a   Code   RO          413    i.ADC_ResetCalibration  stm32f10x_adc.o
    0x080009c6   0x00000016   Code   RO          415    i.ADC_SoftwareStartConvCmd  stm32f10x_adc.o
    0x080009dc   0x0000000a   Code   RO          417    i.ADC_StartCalibration  stm32f10x_adc.o
    0x080009e6   0x00000002   PAD
    0x080009e8   0x0000008c   Code   RO         3645    i.Adc_Init          adc.o
    0x08000a74   0x0000000c   Code   RO          615    i.BKP_TamperPinCmd  stm32f10x_bkp.o
    0x08000a80   0x00000004   Code   RO          207    i.BusFault_Handler  stm32f10x_it.o
    0x08000a84   0x000001e4   Code   RO         3976    i.CAN1_Mode_Init    can.o
    0x08000c68   0x000000d8   Code   RO         3979    i.CAN1_Rx_Msg       can.o
    0x08000d40   0x00000210   Code   RO         4736    i.DMP_Init          mpu6050.o
    0x08000f50   0x00000002   Code   RO          208    i.DebugMon_Handler  stm32f10x_it.o
    0x08000f52   0x00000002   PAD
    0x08000f54   0x000001f8   Code   RO         4153    i.EXTI15_10_IRQHandler  control.o
    0x0800114c   0x00000094   Code   RO         1151    i.EXTI_Init         stm32f10x_exti.o
    0x080011e0   0x000000d4   Code   RO         3762    i.Encoder_Init_TIM2  encoder.o
    0x080012b4   0x0000009c   Code   RO         3763    i.Encoder_Init_TIM4  encoder.o
    0x08001350   0x00000040   Code   RO         1496    i.GPIO_EXTILineConfig  stm32f10x_gpio.o
    0x08001390   0x00000116   Code   RO         1499    i.GPIO_Init         stm32f10x_gpio.o
    0x080014a6   0x00000002   PAD
    0x080014a8   0x00000090   Code   RO         1501    i.GPIO_PinRemapConfig  stm32f10x_gpio.o
    0x08001538   0x00000034   Code   RO         3647    i.Get_Adc           adc.o
    0x0800156c   0x000004bc   Code   RO         4155    i.Get_RC            control.o
    0x08001a28   0x00000060   Code   RO         3648    i.Get_battery_volt  adc.o
    0x08001a88   0x00000004   Code   RO          209    i.HardFault_Handler  stm32f10x_it.o
    0x08001a8c   0x00000046   Code   RO         3802    i.I2C_ReadOneByte   ioi2c.o
    0x08001ad2   0x00000002   PAD
    0x08001ad4   0x0000004c   Code   RO         3803    i.IIC_Ack           ioi2c.o
    0x08001b20   0x0000002c   Code   RO         3804    i.IIC_Init          ioi2c.o
    0x08001b4c   0x0000004c   Code   RO         3805    i.IIC_NAck          ioi2c.o
    0x08001b98   0x00000070   Code   RO         3806    i.IIC_Read_Byte     ioi2c.o
    0x08001c08   0x00000064   Code   RO         3807    i.IIC_Send_Byte     ioi2c.o
    0x08001c6c   0x00000068   Code   RO         3808    i.IIC_Start         ioi2c.o
    0x08001cd4   0x00000048   Code   RO         3809    i.IIC_Stop          ioi2c.o
    0x08001d1c   0x00000068   Code   RO         3810    i.IIC_Wait_Ack      ioi2c.o
    0x08001d84   0x00000016   Code   RO         3811    i.IICreadByte       ioi2c.o
    0x08001d9a   0x00000040   Code   RO         3813    i.IICwriteBit       ioi2c.o
    0x08001dda   0x0000006a   Code   RO         3814    i.IICwriteBits      ioi2c.o
    0x08001e44   0x00000014   Code   RO         3815    i.IICwriteByte      ioi2c.o
    0x08001e58   0x00000046   Code   RO         3816    i.IICwriteBytes     ioi2c.o
    0x08001e9e   0x00000002   PAD
    0x08001ea0   0x000000ac   Code   RO         4156    i.Incremental_PI_Left  control.o
    0x08001f4c   0x000000ac   Code   RO         4157    i.Incremental_PI_Right  control.o
    0x08001ff8   0x00000030   Code   RO         3426    i.JTAG_Set          sys.o
    0x08002028   0x00000028   Code   RO         3521    i.KEY_Init          key.o
    0x08002050   0x00000058   Code   RO         4158    i.Key               control.o
    0x080020a8   0x00000034   Code   RO         4159    i.Kinematic_Analysis  control.o
    0x080020dc   0x0000002c   Code   RO         3492    i.LED_Init          led.o
    0x08002108   0x00000018   Code   RO         3494    i.Led_Reverse       led.o
    0x08002120   0x00000054   Code   RO         3522    i.Long_Press        key.o
    0x08002174   0x00000028   Code   RO         4738    i.MPU6050_initialize  mpu6050.o
    0x0800219c   0x00000014   Code   RO         4740    i.MPU6050_setClockSource  mpu6050.o
    0x080021b0   0x00000014   Code   RO         4741    i.MPU6050_setFullScaleAccelRange  mpu6050.o
    0x080021c4   0x00000014   Code   RO         4742    i.MPU6050_setFullScaleGyroRange  mpu6050.o
    0x080021d8   0x00000012   Code   RO         4743    i.MPU6050_setI2CBypassEnabled  mpu6050.o
    0x080021ea   0x00000012   Code   RO         4744    i.MPU6050_setI2CMasterModeEnabled  mpu6050.o
    0x080021fc   0x00000012   Code   RO         4745    i.MPU6050_setSleepEnabled  mpu6050.o
    0x0800220e   0x00000002   PAD
    0x08002210   0x00000078   Code   RO         3428    i.MY_NVIC_Init      sys.o
    0x08002288   0x00000028   Code   RO         3429    i.MY_NVIC_PriorityGroupConfig  sys.o
    0x080022b0   0x00000004   Code   RO          210    i.MemManage_Handler  stm32f10x_it.o
    0x080022b4   0x00000070   Code   RO         3914    i.MiniBalance_EXTI_Init  exti.o
    0x08002324   0x000000c8   Code   RO         3740    i.MiniBalance_PWM_Init  motor.o
    0x080023ec   0x00000002   Code   RO          211    i.NMI_Handler       stm32f10x_it.o
    0x080023ee   0x00000002   PAD
    0x080023f0   0x00000070   Code   RO          322    i.NVIC_Init         misc.o
    0x08002460   0x00000030   Code   RO         3562    i.OLED_Clear        oled.o
    0x08002490   0x00000068   Code   RO         3565    i.OLED_DrawPoint    oled.o
    0x080024f8   0x00000134   Code   RO         3566    i.OLED_Init         oled.o
    0x0800262c   0x0000004c   Code   RO         3567    i.OLED_Refresh_Gram  oled.o
    0x08002678   0x000000a8   Code   RO         3568    i.OLED_ShowChar     oled.o
    0x08002720   0x00000044   Code   RO         3570    i.OLED_ShowString   oled.o
    0x08002764   0x00000058   Code   RO         3571    i.OLED_WR_Byte      oled.o
    0x080027bc   0x00000094   Code   RO         4054    i.PS2_Cmd           pstwo.o
    0x08002850   0x0000005c   Code   RO         4056    i.PS2_EnterConfing  pstwo.o
    0x080028ac   0x0000005c   Code   RO         4057    i.PS2_ExitConfing   pstwo.o
    0x08002908   0x00000060   Code   RO         4058    i.PS2_Init          pstwo.o
    0x08002968   0x0000001c   Code   RO         4061    i.PS2_SetInit       pstwo.o
    0x08002984   0x00000044   Code   RO         4062    i.PS2_ShortPoll     pstwo.o
    0x080029c8   0x00000058   Code   RO         4063    i.PS2_TurnOnAnalogMode  pstwo.o
    0x08002a20   0x0000000c   Code   RO         1853    i.PWR_BackupAccessCmd  stm32f10x_pwr.o
    0x08002a2c   0x00000002   Code   RO          212    i.PendSV_Handler    stm32f10x_it.o
    0x08002a2e   0x00000002   PAD
    0x08002a30   0x00000018   Code   RO         1913    i.RCC_ADCCLKConfig  stm32f10x_rcc.o
    0x08002a48   0x00000020   Code   RO         1915    i.RCC_APB1PeriphClockCmd  stm32f10x_rcc.o
    0x08002a68   0x00000020   Code   RO         1917    i.RCC_APB2PeriphClockCmd  stm32f10x_rcc.o
    0x08002a88   0x00000020   Code   RO         1918    i.RCC_APB2PeriphResetCmd  stm32f10x_rcc.o
    0x08002aa8   0x000000d4   Code   RO         1925    i.RCC_GetClocksFreq  stm32f10x_rcc.o
    0x08002b7c   0x00000034   Code   RO         1933    i.RCC_LSEConfig     stm32f10x_rcc.o
    0x08002bb0   0x0000025c   Code   RO         4747    i.Read_DMP          mpu6050.o
    0x08002e0c   0x00000038   Code   RO         3764    i.Read_Encoder      encoder.o
    0x08002e44   0x00000002   Code   RO          213    i.SVC_Handler       stm32f10x_it.o
    0x08002e46   0x00000002   PAD
    0x08002e48   0x00000098   Code   RO         3741    i.Servo_PWM_Init    motor.o
    0x08002ee0   0x00000008   Code   RO          270    i.SetSysClock       system_stm32f10x.o
    0x08002ee8   0x000000e0   Code   RO          271    i.SetSysClockTo72   system_stm32f10x.o
    0x08002fc8   0x00000068   Code   RO         4160    i.Set_Pwm           control.o
    0x08003030   0x00000028   Code   RO          326    i.SysTick_CLKSourceConfig  misc.o
    0x08003058   0x00000002   Code   RO          214    i.SysTick_Handler   stm32f10x_it.o
    0x0800305a   0x00000002   PAD
    0x0800305c   0x00000060   Code   RO          273    i.SystemInit        system_stm32f10x.o
    0x080030bc   0x00000080   Code   RO         2533    i.TI1_Config        stm32f10x_tim.o
    0x0800313c   0x00000098   Code   RO         2534    i.TI2_Config        stm32f10x_tim.o
    0x080031d4   0x00000090   Code   RO         2535    i.TI3_Config        stm32f10x_tim.o
    0x08003264   0x00000098   Code   RO         2536    i.TI4_Config        stm32f10x_tim.o
    0x080032fc   0x00000018   Code   RO         3765    i.TIM2_IRQHandler   encoder.o
    0x08003314   0x000002cc   Code   RO         3699    i.TIM3_IRQHandler   timer.o
    0x080035e0   0x00000018   Code   RO         3766    i.TIM4_IRQHandler   encoder.o
    0x080035f8   0x000002d8   Code   RO         3701    i.TIM5_IRQHandler   timer.o
    0x080038d0   0x00000018   Code   RO         2537    i.TIM_ARRPreloadConfig  stm32f10x_tim.o
    0x080038e8   0x00000006   Code   RO         2543    i.TIM_ClearFlag     stm32f10x_tim.o
    0x080038ee   0x00000006   Code   RO         2544    i.TIM_ClearITPendingBit  stm32f10x_tim.o
    0x080038f4   0x00000018   Code   RO         2549    i.TIM_Cmd           stm32f10x_tim.o
    0x0800390c   0x0000001e   Code   RO         2551    i.TIM_CtrlPWMOutputs  stm32f10x_tim.o
    0x0800392a   0x00000042   Code   RO         2558    i.TIM_EncoderInterfaceConfig  stm32f10x_tim.o
    0x0800396c   0x00000006   Code   RO         2564    i.TIM_GetCapture1   stm32f10x_tim.o
    0x08003972   0x00000006   Code   RO         2565    i.TIM_GetCapture2   stm32f10x_tim.o
    0x08003978   0x00000006   Code   RO         2566    i.TIM_GetCapture3   stm32f10x_tim.o
    0x0800397e   0x00000008   Code   RO         2567    i.TIM_GetCapture4   stm32f10x_tim.o
    0x08003986   0x00000022   Code   RO         2570    i.TIM_GetITStatus   stm32f10x_tim.o
    0x080039a8   0x000000ac   Code   RO         2572    i.TIM_ICInit        stm32f10x_tim.o
    0x08003a54   0x00000012   Code   RO         2573    i.TIM_ICStructInit  stm32f10x_tim.o
    0x08003a66   0x00000012   Code   RO         2574    i.TIM_ITConfig      stm32f10x_tim.o
    0x08003a78   0x00000098   Code   RO         2578    i.TIM_OC1Init       stm32f10x_tim.o
    0x08003b10   0x00000012   Code   RO         2580    i.TIM_OC1PolarityConfig  stm32f10x_tim.o
    0x08003b22   0x00000012   Code   RO         2581    i.TIM_OC1PreloadConfig  stm32f10x_tim.o
    0x08003b34   0x000000a4   Code   RO         2583    i.TIM_OC2Init       stm32f10x_tim.o
    0x08003bd8   0x0000001a   Code   RO         2585    i.TIM_OC2PolarityConfig  stm32f10x_tim.o
    0x08003bf2   0x0000001a   Code   RO         2586    i.TIM_OC2PreloadConfig  stm32f10x_tim.o
    0x08003c0c   0x000000a0   Code   RO         2588    i.TIM_OC3Init       stm32f10x_tim.o
    0x08003cac   0x0000001a   Code   RO         2590    i.TIM_OC3PolarityConfig  stm32f10x_tim.o
    0x08003cc6   0x00000012   Code   RO         2591    i.TIM_OC3PreloadConfig  stm32f10x_tim.o
    0x08003cd8   0x0000007c   Code   RO         2593    i.TIM_OC4Init       stm32f10x_tim.o
    0x08003d54   0x0000001a   Code   RO         2594    i.TIM_OC4PolarityConfig  stm32f10x_tim.o
    0x08003d6e   0x0000001a   Code   RO         2595    i.TIM_OC4PreloadConfig  stm32f10x_tim.o
    0x08003d88   0x00000004   Code   RO         2614    i.TIM_SetCounter    stm32f10x_tim.o
    0x08003d8c   0x00000012   Code   RO         2615    i.TIM_SetIC1Prescaler  stm32f10x_tim.o
    0x08003d9e   0x0000001a   Code   RO         2616    i.TIM_SetIC2Prescaler  stm32f10x_tim.o
    0x08003db8   0x00000012   Code   RO         2617    i.TIM_SetIC3Prescaler  stm32f10x_tim.o
    0x08003dca   0x0000001a   Code   RO         2618    i.TIM_SetIC4Prescaler  stm32f10x_tim.o
    0x08003de4   0x000000a4   Code   RO         2620    i.TIM_TimeBaseInit  stm32f10x_tim.o
    0x08003e88   0x00000012   Code   RO         2621    i.TIM_TimeBaseStructInit  stm32f10x_tim.o
    0x08003e9a   0x00000002   PAD
    0x08003e9c   0x00000038   Code   RO         4161    i.Turn_Off          control.o
    0x08003ed4   0x00000050   Code   RO         3933    i.UART5_IRQHandler  usartx.o
    0x08003f24   0x0000012c   Code   RO         3934    i.UART_TX           usartx.o
    0x08004050   0x000000b0   Code   RO         3365    i.USART1_IRQHandler  usart.o
    0x08004100   0x000001b4   Code   RO         3366    i.USART3_IRQHandler  usart.o
    0x080042b4   0x00000018   Code   RO         3085    i.USART_Cmd         stm32f10x_usart.o
    0x080042cc   0x00000054   Code   RO         3089    i.USART_GetITStatus  stm32f10x_usart.o
    0x08004320   0x0000004a   Code   RO         3091    i.USART_ITConfig    stm32f10x_usart.o
    0x0800436a   0x00000002   PAD
    0x0800436c   0x000000d8   Code   RO         3092    i.USART_Init        stm32f10x_usart.o
    0x08004444   0x0000000a   Code   RO         3099    i.USART_ReceiveData  stm32f10x_usart.o
    0x0800444e   0x00000002   PAD
    0x08004450   0x00000078   Code   RO         3986    i.USB_LP_CAN1_RX0_IRQHandler  can.o
    0x080044c8   0x00000004   Code   RO          215    i.UsageFault_Handler  stm32f10x_it.o
    0x080044cc   0x00000044   Code   RO         4162    i.Xianfu_Pwm        control.o
    0x08004510   0x00000028   Code   RO         5157    i.__ARM_fpclassify  m_ws.l(fpclassify.o)
    0x08004538   0x000000aa   Code   RO         5159    i.__kernel_poly     m_ws.l(poly.o)
    0x080045e2   0x00000002   PAD
    0x080045e4   0x00000010   Code   RO         5155    i.__mathlib_dbl_underflow  m_ws.l(dunder.o)
    0x080045f4   0x00000004   Code   RO         3367    i._sys_exit         usart.o
    0x080045f8   0x000000ac   Code   RO         4241    i.accel_self_test   inv_mpu.o
    0x080046a4   0x0000027c   Code   RO         5091    i.asin              m_ws.l(asin.o)
    0x08004920   0x00000224   Code   RO         5146    i.atan              m_ws.l(atan.o)
    0x08004b44   0x00000180   Code   RO         5101    i.atan2             m_ws.l(atan2.o)
    0x08004cc4   0x0000002c   Code   RO         3650    i.ccd_Init          adc.o
    0x08004cf0   0x000000d0   Code   RO         3524    i.click_N_Double    key.o
    0x08004dc0   0x00000064   Code   RO         4531    i.decode_gesture    inv_mpu_dmp_motion_driver.o
    0x08004e24   0x00000044   Code   RO         3315    i.delay_init        delay.o
    0x08004e68   0x0000004c   Code   RO         3316    i.delay_ms          delay.o
    0x08004eb4   0x0000004c   Code   RO         3317    i.delay_us          delay.o
    0x08004f00   0x0000003c   Code   RO         4532    i.dmp_enable_6x_lp_quat  inv_mpu_dmp_motion_driver.o
    0x08004f3c   0x0000021c   Code   RO         4533    i.dmp_enable_feature  inv_mpu_dmp_motion_driver.o
    0x08005158   0x00000058   Code   RO         4534    i.dmp_enable_gyro_cal  inv_mpu_dmp_motion_driver.o
    0x080051b0   0x0000003c   Code   RO         4535    i.dmp_enable_lp_quat  inv_mpu_dmp_motion_driver.o
    0x080051ec   0x00000018   Code   RO         4540    i.dmp_load_motion_driver_firmware  inv_mpu_dmp_motion_driver.o
    0x08005204   0x000001cc   Code   RO         4541    i.dmp_read_fifo     inv_mpu_dmp_motion_driver.o
    0x080053d0   0x00000130   Code   RO         4544    i.dmp_set_accel_bias  inv_mpu_dmp_motion_driver.o
    0x08005500   0x00000070   Code   RO         4545    i.dmp_set_fifo_rate  inv_mpu_dmp_motion_driver.o
    0x08005570   0x00000130   Code   RO         4546    i.dmp_set_gyro_bias  inv_mpu_dmp_motion_driver.o
    0x080056a0   0x00000138   Code   RO         4548    i.dmp_set_orientation  inv_mpu_dmp_motion_driver.o
    0x080057d8   0x00000038   Code   RO         4551    i.dmp_set_shake_reject_thresh  inv_mpu_dmp_motion_driver.o
    0x08005810   0x00000026   Code   RO         4552    i.dmp_set_shake_reject_time  inv_mpu_dmp_motion_driver.o
    0x08005836   0x00000026   Code   RO         4553    i.dmp_set_shake_reject_timeout  inv_mpu_dmp_motion_driver.o
    0x0800585c   0x00000046   Code   RO         4554    i.dmp_set_tap_axes  inv_mpu_dmp_motion_driver.o
    0x080058a2   0x00000026   Code   RO         4555    i.dmp_set_tap_count  inv_mpu_dmp_motion_driver.o
    0x080058c8   0x000001a0   Code   RO         4556    i.dmp_set_tap_thresh  inv_mpu_dmp_motion_driver.o
    0x08005a68   0x00000026   Code   RO         4557    i.dmp_set_tap_time  inv_mpu_dmp_motion_driver.o
    0x08005a8e   0x00000026   Code   RO         4558    i.dmp_set_tap_time_multi  inv_mpu_dmp_motion_driver.o
    0x08005ab4   0x0000008c   Code   RO         3651    i.ele_Init          adc.o
    0x08005b40   0x0000001c   Code   RO         3368    i.fputc             usart.o
    0x08005b5c   0x000000b4   Code   RO         4242    i.get_accel_prod_shift  inv_mpu.o
    0x08005c10   0x00000470   Code   RO         4243    i.get_st_biases     inv_mpu.o
    0x08006080   0x00000118   Code   RO         4244    i.gyro_self_test    inv_mpu.o
    0x08006198   0x00000076   Code   RO         3817    i.i2cRead           ioi2c.o
    0x0800620e   0x00000060   Code   RO         3818    i.i2cWrite          ioi2c.o
    0x0800626e   0x00000028   Code   RO         4749    i.inv_orientation_matrix_to_scalar  mpu6050.o
    0x08006296   0x0000004e   Code   RO         4750    i.inv_row_2_scale   mpu6050.o
    0x080062e4   0x000000c8   Code   RO            1    i.main              main.o
    0x080063ac   0x00000058   Code   RO         4935    i.make_table        zhp_frame.o
    0x08006404   0x00000070   Code   RO         4245    i.mpu_configure_fifo  inv_mpu.o
    0x08006474   0x0000004c   Code   RO         4246    i.mpu_get_accel_fsr  inv_mpu.o
    0x080064c0   0x00000054   Code   RO         4248    i.mpu_get_accel_sens  inv_mpu.o
    0x08006514   0x00000010   Code   RO         4253    i.mpu_get_fifo_config  inv_mpu.o
    0x08006524   0x00000044   Code   RO         4254    i.mpu_get_gyro_fsr  inv_mpu.o
    0x08006568   0x00000050   Code   RO         4256    i.mpu_get_gyro_sens  inv_mpu.o
    0x080065b8   0x00000050   Code   RO         4258    i.mpu_get_lpf       inv_mpu.o
    0x08006608   0x00000020   Code   RO         4260    i.mpu_get_sample_rate  inv_mpu.o
    0x08006628   0x000001f0   Code   RO         4262    i.mpu_init          inv_mpu.o
    0x08006818   0x000000b8   Code   RO         4263    i.mpu_load_firmware  inv_mpu.o
    0x080068d0   0x000000e0   Code   RO         4264    i.mpu_lp_accel_mode  inv_mpu.o
    0x080069b0   0x000000c0   Code   RO         4267    i.mpu_read_fifo_stream  inv_mpu.o
    0x08006a70   0x00000080   Code   RO         4268    i.mpu_read_mem      inv_mpu.o
    0x08006af0   0x000001bc   Code   RO         4271    i.mpu_reset_fifo    inv_mpu.o
    0x08006cac   0x0000011c   Code   RO         4272    i.mpu_run_self_test  inv_mpu.o
    0x08006dc8   0x00000084   Code   RO         4274    i.mpu_set_accel_fsr  inv_mpu.o
    0x08006e4c   0x0000014c   Code   RO         4275    i.mpu_set_bypass    inv_mpu.o
    0x08006f98   0x00000090   Code   RO         4277    i.mpu_set_dmp_state  inv_mpu.o
    0x08007028   0x00000088   Code   RO         4278    i.mpu_set_gyro_fsr  inv_mpu.o
    0x080070b0   0x0000006c   Code   RO         4279    i.mpu_set_int_latched  inv_mpu.o
    0x0800711c   0x00000084   Code   RO         4281    i.mpu_set_lpf       inv_mpu.o
    0x080071a0   0x0000009c   Code   RO         4282    i.mpu_set_sample_rate  inv_mpu.o
    0x0800723c   0x000000d0   Code   RO         4283    i.mpu_set_sensors   inv_mpu.o
    0x0800730c   0x00000080   Code   RO         4284    i.mpu_write_mem     inv_mpu.o
    0x0800738c   0x00000002   Code   RO         4285    i.myget_ms          inv_mpu.o
    0x0800738e   0x00000002   PAD
    0x08007390   0x000000ec   Code   RO         4860    i.oled_show_once    show.o
    0x0800747c   0x000009e0   Code   RO         5109    i.pow               m_ws.l(pow.o)
    0x08007e5c   0x00000160   Code   RO         4936    i.receiver_decoder_frame  zhp_frame.o
    0x08007fbc   0x000000bc   Code   RO         4751    i.run_self_test     mpu6050.o
    0x08008078   0x000000f8   Code   RO         3525    i.select            key.o
    0x08008170   0x00000158   Code   RO         4937    i.sender_encoder_frame  zhp_frame.o
    0x080082c8   0x00000090   Code   RO         4286    i.set_int_enable    inv_mpu.o
    0x08008358   0x0000004c   Code   RO         5163    i.sqrt              m_ws.l(sqrt.o)
    0x080083a4   0x000000b8   Code   RO         3935    i.uart5_init        usartx.o
    0x0800845c   0x00000030   Code   RO         3937    i.uart5_send_str    usartx.o
    0x0800848c   0x000000a0   Code   RO         3369    i.usart1_init       usart.o
    0x0800852c   0x000000bc   Code   RO         3370    i.usart3_init       usart.o
    0x080085e8   0x0000003c   Code   RO         4938    i.zhp_crc32         zhp_frame.o
    0x08008624   0x00000062   Code   RO         5032    x$fpl$d2f           fz_ws.l(d2f.o)
    0x08008686   0x00000002   PAD
    0x08008688   0x00000150   Code   RO         5034    x$fpl$dadd          fz_ws.l(daddsub_clz.o)
    0x080087d8   0x00000010   Code   RO         5200    x$fpl$dcheck1       fz_ws.l(dcheck1.o)
    0x080087e8   0x00000018   Code   RO         5223    x$fpl$dcmpinf       fz_ws.l(dcmpi.o)
    0x08008800   0x000002b0   Code   RO         5041    x$fpl$ddiv          fz_ws.l(ddiv.o)
    0x08008ab0   0x0000005e   Code   RO         5044    x$fpl$dfix          fz_ws.l(dfix.o)
    0x08008b0e   0x0000002e   Code   RO         5049    x$fpl$dflt          fz_ws.l(dflt_clz.o)
    0x08008b3c   0x00000026   Code   RO         5048    x$fpl$dfltu         fz_ws.l(dflt_clz.o)
    0x08008b62   0x00000002   PAD
    0x08008b64   0x00000078   Code   RO         5202    x$fpl$dleqf         fz_ws.l(dleqf.o)
    0x08008bdc   0x00000154   Code   RO         5054    x$fpl$dmul          fz_ws.l(dmul.o)
    0x08008d30   0x0000009c   Code   RO         5130    x$fpl$dnaninf       fz_ws.l(dnaninf.o)
    0x08008dcc   0x0000000c   Code   RO         5132    x$fpl$dretinf       fz_ws.l(dretinf.o)
    0x08008dd8   0x0000006c   Code   RO         5134    x$fpl$drleqf        fz_ws.l(drleqf.o)
    0x08008e44   0x00000016   Code   RO         5035    x$fpl$drsb          fz_ws.l(daddsub_clz.o)
    0x08008e5a   0x00000002   PAD
    0x08008e5c   0x000001cc   Code   RO         5204    x$fpl$dsqrt         fz_ws.l(dsqrt_noumaal.o)
    0x08009028   0x000001d4   Code   RO         5036    x$fpl$dsub          fz_ws.l(daddsub_clz.o)
    0x080091fc   0x00000056   Code   RO         5056    x$fpl$f2d           fz_ws.l(f2d.o)
    0x08009252   0x00000002   PAD
    0x08009254   0x000000c4   Code   RO         5058    x$fpl$fadd          fz_ws.l(faddsub_clz.o)
    0x08009318   0x00000018   Code   RO         5136    x$fpl$fcmpinf       fz_ws.l(fcmpi.o)
    0x08009330   0x00000184   Code   RO         5065    x$fpl$fdiv          fz_ws.l(fdiv.o)
    0x080094b4   0x00000068   Code   RO         5068    x$fpl$feqf          fz_ws.l(feqf.o)
    0x0800951c   0x00000036   Code   RO         5070    x$fpl$ffix          fz_ws.l(ffix.o)
    0x08009552   0x00000002   PAD
    0x08009554   0x0000003e   Code   RO         5074    x$fpl$ffixu         fz_ws.l(ffixu.o)
    0x08009592   0x00000002   PAD
    0x08009594   0x00000030   Code   RO         5079    x$fpl$fflt          fz_ws.l(fflt_clz.o)
    0x080095c4   0x00000026   Code   RO         5078    x$fpl$ffltu         fz_ws.l(fflt_clz.o)
    0x080095ea   0x00000002   PAD
    0x080095ec   0x00000068   Code   RO         5084    x$fpl$fleqf         fz_ws.l(fleqf.o)
    0x08009654   0x00000102   Code   RO         5086    x$fpl$fmul          fz_ws.l(fmul.o)
    0x08009756   0x0000008c   Code   RO         5138    x$fpl$fnaninf       fz_ws.l(fnaninf.o)
    0x080097e2   0x0000000a   Code   RO         5140    x$fpl$fretinf       fz_ws.l(fretinf.o)
    0x080097ec   0x00000062   Code   RO         5088    x$fpl$frleqf        fz_ws.l(frleqf.o)
    0x0800984e   0x00000002   PAD
    0x08009850   0x000000ea   Code   RO         5060    x$fpl$fsub          fz_ws.l(faddsub_clz.o)
    0x0800993a   0x00000064   Code   RO         5225    x$fpl$retnan        fz_ws.l(retnan.o)
    0x0800999e   0x0000005c   Code   RO         5142    x$fpl$scalbn        fz_ws.l(scalbn.o)
    0x080099fa   0x00000030   Code   RO         5276    x$fpl$trapveneer    fz_ws.l(trapv.o)
    0x08009a2a   0x00000000   Code   RO         5144    x$fpl$usenofp       fz_ws.l(usenofp.o)
    0x08009a2a   0x00000a64   Data   RO         3574    .constdata          oled.o
    0x0800a48e   0x00000002   PAD
    0x0800a490   0x00000050   Data   RO         4287    .constdata          inv_mpu.o
    0x0800a4e0   0x00000bf6   Data   RO         4560    .constdata          inv_mpu_dmp_motion_driver.o
    0x0800b0d6   0x00000002   PAD
    0x0800b0d8   0x00000050   Data   RO         5092    .constdata          m_ws.l(asin.o)
    0x0800b128   0x00000088   Data   RO         5110    .constdata          m_ws.l(pow.o)
    0x0800b1b0   0x00000098   Data   RO         5147    .constdata          m_ws.l(atan.o)
    0x0800b248   0x00000008   Data   RO         5161    .constdata          m_ws.l(qnan.o)
    0x0800b250   0x0000004e   Data   RO         4288    .conststring        inv_mpu.o
    0x0800b29e   0x00000002   PAD
    0x0800b2a0   0x00000020   Data   RO         5350    Region$$Table       anon$$obj.o


    Execution Region RW_IRAM1 (Base: 0x20000000, Size: 0x00001348, Max: 0x0000c000, ABSOLUTE, COMPRESSED[0x00000048])

    Base Addr    Size         Type   Attr      Idx    E Section Name        Object

    0x20000000   0x000000c0   Data   RW            3    .data               main.o
    0x200000c0   0x00000014   Data   RW          274    .data               system_stm32f10x.o
    0x200000d4   0x00000014   Data   RW         1945    .data               stm32f10x_rcc.o
    0x200000e8   0x00000004   Data   RW         3318    .data               delay.o
    0x200000ec   0x00000010   Data   RW         3373    .data               usart.o
    0x200000fc   0x00000018   Data   RW         3526    .data               key.o
    0x20000114   0x00000048   Data   RW         3702    .data               timer.o
    0x2000015c   0x0000004a   Data   RW         4165    .data               control.o
    0x200001a6   0x00000002   PAD
    0x200001a8   0x0000002c   Data   RW         4289    .data               inv_mpu.o
    0x200001d4   0x00000030   Data   RW         4753    .data               mpu6050.o
    0x20000204   0x00000014   Data   RW         4940    .data               zhp_frame.o
    0x20000218   0x00000032   Zero   RW         3372    .bss                usart.o
    0x2000024a   0x00000400   Zero   RW         3573    .bss                oled.o
    0x2000064a   0x00000009   Zero   RW         4066    .bss                pstwo.o
    0x20000653   0x0000002c   Zero   RW         4164    .bss                control.o
    0x2000067f   0x00000001   PAD
    0x20000680   0x00000010   Zero   RW         4559    .bss                inv_mpu_dmp_motion_driver.o
    0x20000690   0x00000654   Zero   RW         4939    .bss                zhp_frame.o
    0x20000ce4   0x00000060   Zero   RW         5207    .bss                c_w.l(libspace.o)
    0x20000d44   0x00000004   PAD
    0x20000d48   0x00000200   Zero   RW          316    HEAP                startup_stm32f10x_hd.o
    0x20000f48   0x00000400   Zero   RW          315    STACK               startup_stm32f10x_hd.o


==============================================================================

Image component sizes


      Code (inc. data)   RO Data    RW Data    ZI Data      Debug   Object Name

       472         46          0          0          0       2990   adc.o
       820         36          0          0          0       3156   can.o
      2428        316          0         74         44       9279   control.o
         0          0          0          0          0         32   core_cm3.o
       220         26          0          4          0       1779   delay.o
       472         30          0          0          0       3083   encoder.o
       112          6          0          0          0        664   exti.o
      5890        282        158         44          0      31565   inv_mpu.o
      3096        122       3062          0         16      20562   inv_mpu_dmp_motion_driver.o
      1254         92          0          0          0      10987   ioi2c.o
       580         76          0         24          0       3250   key.o
        68         14          0          0          0       1001   led.o
       200          6          0        192          0     254352   main.o
       152         12          0          0          0     217834   misc.o
       352         16          0          0          0       1600   motor.o
      1592        416          0         48          0      23897   mpu6050.o
       860         44       2660          0       1024       6105   oled.o
       612         64          0          0          9       4808   pstwo.o
       236        108          0          0          0        561   show.o
        64         26        304          0       1536        824   startup_stm32f10x_hd.o
       486         24          0          0          0       8886   stm32f10x_adc.o
        12          6          0          0          0        527   stm32f10x_bkp.o
       148          6          0          0          0       1140   stm32f10x_exti.o
       486         10          0          0          0       3600   stm32f10x_gpio.o
        26          0          0          0          0       3894   stm32f10x_it.o
        12          6          0          0          0        530   stm32f10x_pwr.o
       384         50          0         20          0       6362   stm32f10x_rcc.o
      2058        200          0          0          0      23957   stm32f10x_tim.o
       408          6          0          0          0       5194   stm32f10x_usart.o
       208         22          0          0          0       1748   sys.o
       328         28          0         20          0       2321   system_stm32f10x.o
      1444        140          0         72          0       3314   timer.o
       992        122          0         16         50       5973   usart.o
       612         86          0          0          0       3219   usartx.o
       844         40          0         20       1620       5518   zhp_frame.o

    ----------------------------------------------------------------------
     27958       2484       6222        536       4300     674512   Object Totals
         0          0         32          0          0          0   (incl. Generated)
        30          0          6          2          1          0   (incl. Padding)

    ----------------------------------------------------------------------

      Code (inc. data)   RO Data    RW Data    ZI Data      Debug   Library Member Name

        90          0          0          0          0          0   __dczerorl2.o
         8          0          0          0          0         68   __main.o
       104          0          0          0          0         84   __printf.o
        52          8          0          0          0          0   __scatter.o
        28          0          0          0          0          0   __scatter_zi.o
        48          6          0          0          0         96   _printf_char_common.o
        36          4          0          0          0         80   _printf_char_file.o
         6          0          0          0          0          0   _printf_d.o
       116         16          0          0          0         92   _printf_dec.o
       178          0          0          0          0         88   _printf_intcommon.o
         0          0          0          0          0          0   _printf_percent.o
         4          0          0          0          0          0   _printf_percent_end.o
        22          0          0          0          0        100   _rserrno.o
        16          0          0          0          0         68   aeabi_memset.o
        12          0          0          0          0         72   exit.o
         8          0          0          0          0         68   ferror.o
         6          0          0          0          0        152   heapauxi.o
         2          0          0          0          0          0   libinit.o
         2          0          0          0          0          0   libinit2.o
         2          0          0          0          0          0   libshutdown.o
         2          0          0          0          0          0   libshutdown2.o
         8          4          0          0         96         68   libspace.o
        72          0          0          0          0         76   llsdiv.o
       238          0          0          0          0        100   lludivv7m.o
        88          0          0          0          0         76   memcmp.o
        24          4          0          0          0         84   noretval__2printf.o
         8          4          0          0          0         68   rt_errno_addr_intlibspace.o
        68          0          0          0          0         68   rt_memclr.o
        78          0          0          0          0         80   rt_memclr_w.o
       138          0          0          0          0         68   rt_memcpy_v6.o
       100          0          0          0          0         80   rt_memcpy_w.o
         0          0          0          0          0          0   rtentry.o
        12          0          0          0          0          0   rtentry2.o
         6          0          0          0          0          0   rtentry4.o
         2          0          0          0          0          0   rtexit.o
        10          0          0          0          0          0   rtexit2.o
        74          0          0          0          0         80   sys_stackheap_outer.o
         2          0          0          0          0         68   use_no_semi.o
         2          0          0          0          0         68   use_no_semi_2.o
        98          4          0          0          0         92   d2f.o
       826         16          0          0          0        348   daddsub_clz.o
        16          4          0          0          0         68   dcheck1.o
        24          0          0          0          0         68   dcmpi.o
       688        140          0          0          0        208   ddiv.o
        94          4          0          0          0         92   dfix.o
        84          0          0          0          0        136   dflt_clz.o
       120          4          0          0          0         92   dleqf.o
       340         12          0          0          0        104   dmul.o
       156          4          0          0          0         92   dnaninf.o
        12          0          0          0          0         68   dretinf.o
       108          0          0          0          0         80   drleqf.o
       460         56          0          0          0        120   dsqrt_noumaal.o
        86          4          0          0          0         84   f2d.o
       430          8          0          0          0        168   faddsub_clz.o
        24          0          0          0          0         68   fcmpi.o
       388         76          0          0          0         96   fdiv.o
       104          4          0          0          0         84   feqf.o
        54          4          0          0          0         84   ffix.o
        62          4          0          0          0         84   ffixu.o
        86          0          0          0          0        136   fflt_clz.o
       104          4          0          0          0         84   fleqf.o
       258          4          0          0          0         84   fmul.o
       140          4          0          0          0         84   fnaninf.o
        10          0          0          0          0         68   fretinf.o
        98          0          0          0          0         68   frleqf.o
       100          0          0          0          0         68   retnan.o
        92          0          0          0          0         68   scalbn.o
        48          0          0          0          0         68   trapv.o
         0          0          0          0          0          0   usenofp.o
       636         52         80          0          0        168   asin.o
       548         70        152          0          0        124   atan.o
       384         38          0          0          0        144   atan2.o
        16          6          0          0          0         68   dunder.o
        40          0          0          0          0         68   fpclassify.o
       170          0          0          0          0         96   poly.o
      2528        190        136          0          0        332   pow.o
         0          0          8          0          0          0   qnan.o
        76          0          0          0          0         84   sqrt.o

    ----------------------------------------------------------------------
     11204        758        376          0        100       6000   Library Totals
        24          0          0          0          4          0   (incl. Padding)

    ----------------------------------------------------------------------

      Code (inc. data)   RO Data    RW Data    ZI Data      Debug   Library Name

      1672         46          0          0         96       1952   c_w.l
      5110        356          0          0          0       2964   fz_ws.l
      4398        356        376          0          0       1084   m_ws.l

    ----------------------------------------------------------------------
     11204        758        376          0        100       6000   Library Totals

    ----------------------------------------------------------------------

==============================================================================


      Code (inc. data)   RO Data    RW Data    ZI Data      Debug   

     39162       3242       6598        536       4400     665844   Grand Totals
     39162       3242       6598         72       4400     665844   ELF Image Totals (compressed)
     39162       3242       6598         72          0          0   ROM Totals

==============================================================================

    Total RO  Size (Code + RO Data)                45760 (  44.69kB)
    Total RW  Size (RW Data + ZI Data)              4936 (   4.82kB)
    Total ROM Size (Code + RO Data + RW Data)      45832 (  44.76kB)

==============================================================================

