Product: MDK-ARM Professional 5.10
Component: ARM Compiler 5.04 update 1 (build 49)
Tool: armlink [5040049]

==============================================================================

Section Cross References

    zhp_app.o(i.zhp_app_init) refers to system_stm32f10x.o(i.SystemInit) for SystemInit
    zhp_app.o(i.zhp_app_init) refers to misc.o(i.NVIC_PriorityGroupConfig) for NVIC_PriorityGroupConfig
    zhp_app.o(i.zhp_app_init) refers to delay.o(i.delay_init) for delay_init
    zhp_app.o(i.zhp_app_init) refers to delay.o(i.delay_ms) for delay_ms
    zhp_app.o(i.zhp_app_init) refers to motors.o(i.MOTORS_Init) for MOTORS_Init
    zhp_app.o(i.zhp_app_init) refers to wdg.o(i.IWDG_Init) for IWDG_Init
    zhp_app.o(i.zhp_app_init) refers to zhp_odom.o(i.phase_detector_pin_init) for phase_detector_pin_init
    zhp_app.o(i.zhp_app_init) refers to zhp_odom.o(i.zhp_ext_int_init) for zhp_ext_int_init
    zhp_app.o(i.zhp_app_init) refers to zhp_control_app.o(i.zhp_control_init) for zhp_control_init
    zhp_app.o(i.zhp_app_init) refers to usart.o(i.uart_init) for uart_init
    zhp_app.o(i.zhp_app_init) refers to __2printf.o(.text) for __2printf
    zhp_app.o(i.zhp_app_init) refers to zhp_control_app.o(.data) for pwm_resolution
    zhp_app.o(i.zhp_app_init) refers to zhp_control_app.o(.bss) for auto_ctrl_val
    zhp_app.o(i.zhp_get_imu_data) refers to imu.o(i.IMU_DataGetAndFilter) for IMU_DataGetAndFilter
    zhp_app.o(i.zhp_get_imu_data) refers to ms5611.o(i.Get_Pressure_Diff) for Get_Pressure_Diff
    zhp_app.o(i.zhp_get_imu_data) refers to f2d.o(x$fpl$f2d) for __aeabi_f2d
    zhp_app.o(i.zhp_get_imu_data) refers to dmul.o(x$fpl$dmul) for __aeabi_dmul
    zhp_app.o(i.zhp_get_imu_data) refers to d2f.o(x$fpl$d2f) for __aeabi_d2f
    zhp_app.o(i.zhp_get_imu_data) refers to imu.o(i.IMUupdate) for IMUupdate
    zhp_app.o(i.zhp_get_imu_data) refers to faddsub_clz.o(x$fpl$fadd) for __aeabi_fadd
    zhp_app.o(i.zhp_get_imu_data) refers to daddsub_clz.o(x$fpl$dsub) for __aeabi_dsub
    zhp_app.o(i.zhp_get_imu_data) refers to daddsub_clz.o(x$fpl$dadd) for __aeabi_dadd
    zhp_app.o(i.zhp_get_imu_data) refers to imu.o(.bss) for imu
    zhp_control_app.o(i.auto_ctrl_val_update) refers to _scanf_int.o(.text) for _scanf_int
    zhp_control_app.o(i.auto_ctrl_val_update) refers to scanf1.o(x$fpl$scanf1) for _scanf_real
    zhp_control_app.o(i.auto_ctrl_val_update) refers to fdiv.o(x$fpl$fdiv) for __aeabi_fdiv
    zhp_control_app.o(i.auto_ctrl_val_update) refers to fflt_clz.o(x$fpl$fflt) for __aeabi_i2f
    zhp_control_app.o(i.auto_ctrl_val_update) refers to fmul.o(x$fpl$fmul) for __aeabi_fmul
    zhp_control_app.o(i.auto_ctrl_val_update) refers to faddsub_clz.o(x$fpl$fadd) for __aeabi_fadd
    zhp_control_app.o(i.auto_ctrl_val_update) refers to f2d.o(x$fpl$f2d) for __aeabi_f2d
    zhp_control_app.o(i.auto_ctrl_val_update) refers to ddiv.o(x$fpl$ddiv) for __aeabi_ddiv
    zhp_control_app.o(i.auto_ctrl_val_update) refers to d2f.o(x$fpl$d2f) for __aeabi_d2f
    zhp_control_app.o(i.auto_ctrl_val_update) refers to faddsub_clz.o(x$fpl$fsub) for __aeabi_fsub
    zhp_control_app.o(i.auto_ctrl_val_update) refers to __0sscanf.o(.text) for __0sscanf
    zhp_control_app.o(i.auto_ctrl_val_update) refers to feqf.o(x$fpl$feqf) for __aeabi_cfcmpeq
    zhp_control_app.o(i.auto_ctrl_val_update) refers to zhp_control_app.o(i.clear_i) for clear_i
    zhp_control_app.o(i.auto_ctrl_val_update) refers to zhp_control_app.o(i.check_limit) for check_limit
    zhp_control_app.o(i.auto_ctrl_val_update) refers to zhp_control_app.o(i.pid_speed_control) for pid_speed_control
    zhp_control_app.o(i.auto_ctrl_val_update) refers to zhp_control_app.o(.bss) for auto_ctrl_val
    zhp_control_app.o(i.auto_ctrl_val_update) refers to config.o(.data) for perimeter
    zhp_control_app.o(i.auto_ctrl_val_update) refers to zhp_control_app.o(.data) for speed
    zhp_control_app.o(i.auto_ctrl_val_update) refers to zhp_frame.o(.data) for frame_data
    zhp_control_app.o(i.auto_ctrl_val_update) refers to zhp_frame.o(.bss) for final_rx_frame
    zhp_control_app.o(i.check_limit) refers to frleqf.o(x$fpl$frleqf) for __aeabi_cfrcmple
    zhp_control_app.o(i.check_limit) refers to zhp_control_app.o(.bss) for auto_ctrl_val
    zhp_control_app.o(i.clear_i) refers to zhp_control_app.o(.bss) for auto_ctrl_val
    zhp_control_app.o(i.clear_pid) refers to zhp_control_app.o(.bss) for auto_ctrl_val
    zhp_control_app.o(i.pid_calc) refers to faddsub_clz.o(x$fpl$fsub) for __aeabi_fsub
    zhp_control_app.o(i.pid_calc) refers to fmul.o(x$fpl$fmul) for __aeabi_fmul
    zhp_control_app.o(i.pid_calc) refers to f2d.o(x$fpl$f2d) for __aeabi_f2d
    zhp_control_app.o(i.pid_calc) refers to daddsub_clz.o(x$fpl$dadd) for __aeabi_dadd
    zhp_control_app.o(i.pid_calc) refers to dleqf.o(x$fpl$dleqf) for __aeabi_cdcmple
    zhp_control_app.o(i.pid_calc) refers to drleqf.o(x$fpl$drleqf) for __aeabi_cdrcmple
[...]
    __rt_lib_init_stdio_1                    0x08000207   Thumb Code     0  libinit2.o(.ARM.Collect$$libinit$$00000023)
    __rt_lib_shutdown                        0x08000209   Thumb Code     0  libshutdown.o(.ARM.Collect$$libshutdown$$00000000)
    __rt_lib_shutdown_fp_trap_1              0x0800020b   Thumb Code     0  libshutdown2.o(.ARM.Collect$$libshutdown$$00000006)
    __rt_lib_shutdown_heap_1                 0x0800020b   Thumb Code     0  libshutdown2.o(.ARM.Collect$$libshutdown$$0000000E)
    __rt_lib_shutdown_return                 0x0800020b   Thumb Code     0  libshutdown2.o(.ARM.Collect$$libshutdown$$0000000F)
    __rt_lib_shutdown_signal_1               0x0800020b   Thumb Code     0  libshutdown2.o(.ARM.Collect$$libshutdown$$00000009)
    __rt_lib_shutdown_stdio_1                0x0800020b   Thumb Code     0  libshutdown2.o(.ARM.Collect$$libshutdown$$00000003)
    __rt_lib_shutdown_user_alloc_1           0x0800020b   Thumb Code     0  libshutdown2.o(.ARM.Collect$$libshutdown$$0000000B)
    __rt_entry                               0x0800020d   Thumb Code     0  rtentry.o(.ARM.Collect$$rtentry$$00000000)
    __rt_entry_presh_1                       0x0800020d   Thumb Code     0  rtentry2.o(.ARM.Collect$$rtentry$$00000002)
    __rt_entry_sh                            0x0800020d   Thumb Code     0  rtentry4.o(.ARM.Collect$$rtentry$$00000004)
    __rt_entry_li                            0x08000213   Thumb Code     0  rtentry2.o(.ARM.Collect$$rtentry$$0000000A)
    __rt_entry_postsh_1                      0x08000213   Thumb Code     0  rtentry2.o(.ARM.Collect$$rtentry$$00000009)
    __rt_entry_main                          0x08000217   Thumb Code     0  rtentry2.o(.ARM.Collect$$rtentry$$0000000D)
    __rt_entry_postli_1                      0x08000217   Thumb Code     0  rtentry2.o(.ARM.Collect$$rtentry$$0000000C)
    __rt_exit                                0x0800021f   Thumb Code     0  rtexit.o(.ARM.Collect$$rtexit$$00000000)
    __rt_exit_ls                             0x08000221   Thumb Code     0  rtexit2.o(.ARM.Collect$$rtexit$$00000003)
    __rt_exit_prels_1                        0x08000221   Thumb Code     0  rtexit2.o(.ARM.Collect$$rtexit$$00000002)
    __rt_exit_exit                           0x08000225   Thumb Code     0  rtexit2.o(.ARM.Collect$$rtexit$$00000004)
    Reset_Handler                            0x0800022d   Thumb Code     8  startup_stm32f10x_hd.o(.text)
    ADC1_2_IRQHandler                        0x08000247   Thumb Code     0  startup_stm32f10x_hd.o(.text)
    ADC3_IRQHandler                          0x08000247   Thumb Code     0  startup_stm32f10x_hd.o(.text)
    CAN1_RX1_IRQHandler                      0x08000247   Thumb Code     0  startup_stm32f10x_hd.o(.text)
    CAN1_SCE_IRQHandler                      0x08000247   Thumb Code     0  startup_stm32f10x_hd.o(.text)
    DMA1_Channel1_IRQHandler                 0x08000247   Thumb Code     0  startup_stm32f10x_hd.o(.text)
    DMA1_Channel2_IRQHandler                 0x08000247   Thumb Code     0  startup_stm32f10x_hd.o(.text)
    DMA1_Channel3_IRQHandler                 0x08000247   Thumb Code     0  startup_stm32f10x_hd.o(.text)
    DMA1_Channel4_IRQHandler                 0x08000247   Thumb Code     0  startup_stm32f10x_hd.o(.text)
    DMA1_Channel5_IRQHandler                 0x08000247   Thumb Code     0  startup_stm32f10x_hd.o(.text)
    DMA1_Channel6_IRQHandler                 0x08000247   Thumb Code     0  startup_stm32f10x_hd.o(.text)
    DMA1_Channel7_IRQHandler                 0x08000247   Thumb Code     0  startup_stm32f10x_hd.o(.text)
    DMA2_Channel1_IRQHandler                 0x08000247   Thumb Code     0  startup_stm32f10x_hd.o(.text)
    DMA2_Channel2_IRQHandler                 0x08000247   Thumb Code     0  startup_stm32f10x_hd.o(.text)
    DMA2_Channel3_IRQHandler                 0x08000247   Thumb Code     0  startup_stm32f10x_hd.o(.text)
    DMA2_Channel4_5_IRQHandler               0x08000247   Thumb Code     0  startup_stm32f10x_hd.o(.text)
    EXTI0_IRQHandler                         0x08000247   Thumb Code     0  startup_stm32f10x_hd.o(.text)
    EXTI1_IRQHandler                         0x08000247   Thumb Code     0  startup_stm32f10x_hd.o(.text)
    EXTI2_IRQHandler                         0x08000247   Thumb Code     0  startup_stm32f10x_hd.o(.text)
    EXTI3_IRQHandler                         0x08000247   Thumb Code     0  startup_stm32f10x_hd.o(.text)
    EXTI4_IRQHandler                         0x08000247   Thumb Code     0  startup_stm32f10x_hd.o(.text)
    EXTI9_5_IRQHandler                       0x08000247   Thumb Code     0  startup_stm32f10x_hd.o(.text)
    FLASH_IRQHandler                         0x08000247   Thumb Code     0  startup_stm32f10x_hd.o(.text)
    FSMC_IRQHandler                          0x08000247   Thumb Code     0  startup_stm32f10x_hd.o(.text)
    I2C1_ER_IRQHandler                       0x08000247   Thumb Code     0  startup_stm32f10x_hd.o(.text)
    I2C1_EV_IRQHandler                       0x08000247   Thumb Code     0  startup_stm32f10x_hd.o(.text)
    I2C2_ER_IRQHandler                       0x08000247   Thumb Code     0  startup_stm32f10x_hd.o(.text)
    I2C2_EV_IRQHandler                       0x08000247   Thumb Code     0  startup_stm32f10x_hd.o(.text)
    PVD_IRQHandler                           0x08000247   Thumb Code     0  startup_stm32f10x_hd.o(.text)
    RCC_IRQHandler                           0x08000247   Thumb Code     0  startup_stm32f10x_hd.o(.text)
    RTCAlarm_IRQHandler                      0x08000247   Thumb Code     0  startup_stm32f10x_hd.o(.text)
    RTC_IRQHandler                           0x08000247   Thumb Code     0  startup_stm32f10x_hd.o(.text)
    SDIO_IRQHandler                          0x08000247   Thumb Code     0  startup_stm32f10x_hd.o(.text)
    SPI1_IRQHandler                          0x08000247   Thumb Code     0  startup_stm32f10x_hd.o(.text)
    SPI2_IRQHandler                          0x08000247   Thumb Code     0  startup_stm32f10x_hd.o(.text)
    SPI3_IRQHandler                          0x08000247   Thumb Code     0  startup_stm32f10x_hd.o(.text)
    TAMPER_IRQHandler                        0x08000247   Thumb Code     0  startup_stm32f10x_hd.o(.text)
    TIM1_BRK_IRQHandler                      0x08000247   Thumb Code     0  startup_stm32f10x_hd.o(.text)
    TIM1_CC_IRQHandler                       0x08000247   Thumb Code     0  startup_stm32f10x_hd.o(.text)
    TIM1_TRG_COM_IRQHandler                  0x08000247   Thumb Code     0  startup_stm32f10x_hd.o(.text)
    TIM1_UP_IRQHandler                       0x08000247   Thumb Code     0  startup_stm32f10x_hd.o(.text)
    TIM6_IRQHandler                          0x08000247   Thumb Code     0  startup_stm32f10x_hd.o(.text)
    TIM7_IRQHandler                          0x08000247   Thumb Code     0  startup_stm32f10x_hd.o(.text)
    TIM8_BRK_IRQHandler                      0x08000247   Thumb Code     0  startup_stm32f10x_hd.o(.text)
    TIM8_CC_IRQHandler                       0x08000247   Thumb Code     0  startup_stm32f10x_hd.o(.text)
    TIM8_TRG_COM_IRQHandler                  0x08000247   Thumb Code     0  startup_stm32f10x_hd.o(.text)
    TIM8_UP_IRQHandler                       0x08000247   Thumb Code     0  startup_stm32f10x_hd.o(.text)
    UART4_IRQHandler                         0x08000247   Thumb Code     0  startup_stm32f10x_hd.o(.text)
    UART5_IRQHandler                         0x08000247   Thumb Code     0  startup_stm32f10x_hd.o(.text)
    USART3_IRQHandler                        0x08000247   Thumb Code     0  startup_stm32f10x_hd.o(.text)
    USBWakeUp_IRQHandler                     0x08000247   Thumb Code     0  startup_stm32f10x_hd.o(.text)
    USB_HP_CAN1_TX_IRQHandler                0x08000247   Thumb Code     0  startup_stm32f10x_hd.o(.text)
    USB_LP_CAN1_RX0_IRQHandler               0x08000247   Thumb Code     0  startup_stm32f10x_hd.o(.text)
    WWDG_IRQHandler                          0x08000247   Thumb Code     0  startup_stm32f10x_hd.o(.text)
    __user_initial_stackheap                 0x08000249   Thumb Code     0  startup_stm32f10x_hd.o(.text)
    OS_CPU_SR_Save                           0x0800026d   Thumb Code     0  os_cpu_a.o(.text)
    OS_CPU_SR_Restore                        0x08000275   Thumb Code     0  os_cpu_a.o(.text)
    OSStartHighRdy                           0x0800027b   Thumb Code     0  os_cpu_a.o(.text)
    OSCtxSw                                  0x0800029d   Thumb Code     0  os_cpu_a.o(.text)
    OSIntCtxSw                               0x080002ab   Thumb Code     0  os_cpu_a.o(.text)
    PendSV_Handler                           0x080002bb   Thumb Code     0  os_cpu_a.o(.text)
    __use_no_semihosting                     0x08000321   Thumb Code     2  use_no_semi_2.o(.text)
    __2printf                                0x08000325   Thumb Code    20  __2printf.o(.text)
    __printf                                 0x0800033d   Thumb Code   388  __printf_flags_ss_wp.o(.text)
    __0sscanf                                0x080004c5   Thumb Code    52  __0sscanf.o(.text)
    _scanf_int                               0x08000501   Thumb Code   332  _scanf_int.o(.text)
    __aeabi_memcpy                           0x0800064d   Thumb Code     0  rt_memcpy_v6.o(.text)
    __rt_memcpy                              0x0800064d   Thumb Code   138  rt_memcpy_v6.o(.text)
    _memcpy_lastbytes                        0x080006b3   Thumb Code     0  rt_memcpy_v6.o(.text)
    __aeabi_memclr                           0x080006d7   Thumb Code     0  rt_memclr.o(.text)
    __rt_memclr                              0x080006d7   Thumb Code    68  rt_memclr.o(.text)
    _memset                                  0x080006db   Thumb Code     0  rt_memclr.o(.text)
    __aeabi_memclr4                          0x0800071b   Thumb Code     0  rt_memclr_w.o(.text)
    __aeabi_memclr8                          0x0800071b   Thumb Code     0  rt_memclr_w.o(.text)
    __rt_memclr_w                            0x0800071b   Thumb Code    78  rt_memclr_w.o(.text)
    _memset_w                                0x0800071f   Thumb Code     0  rt_memclr_w.o(.text)
    __use_two_region_memory                  0x08000769   Thumb Code     2  heapauxi.o(.text)
    __rt_heap_escrow$2region                 0x0800076b   Thumb Code     2  heapauxi.o(.text)
    __rt_heap_expand$2region                 0x0800076d   Thumb Code     2  heapauxi.o(.text)
    __I$use$semihosting                      0x0800076f   Thumb Code     0  use_no_semi.o(.text)
    __use_no_semihosting_swi                 0x0800076f   Thumb Code     2  use_no_semi.o(.text)
    __read_errno                             0x08000771   Thumb Code    10  _rserrno.o(.text)
    __set_errno                              0x0800077b   Thumb Code    12  _rserrno.o(.text)
    _printf_char_common                      0x08000793   Thumb Code    32  _printf_char_common.o(.text)
    _printf_char_file                        0x080007b9   Thumb Code    32  _printf_char_file.o(.text)
    _chval                                   0x080007dd   Thumb Code    28  _chval.o(.text)
    _scanf_really_real                       0x080009f5   Thumb Code   668  scanf_fp.o(.text)
    __vfscanf_char                           0x08000ca9   Thumb Code    24  scanf_char.o(.text)
    _sgetc                                   0x08000cc9   Thumb Code    30  _sgetc.o(.text)
    _sbackspace                              0x08000ce7   Thumb Code    34  _sgetc.o(.text)
    __aeabi_memcpy4                          0x08000d09   Thumb Code     0  rt_memcpy_w.o(.text)
    __aeabi_memcpy8                          0x08000d09   Thumb Code     0  rt_memcpy_w.o(.text)
    __rt_memcpy_w                            0x08000d09   Thumb Code   100  rt_memcpy_w.o(.text)
    _memcpy_lastbytes_aligned                0x08000d51   Thumb Code     0  rt_memcpy_w.o(.text)
    __rt_locale                              0x08000d6d   Thumb Code     8  rt_locale_intlibspace.o(.text)
    __aeabi_errno_addr                       0x08000d75   Thumb Code     8  rt_errno_addr_intlibspace.o(.text)
    __errno$intlibspace                      0x08000d75   Thumb Code     0  rt_errno_addr_intlibspace.o(.text)
    __rt_errno_addr$intlibspace              0x08000d75   Thumb Code     0  rt_errno_addr_intlibspace.o(.text)
    isspace                                  0x08000d7d   Thumb Code    18  isspace.o(.text)
    __vfscanf                                0x08000d91   Thumb Code   872  _scanf.o(.text)
    _btod_etento                             0x080010fd   Thumb Code   212  bigflt0.o(.text)
    ferror                                   0x080011d5   Thumb Code     8  ferror.o(.text)
    __user_libspace                          0x080011dd   Thumb Code     8  libspace.o(.text)
    __user_perproc_libspace                  0x080011dd   Thumb Code     0  libspace.o(.text)
    __user_perthread_libspace                0x080011dd   Thumb Code     0  libspace.o(.text)
    __user_setup_stackheap                   0x080011e5   Thumb Code    74  sys_stackheap_outer.o(.text)
    __rt_ctype_table                         0x08001231   Thumb Code    16  rt_ctype_table.o(.text)
    _scanf_really_hex_real                   0x08001241   Thumb Code   778  scanf_hexfp.o(.text)
    _scanf_really_infnan                     0x08001559   Thumb Code   292  scanf_infnan.o(.text)
    exit                                     0x0800168d   Thumb Code    12  exit.o(.text)
    strcmp                                   0x08001699   Thumb Code   128  strcmpv7m.o(.text)
    __aeabi_llsl                             0x08001719   Thumb Code     0  llshl.o(.text)
    _ll_shift_l                              0x08001719   Thumb Code    38  llshl.o(.text)
    __btod_div_common                        0x0800173f   Thumb Code   696  btod.o(CL$$btod_div_common)
    _e2d                                     0x08001a79   Thumb Code    80  btod.o(CL$$btod_e2d)
    _e2e                                     0x08001acd   Thumb Code   198  btod.o(CL$$btod_e2e)
    _btod_ediv                               0x08001b93   Thumb Code    40  btod.o(CL$$btod_ediv)
    _btod_edivd                              0x08001bbb   Thumb Code    40  btod.o(CL$$btod_edivd)
    _btod_emul                               0x08001be3   Thumb Code    40  btod.o(CL$$btod_emul)
    _btod_emuld                              0x08001c0b   Thumb Code    40  btod.o(CL$$btod_emuld)
    __btod_mult_common                       0x08001c33   Thumb Code   580  btod.o(CL$$btod_mult_common)
    BusFault_Handler                         0x08001e77   Thumb Code     4  stm32f10x_it.o(i.BusFault_Handler)
    DebugMon_Handler                         0x08001e7b   Thumb Code     2  stm32f10x_it.o(i.DebugMon_Handler)
    EXTI15_10_IRQHandler                     0x08001e7d   Thumb Code   420  zhp_odom.o(i.EXTI15_10_IRQHandler)
    EXTI_ClearITPendingBit                   0x0800202d   Thumb Code     6  stm32f10x_exti.o(i.EXTI_ClearITPendingBit)
    EXTI_GetITStatus                         0x08002039   Thumb Code    34  stm32f10x_exti.o(i.EXTI_GetITStatus)
    EXTI_Init                                0x08002061   Thumb Code   142  stm32f10x_exti.o(i.EXTI_Init)
    GPIO_EXTILineConfig                      0x080020f5   Thumb Code    60  stm32f10x_gpio.o(i.GPIO_EXTILineConfig)
    GPIO_Init                                0x08002135   Thumb Code   278  stm32f10x_gpio.o(i.GPIO_Init)
    GPIO_ReadInputDataBit                    0x0800224b   Thumb Code    18  stm32f10x_gpio.o(i.GPIO_ReadInputDataBit)
    GPIO_ResetBits                           0x0800225d   Thumb Code     4  stm32f10x_gpio.o(i.GPIO_ResetBits)
    GPIO_SetBits                             0x08002261   Thumb Code     4  stm32f10x_gpio.o(i.GPIO_SetBits)
    HardFault_Handler                        0x08002265   Thumb Code     4  stm32f10x_it.o(i.HardFault_Handler)
    IWDG_Enable                              0x08002269   Thumb Code    10  stm32f10x_iwdg.o(i.IWDG_Enable)
    IWDG_Feed                                0x08002279   Thumb Code     8  wdg.o(i.IWDG_Feed)
    IWDG_Init                                0x08002281   Thumb Code    36  wdg.o(i.IWDG_Init)
    IWDG_ReloadCounter                       0x080022a5   Thumb Code    10  stm32f10x_iwdg.o(i.IWDG_ReloadCounter)
    IWDG_SetPrescaler                        0x080022b5   Thumb Code     6  stm32f10x_iwdg.o(i.IWDG_SetPrescaler)
    IWDG_SetReload                           0x080022c1   Thumb Code     6  stm32f10x_iwdg.o(i.IWDG_SetReload)
    IWDG_WriteAccessCmd                      0x080022cd   Thumb Code     6  stm32f10x_iwdg.o(i.IWDG_WriteAccessCmd)
    MOTORS_Init                              0x080022d9   Thumb Code    54  motors.o(i.MOTORS_Init)
    MemManage_Handler                        0x08002315   Thumb Code     4  stm32f10x_it.o(i.MemManage_Handler)
    MotoTimerInit                            0x08002319   Thumb Code     8  timer.o(i.MotoTimerInit)
    NMI_Handler                              0x08002321   Thumb Code     2  stm32f10x_it.o(i.NMI_Handler)
    NVIC_Configuration                       0x08002323   Thumb Code    12  sys.o(i.NVIC_Configuration)
    NVIC_Init                                0x08002331   Thumb Code   100  misc.o(i.NVIC_Init)
    NVIC_PriorityGroupConfig                 0x080023a1   Thumb Code    10  misc.o(i.NVIC_PriorityGroupConfig)
    OSEventNameSet                           0x080023b5   Thumb Code    84  os_core.o(i.OSEventNameSet)
    OSInit                                   0x0800240d   Thumb Code    44  os_core.o(i.OSInit)
    OSInitHookBegin                          0x08002439   Thumb Code     8  os_cpu_c.o(i.OSInitHookBegin)
    OSInitHookEnd                            0x08002445   Thumb Code     2  os_cpu_c.o(i.OSInitHookEnd)
    OSIntEnter                               0x08002449   Thumb Code    28  os_core.o(i.OSIntEnter)
    OSIntExit                                0x0800246d   Thumb Code    98  os_core.o(i.OSIntExit)
    OSSchedLock                              0x080024f1   Thumb Code    50  os_core.o(i.OSSchedLock)
    OSSchedUnlock                            0x08002531   Thumb Code    82  os_core.o(i.OSSchedUnlock)
    OSSemCreate                              0x08002591   Thumb Code    72  os_sem.o(i.OSSemCreate)
    OSSemPend                                0x080025e5   Thumb Code   216  os_sem.o(i.OSSemPend)
    OSSemPost                                0x080026c9   Thumb Code    88  os_sem.o(i.OSSemPost)
    OSStart                                  0x08002721   Thumb Code    48  os_core.o(i.OSStart)
    OSStatInit                               0x08002769   Thumb Code    62  os_core.o(i.OSStatInit)
    OSTCBInitHook                            0x080027b5   Thumb Code     2  os_cpu_c.o(i.OSTCBInitHook)
    OSTaskCreate                             0x080027b9   Thumb Code   148  os_task.o(i.OSTaskCreate)
    OSTaskCreateHook                         0x08002859   Thumb Code     2  os_cpu_c.o(i.OSTaskCreateHook)
    OSTaskIdleHook                           0x0800285b   Thumb Code     2  os_cpu_c.o(i.OSTaskIdleHook)
    OSTaskStatHook                           0x0800285d   Thumb Code     2  os_cpu_c.o(i.OSTaskStatHook)
    OSTaskStkInit                            0x0800285f   Thumb Code   154  os_cpu_c.o(i.OSTaskStkInit)
    OSTaskSuspend                            0x080028f9   Thumb Code   144  os_task.o(i.OSTaskSuspend)
    OSTaskSwHook                             0x08002999   Thumb Code     2  os_cpu_c.o(i.OSTaskSwHook)
    OSTimeDly                                0x0800299d   Thumb Code   100  os_time.o(i.OSTimeDly)
    OSTimeDlyHMSM                            0x08002a15   Thumb Code    86  os_time.o(i.OSTimeDlyHMSM)
    OSTimeTick                               0x08002a75   Thumb Code   198  os_core.o(i.OSTimeTick)
    OSTimeTickHook                           0x08002b55   Thumb Code    28  os_cpu_c.o(i.OSTimeTickHook)
    OSTmrSignal                              0x08002b75   Thumb Code    16  os_tmr.o(i.OSTmrSignal)
    OSTmr_Init                               0x08002b89   Thumb Code   166  os_tmr.o(i.OSTmr_Init)
    OS_EventTaskRdy                          0x08002dc5   Thumb Code   124  os_core.o(i.OS_EventTaskRdy)
    OS_EventTaskRemove                       0x08002e51   Thumb Code    42  os_core.o(i.OS_EventTaskRemove)
    OS_EventTaskRemoveMulti                  0x08002e7b   Thumb Code    58  os_core.o(i.OS_EventTaskRemoveMulti)
    OS_EventTaskWait                         0x08002eb5   Thumb Code   112  os_core.o(i.OS_EventTaskWait)
    OS_EventWaitListInit                     0x08002f31   Thumb Code    28  os_core.o(i.OS_EventWaitListInit)
    OS_MemClr                                0x080030d9   Thumb Code    18  os_core.o(i.OS_MemClr)
    OS_QInit                                 0x080030ed   Thumb Code    72  os_q.o(i.OS_QInit)
    OS_Sched                                 0x0800313d   Thumb Code    74  os_core.o(i.OS_Sched)
    OS_TCBInit                               0x080031d1   Thumb Code   226  os_core.o(i.OS_TCBInit)
    OS_TaskIdle                              0x080032cd   Thumb Code    34  os_core.o(i.OS_TaskIdle)
    OS_TaskStat                              0x080032f5   Thumb Code   112  os_core.o(i.OS_TaskStat)
    RCC_APB1PeriphClockCmd                   0x08003379   Thumb Code    26  stm32f10x_rcc.o(i.RCC_APB1PeriphClockCmd)
    RCC_APB2PeriphClockCmd                   0x08003399   Thumb Code    26  stm32f10x_rcc.o(i.RCC_APB2PeriphClockCmd)
    RCC_GetClocksFreq                        0x080033b9   Thumb Code   192  stm32f10x_rcc.o(i.RCC_GetClocksFreq)
    SVC_Handler                              0x0800348d   Thumb Code     2  stm32f10x_it.o(i.SVC_Handler)
    SysTick_CLKSourceConfig                  0x08003579   Thumb Code    40  misc.o(i.SysTick_CLKSourceConfig)
    SysTick_Handler                          0x080035a1   Thumb Code    16  delay.o(i.SysTick_Handler)
    SystemInit                               0x080035b1   Thumb Code    78  system_stm32f10x.o(i.SystemInit)
    TIM2_IRQHandler                          0x08003611   Thumb Code   612  timer.o(i.TIM2_IRQHandler)
    TIM3_IRQHandler                          0x080038b9   Thumb Code   588  timer.o(i.TIM3_IRQHandler)
    TIM4_IRQHandler                          0x08003b4d   Thumb Code   588  timer.o(i.TIM4_IRQHandler)
    TIM5_IRQHandler                          0x08003de1   Thumb Code   588  timer.o(i.TIM5_IRQHandler)
    TIM_ARRPreloadConfig                     0x08004075   Thumb Code    24  stm32f10x_tim.o(i.TIM_ARRPreloadConfig)
    TIM_ClearITPendingBit                    0x0800408d   Thumb Code     6  stm32f10x_tim.o(i.TIM_ClearITPendingBit)
    TIM_Cmd                                  0x08004093   Thumb Code    24  stm32f10x_tim.o(i.TIM_Cmd)
    TIM_GetCapture1                          0x080040ab   Thumb Code     6  stm32f10x_tim.o(i.TIM_GetCapture1)
    TIM_GetCapture2                          0x080040b1   Thumb Code     6  stm32f10x_tim.o(i.TIM_GetCapture2)
    TIM_GetCapture3                          0x080040b7   Thumb Code     6  stm32f10x_tim.o(i.TIM_GetCapture3)
    TIM_GetCapture4                          0x080040bd   Thumb Code     8  stm32f10x_tim.o(i.TIM_GetCapture4)
    TIM_GetITStatus                          0x080040c5   Thumb Code    34  stm32f10x_tim.o(i.TIM_GetITStatus)
    TIM_OC1Init                              0x080040e9   Thumb Code   132  stm32f10x_tim.o(i.TIM_OC1Init)
    TIM_OC1PolarityConfig                    0x08004181   Thumb Code    18  stm32f10x_tim.o(i.TIM_OC1PolarityConfig)
    TIM_OC1PreloadConfig                     0x08004193   Thumb Code    18  stm32f10x_tim.o(i.TIM_OC1PreloadConfig)
    TIM_OC2Init                              0x080041a5   Thumb Code   154  stm32f10x_tim.o(i.TIM_OC2Init)
    TIM_OC2PolarityConfig                    0x08004249   Thumb Code    26  stm32f10x_tim.o(i.TIM_OC2PolarityConfig)
    TIM_OC2PreloadConfig                     0x08004263   Thumb Code    26  stm32f10x_tim.o(i.TIM_OC2PreloadConfig)
    TIM_OC3Init                              0x0800427d   Thumb Code   150  stm32f10x_tim.o(i.TIM_OC3Init)
    TIM_OC3PolarityConfig                    0x0800431d   Thumb Code    26  stm32f10x_tim.o(i.TIM_OC3PolarityConfig)
    TIM_OC3PreloadConfig                     0x08004337   Thumb Code    18  stm32f10x_tim.o(i.TIM_OC3PreloadConfig)
    TIM_OC4Init                              0x08004349   Thumb Code   114  stm32f10x_tim.o(i.TIM_OC4Init)
    TIM_OC4PolarityConfig                    0x080043c5   Thumb Code    26  stm32f10x_tim.o(i.TIM_OC4PolarityConfig)
    TIM_OC4PreloadConfig                     0x080043df   Thumb Code    26  stm32f10x_tim.o(i.TIM_OC4PreloadConfig)
    TIM_TimeBaseInit                         0x080043f9   Thumb Code   122  stm32f10x_tim.o(i.TIM_TimeBaseInit)
    Tim4_init                                0x0800449d   Thumb Code   188  timer.o(i.Tim4_init)
    USART1_IRQHandler                        0x08004561   Thumb Code    50  usart.o(i.USART1_IRQHandler)
    USART2_IRQHandler                        0x0800459d   Thumb Code    62  usart2.o(i.USART2_IRQHandler)
    USART_Cmd                                0x080045e9   Thumb Code    24  stm32f10x_usart.o(i.USART_Cmd)
    USART_GetITStatus                        0x08004601   Thumb Code    84  stm32f10x_usart.o(i.USART_GetITStatus)
    USART_ITConfig                           0x08004655   Thumb Code    74  stm32f10x_usart.o(i.USART_ITConfig)
    USART_Init                               0x080046a1   Thumb Code   210  stm32f10x_usart.o(i.USART_Init)
    USART_ReceiveData                        0x08004779   Thumb Code    10  stm32f10x_usart.o(i.USART_ReceiveData)
    UsageFault_Handler                       0x08004783   Thumb Code     4  stm32f10x_it.o(i.UsageFault_Handler)
    __mathlib_dbl_underflow                  0x08004789   Thumb Code    10  dunder.o(i.__mathlib_dbl_underflow)
    __mathlib_narrow                         0x08004799   Thumb Code    16  narrow.o(i.__mathlib_narrow)
    __mathlib_tofloat                        0x080047a9   Thumb Code   132  narrow.o(i.__mathlib_tofloat)
    __support_ldexp                          0x08004831   Thumb Code    22  ldexp.o(i.__support_ldexp)
    _is_digit                                0x08004847   Thumb Code    14  __printf_wp.o(i._is_digit)
    _sys_exit                                0x08004855   Thumb Code     4  usart.o(i._sys_exit)
    auto_ctrl_val_update                     0x08004859   Thumb Code   528  zhp_control_app.o(i.auto_ctrl_val_update)
    check_limit                              0x08004a95   Thumb Code   182  zhp_control_app.o(i.check_limit)
    clear_i                                  0x08004b51   Thumb Code    52  zhp_control_app.o(i.clear_i)
    control_task                             0x08004b8d   Thumb Code    88  main.o(i.control_task)
    delay_init                               0x08004bed   Thumb Code    76  delay.o(i.delay_init)
    delay_ms                                 0x08004c49   Thumb Code    62  delay.o(i.delay_ms)
    delay_us                                 0x08004c91   Thumb Code    70  delay.o(i.delay_us)
    feedback_task                            0x08004cdd   Thumb Code    56  main.o(i.feedback_task)
    fputc                                    0x08004d21   Thumb Code    24  usart.o(i.fputc)
    frexp                                    0x08004d3d   Thumb Code    80  frexp.o(i.frexp)
    higher_left_backward                     0x08004d95   Thumb Code    24  motors.o(i.higher_left_backward)
    higher_left_break                        0x08004db1   Thumb Code    24  motors.o(i.higher_left_break)
    higher_left_forward                      0x08004dcd   Thumb Code    24  motors.o(i.higher_left_forward)
    higher_left_set_pwm                      0x08004de9   Thumb Code    22  motors.o(i.higher_left_set_pwm)
    higher_right_backward                    0x08004e05   Thumb Code    24  motors.o(i.higher_right_backward)
    higher_right_break                       0x08004e21   Thumb Code    24  motors.o(i.higher_right_break)
    higher_right_forward                     0x08004e3d   Thumb Code    24  motors.o(i.higher_right_forward)
    higher_right_set_pwm                     0x08004e59   Thumb Code    22  motors.o(i.higher_right_set_pwm)
    ldexp                                    0x08004e75   Thumb Code   126  ldexp.o(i.ldexp)
    lower_left_backward                      0x08004ef5   Thumb Code    24  motors.o(i.lower_left_backward)
    lower_left_break                         0x08004f11   Thumb Code    24  motors.o(i.lower_left_break)
    lower_left_forward                       0x08004f2d   Thumb Code    24  motors.o(i.lower_left_forward)
    lower_left_set_pwm                       0x08004f49   Thumb Code    22  motors.o(i.lower_left_set_pwm)
    lower_right_backward                     0x08004f65   Thumb Code    24  motors.o(i.lower_right_backward)
    lower_right_break                        0x08004f81   Thumb Code    24  motors.o(i.lower_right_break)
    lower_right_forward                      0x08004f9d   Thumb Code    24  motors.o(i.lower_right_forward)
    lower_right_set_pwm                      0x08004fb9   Thumb Code    22  motors.o(i.lower_right_set_pwm)
    main                                     0x08004fd5   Thumb Code    34  main.o(i.main)
    moto_control_with_val                    0x08005059   Thumb Code   372  motors.o(i.moto_control_with_val)
    phase_detector_pin_init                  0x080051d1   Thumb Code    46  zhp_odom.o(i.phase_detector_pin_init)
    pid_calc                                 0x08005205   Thumb Code   170  zhp_control_app.o(i.pid_calc)
    pid_speed_control                        0x080052b9   Thumb Code   158  zhp_control_app.o(i.pid_speed_control)
    receiver_decoder_frame                   0x08005361   Thumb Code   340  zhp_frame.o(i.receiver_decoder_frame)
    sender_encoder_frame                     0x080054c1   Thumb Code   326  zhp_frame.o(i.sender_encoder_frame)
    start_task                               0x0800560d   Thumb Code    82  main.o(i.start_task)
    supervising_task                         0x0800567d   Thumb Code    50  main.o(i.supervising_task)
    uart_init                                0x080056b9   Thumb Code   152  usart.o(i.uart_init)
    zhp_app_init                             0x08005759   Thumb Code    78  zhp_app.o(i.zhp_app_init)
    zhp_computer_control                     0x080057c9   Thumb Code     8  zhp_control_app.o(i.zhp_computer_control)
    zhp_control_init                         0x080057d1   Thumb Code   370  zhp_control_app.o(i.zhp_control_init)
    zhp_crc32                                0x08005959   Thumb Code    52  zhp_crc.o(i.zhp_crc32)
    zhp_ext_int_init                         0x08005995   Thumb Code   252  zhp_odom.o(i.zhp_ext_int_init)
    _get_lc_numeric                          0x08005a95   Thumb Code    44  lc_numeric_c.o(locale$$code)
    _get_lc_ctype                            0x08005ac1   Thumb Code    44  lc_ctype_c.o(locale$$code)
    __aeabi_d2f                              0x08005aed   Thumb Code     0  d2f.o(x$fpl$d2f)
    _d2f                                     0x08005aed   Thumb Code    98  d2f.o(x$fpl$d2f)
    __aeabi_dadd                             0x08005b51   Thumb Code     0  daddsub_clz.o(x$fpl$dadd)
    _dadd                                    0x08005b51   Thumb Code   332  daddsub_clz.o(x$fpl$dadd)
    __fpl_dcheck_NaN1                        0x08005ca1   Thumb Code    10  dcheck1.o(x$fpl$dcheck1)
    __fpl_dcmp_Inf                           0x08005cb1   Thumb Code    24  dcmpi.o(x$fpl$dcmpinf)
    __aeabi_ddiv                             0x08005cc9   Thumb Code     0  ddiv.o(x$fpl$ddiv)
    _ddiv                                    0x08005cc9   Thumb Code   552  ddiv.o(x$fpl$ddiv)
    __aeabi_cdcmpeq                          0x08005f79   Thumb Code     0  deqf.o(x$fpl$deqf)
    _dcmpeq                                  0x08005f79   Thumb Code   120  deqf.o(x$fpl$deqf)
    __aeabi_d2uiz                            0x08005ff1   Thumb Code     0  dfixu.o(x$fpl$dfixu)
    _dfixu                                   0x08005ff1   Thumb Code    90  dfixu.o(x$fpl$dfixu)
    __aeabi_i2d                              0x0800604b   Thumb Code     0  dflt_clz.o(x$fpl$dflt)
    _dflt                                    0x0800604b   Thumb Code    46  dflt_clz.o(x$fpl$dflt)
    __aeabi_cdcmple                          0x08006079   Thumb Code     0  dleqf.o(x$fpl$dleqf)
    _dcmple                                  0x08006079   Thumb Code   120  dleqf.o(x$fpl$dleqf)
    __fpl_dcmple_InfNaN                      0x080060db   Thumb Code     0  dleqf.o(x$fpl$dleqf)
    __fpl_dnaninf                            0x080060f1   Thumb Code   156  dnaninf.o(x$fpl$dnaninf)
    __fpl_dretinf                            0x0800618d   Thumb Code    12  dretinf.o(x$fpl$dretinf)
    __aeabi_cdrcmple                         0x08006199   Thumb Code     0  drleqf.o(x$fpl$drleqf)
    _drcmple                                 0x08006199   Thumb Code   108  drleqf.o(x$fpl$drleqf)
    __aeabi_dsub                             0x08006205   Thumb Code     0  daddsub_clz.o(x$fpl$dsub)
    _dsub                                    0x08006205   Thumb Code   464  daddsub_clz.o(x$fpl$dsub)
    __aeabi_f2d                              0x080063d9   Thumb Code     0  f2d.o(x$fpl$f2d)
    _f2d                                     0x080063d9   Thumb Code    86  f2d.o(x$fpl$f2d)
    __aeabi_fadd                             0x08006431   Thumb Code     0  faddsub_clz.o(x$fpl$fadd)
    _fadd                                    0x08006431   Thumb Code   196  faddsub_clz.o(x$fpl$fadd)
    __fpl_fcmp_Inf                           0x080064f5   Thumb Code    24  fcmpi.o(x$fpl$fcmpinf)
    __aeabi_fdiv                             0x0800650d   Thumb Code     0  fdiv.o(x$fpl$fdiv)
    _fdiv                                    0x0800650d   Thumb Code   384  fdiv.o(x$fpl$fdiv)
    __aeabi_cfcmpeq                          0x08006691   Thumb Code     0  feqf.o(x$fpl$feqf)
    _fcmpeq                                  0x08006691   Thumb Code   104  feqf.o(x$fpl$feqf)
    __aeabi_f2iz                             0x080066f9   Thumb Code     0  ffix.o(x$fpl$ffix)
    _ffix                                    0x080066f9   Thumb Code    54  ffix.o(x$fpl$ffix)
    __aeabi_i2f                              0x08006731   Thumb Code     0  fflt_clz.o(x$fpl$fflt)
    _fflt                                    0x08006731   Thumb Code    48  fflt_clz.o(x$fpl$fflt)
    __aeabi_cfcmple                          0x08006761   Thumb Code     0  fleqf.o(x$fpl$fleqf)
    _fcmple                                  0x08006761   Thumb Code   104  fleqf.o(x$fpl$fleqf)
    __fpl_fcmple_InfNaN                      0x080067b3   Thumb Code     0  fleqf.o(x$fpl$fleqf)
    __aeabi_fmul                             0x080067c9   Thumb Code     0  fmul.o(x$fpl$fmul)
    _fmul                                    0x080067c9   Thumb Code   258  fmul.o(x$fpl$fmul)
    __fpl_fnaninf                            0x080068cb   Thumb Code   140  fnaninf.o(x$fpl$fnaninf)
    __fpl_fretinf                            0x08006957   Thumb Code    10  fretinf.o(x$fpl$fretinf)
    __aeabi_cfrcmple                         0x08006961   Thumb Code     0  frleqf.o(x$fpl$frleqf)
    _frcmple                                 0x08006961   Thumb Code    98  frleqf.o(x$fpl$frleqf)
    __aeabi_fsub                             0x080069c5   Thumb Code     0  faddsub_clz.o(x$fpl$fsub)
    _fsub                                    0x080069c5   Thumb Code   234  faddsub_clz.o(x$fpl$fsub)
    __fpl_return_NaN                         0x08006aaf   Thumb Code   100  retnan.o(x$fpl$retnan)
    __ARM_scalbn                             0x08006b13   Thumb Code    92  scalbn.o(x$fpl$scalbn)
    _scanf_real                              0x08006b6f   Thumb Code     4  scanf1.o(x$fpl$scanf1)
    _scanf_hex_real                          0x08006b73   Thumb Code     4  scanf2.o(x$fpl$scanf2)
    _scanf_infnan                            0x08006b77   Thumb Code     4  scanf2.o(x$fpl$scanf2)
    __fpl_cmpreturn                          0x08006b7b   Thumb Code    48  trapv.o(x$fpl$trapveneer)
    OSUnMapTbl                               0x08006baa   Data         256  os_core.o(.constdata)
    __I$use$fp                               0x08006baa   Number         0  usenofp.o(x$fpl$usenofp)
    Region$$Table$$Base                      0x08006d50   Number         0  anon$$obj.o(Region$$Table)
    Region$$Table$$Limit                     0x08006d70   Number         0  anon$$obj.o(Region$$Table)
    __aeabi_HUGE_VAL                         0x08006d70   Data           0  fpconst.o(c$$dinf)
    __aeabi_HUGE_VALL                        0x08006d70   Data           0  fpconst.o(c$$dinf)
    __aeabi_INFINITY                         0x08006d70   Data           0  fpconst.o(c$$dinf)
    __dInf                                   0x08006d70   Data           0  fpconst.o(c$$dinf)
    __huge_val                               0x08006d70   Data           0  fpconst.o(c$$dinf)
    __ctype                                  0x08006da1   Data           0  lc_ctype_c.o(locale$$data)
    motor_a_pwm                              0x20000000   Data           2  zhp_control_app.o(.data)
    motor_b_pwm                              0x20000002   Data           2  zhp_control_app.o(.data)
    pwm_resolution                           0x20000004   Data           4  zhp_control_app.o(.data)
    velocity                                 0x20000008   Data           8  zhp_control_app.o(.data)
    angular                                  0x20000010   Data           8  zhp_control_app.o(.data)
    speed                                    0x20000018   Data           4  zhp_control_app.o(.data)
    CRCValue                                 0x20000020   Data           4  zhp_crc.o(.data)
    POLYNOMIAL                               0x20000024   Data           4  zhp_crc.o(.data)
    have_table                               0x20000028   Data           2  zhp_crc.o(.data)
    frame_data                               0x2000002a   Data           8  zhp_frame.o(.data)
    uart_trans_flag                          0x20000032   Data           1  zhp_frame.o(.data)
    feedback_sem                             0x20000034   Data           4  main.o(.data)
    test_cnt                                 0x20000038   Data           4  main.o(.data)
    two_wheel_dist                           0x2000003c   Data           4  config.o(.data)
    cart_wheel_diameter                      0x20000040   Data           4  config.o(.data)
    pulse_num_per_round                      0x20000044   Data           4  config.o(.data)
    perimeter                                0x20000048   Data           4  config.o(.data)
    SystemCoreClock                          0x2000004c   Data           4  system_stm32f10x.o(.data)
    AHBPrescTable                            0x20000050   Data          16  system_stm32f10x.o(.data)
    tim2_T1                                  0x20000060   Data           4  timer.o(.data)
    tim2_T2                                  0x20000064   Data           4  timer.o(.data)
    tim2_T3                                  0x20000068   Data           4  timer.o(.data)
    tim2_T4                                  0x2000006c   Data           4  timer.o(.data)
    TIM2CH1_CAPTURE_STA                      0x20000070   Data           1  timer.o(.data)
    TIM2CH1_CAPTURE_UPVAL                    0x20000072   Data           2  timer.o(.data)
    TIM2CH1_CAPTURE_DOWNVAL                  0x20000074   Data           2  timer.o(.data)
    TIM2CH2_CAPTURE_STA                      0x20000076   Data           1  timer.o(.data)
    TIM2CH2_CAPTURE_UPVAL                    0x20000078   Data           2  timer.o(.data)
    TIM2CH2_CAPTURE_DOWNVAL                  0x2000007a   Data           2  timer.o(.data)
    TIM2CH3_CAPTURE_STA                      0x2000007c   Data           1  timer.o(.data)
    TIM2CH3_CAPTURE_UPVAL                    0x2000007e   Data           2  timer.o(.data)
    TIM2CH3_CAPTURE_DOWNVAL                  0x20000080   Data           2  timer.o(.data)
    TIM2CH4_CAPTURE_STA                      0x20000082   Data           1  timer.o(.data)
    TIM2CH4_CAPTURE_UPVAL                    0x20000084   Data           2  timer.o(.data)
    TIM2CH4_CAPTURE_DOWNVAL                  0x20000086   Data           2  timer.o(.data)
    tim3_T1                                  0x20000088   Data           4  timer.o(.data)
    tim3_T2                                  0x2000008c   Data           4  timer.o(.data)
    tim3_T3                                  0x20000090   Data           4  timer.o(.data)
    tim3_T4                                  0x20000094   Data           4  timer.o(.data)
    TIM3CH1_CAPTURE_STA                      0x20000098   Data           1  timer.o(.data)
    TIM3CH1_CAPTURE_UPVAL                    0x2000009a   Data           2  timer.o(.data)
    TIM3CH1_CAPTURE_DOWNVAL                  0x2000009c   Data           2  timer.o(.data)
    TIM3CH2_CAPTURE_STA                      0x2000009e   Data           1  timer.o(.data)
    TIM3CH2_CAPTURE_UPVAL                    0x200000a0   Data           2  timer.o(.data)
    TIM3CH2_CAPTURE_DOWNVAL                  0x200000a2   Data           2  timer.o(.data)
    TIM3CH3_CAPTURE_STA                      0x200000a4   Data           1  timer.o(.data)
    TIM3CH3_CAPTURE_UPVAL                    0x200000a6   Data           2  timer.o(.data)
    TIM3CH3_CAPTURE_DOWNVAL                  0x200000a8   Data           2  timer.o(.data)
    TIM3CH4_CAPTURE_STA                      0x200000aa   Data           1  timer.o(.data)
    TIM3CH4_CAPTURE_UPVAL                    0x200000ac   Data           2  timer.o(.data)
    TIM3CH4_CAPTURE_DOWNVAL                  0x200000ae   Data           2  timer.o(.data)
    tim4_T1                                  0x200000b0   Data           4  timer.o(.data)
    tim4_T2                                  0x200000b4   Data           4  timer.o(.data)
    tim4_T3                                  0x200000b8   Data           4  timer.o(.data)
    tim4_T4                                  0x200000bc   Data           4  timer.o(.data)
    TIM4CH1_CAPTURE_STA                      0x200000c0   Data           1  timer.o(.data)
    TIM4CH1_CAPTURE_UPVAL                    0x200000c2   Data           2  timer.o(.data)
    TIM4CH1_CAPTURE_DOWNVAL                  0x200000c4   Data           2  timer.o(.data)
    TIM4CH2_CAPTURE_STA                      0x200000c6   Data           1  timer.o(.data)
    TIM4CH2_CAPTURE_UPVAL                    0x200000c8   Data           2  timer.o(.data)
    TIM4CH2_CAPTURE_DOWNVAL                  0x200000ca   Data           2  timer.o(.data)
    TIM4CH3_CAPTURE_STA                      0x200000cc   Data           1  timer.o(.data)
    TIM4CH3_CAPTURE_UPVAL                    0x200000ce   Data           2  timer.o(.data)
    TIM4CH3_CAPTURE_DOWNVAL                  0x200000d0   Data           2  timer.o(.data)
    TIM4CH4_CAPTURE_STA                      0x200000d2   Data           1  timer.o(.data)
    TIM4CH4_CAPTURE_UPVAL                    0x200000d4   Data           2  timer.o(.data)
    TIM4CH4_CAPTURE_DOWNVAL                  0x200000d6   Data           2  timer.o(.data)
    tim5_T1                                  0x200000d8   Data           4  timer.o(.data)
    tim5_T2                                  0x200000dc   Data           4  timer.o(.data)
    tim5_T3                                  0x200000e0   Data           4  timer.o(.data)
    tim5_T4                                  0x200000e4   Data           4  timer.o(.data)
    TIM5CH1_CAPTURE_STA                      0x200000e8   Data           1  timer.o(.data)
    TIM5CH1_CAPTURE_UPVAL                    0x200000ea   Data           2  timer.o(.data)
    TIM5CH1_CAPTURE_DOWNVAL                  0x200000ec   Data           2  timer.o(.data)
    TIM5CH2_CAPTURE_STA                      0x200000ee   Data           1  timer.o(.data)
    TIM5CH2_CAPTURE_UPVAL                    0x200000f0   Data           2  timer.o(.data)
    TIM5CH2_CAPTURE_DOWNVAL                  0x200000f2   Data           2  timer.o(.data)
    TIM5CH3_CAPTURE_STA                      0x200000f4   Data           1  timer.o(.data)
    TIM5CH3_CAPTURE_UPVAL                    0x200000f6   Data           2  timer.o(.data)
    TIM5CH3_CAPTURE_DOWNVAL                  0x200000f8   Data           2  timer.o(.data)
    TIM5CH4_CAPTURE_STA                      0x200000fa   Data           1  timer.o(.data)
    TIM5CH4_CAPTURE_UPVAL                    0x200000fc   Data           2  timer.o(.data)
    TIM5CH4_CAPTURE_DOWNVAL                  0x200000fe   Data           2  timer.o(.data)
    USART2_RX_STA                            0x20000100   Data           2  usart2.o(.data)
    __stdout                                 0x20000108   Data           4  usart.o(.data)
    OSCtxSwCtr                               0x20000120   Data           4  os_core.o(.data)
    OSEventFreeList                          0x20000124   Data           4  os_core.o(.data)
    OSCPUUsage                               0x20000128   Data           1  os_core.o(.data)
    OSIdleCtrMax                             0x2000012c   Data           4  os_core.o(.data)
    OSIdleCtrRun                             0x20000130   Data           4  os_core.o(.data)
    OSStatRdy                                0x20000134   Data           1  os_core.o(.data)
    OSIntNesting                             0x20000135   Data           1  os_core.o(.data)
    OSLockNesting                            0x20000136   Data           1  os_core.o(.data)
    OSPrioCur                                0x20000137   Data           1  os_core.o(.data)
    OSPrioHighRdy                            0x20000138   Data           1  os_core.o(.data)
    OSRdyGrp                                 0x20000139   Data           1  os_core.o(.data)
    OSRdyTbl                                 0x2000013a   Data           3  os_core.o(.data)
    OSRunning                                0x2000013d   Data           1  os_core.o(.data)
    OSTaskCtr                                0x2000013e   Data           1  os_core.o(.data)
    OSIdleCtr                                0x20000140   Data           4  os_core.o(.data)
    OSTCBCur                                 0x20000144   Data           4  os_core.o(.data)
    OSTCBFreeList                            0x20000148   Data           4  os_core.o(.data)
    OSTCBHighRdy                             0x2000014c   Data           4  os_core.o(.data)
    OSTCBList                                0x20000150   Data           4  os_core.o(.data)
    OSTickStepState                          0x20000154   Data           1  os_core.o(.data)
    OSQFreeList                              0x20000158   Data           4  os_core.o(.data)
    OSTime                                   0x2000015c   Data           4  os_core.o(.data)
    OSTmrFree                                0x20000160   Data           2  os_core.o(.data)
    OSTmrUsed                                0x20000162   Data           2  os_core.o(.data)
    OSTmrTime                                0x20000164   Data           4  os_core.o(.data)
    OSTmrSem                                 0x20000168   Data           4  os_core.o(.data)
    OSTmrSemSignal                           0x2000016c   Data           4  os_core.o(.data)
    OSTmrFreeList                            0x20000170   Data           4  os_core.o(.data)
    OSInterrputSum                           0x20000174   Data           4  os_cpu_c.o(.data)
    ctrl_val                                 0x20000180   Data          32  zhp_control_app.o(.bss)
    auto_ctrl_val                            0x200001a0   Data         368  zhp_control_app.o(.bss)
    table                                    0x20000310   Data        1024  zhp_crc.o(.bss)
    tx_frame_buf                             0x20000710   Data         100  zhp_frame.o(.bss)
    final_tx_frame                           0x20000774   Data         198  zhp_frame.o(.bss)
    rx_frame_buf                             0x2000083a   Data         198  zhp_frame.o(.bss)
    final_rx_frame                           0x20000900   Data         100  zhp_frame.o(.bss)
    XXX_TASK_STK                             0x20000964   Data         256  main.o(.bss)
    START_TASK_STK                           0x20000a64   Data         512  main.o(.bss)
    CONTROL_TASK_STK                         0x20000c64   Data        1024  main.o(.bss)
    TEST_TASK_STK                            0x20001064   Data        1024  main.o(.bss)
    FEEDBACK_TASK_STK                        0x20001464   Data        1024  main.o(.bss)
    rc                                       0x20001864   Data          32  timer.o(.bss)
    TIM2_ICInitStructure                     0x20001884   Data          10  timer.o(.bss)
    TIM3_ICInitStructure                     0x2000188e   Data          10  timer.o(.bss)
    TIM4_ICInitStructure                     0x20001898   Data          10  timer.o(.bss)
    TIM5_ICInitStructure                     0x200018a2   Data          10  timer.o(.bss)
    USART2_TX_BUF                            0x200018b0   Data         200  usart2.o(.bss)
    USART2_RX_BUF                            0x20001978   Data         200  usart2.o(.bss)
    OSEventTbl                               0x20001a40   Data         100  os_core.o(.bss)
    OSTaskStatStk                            0x20001aa4   Data         512  os_core.o(.bss)
    OSTaskIdleStk                            0x20001ca4   Data         512  os_core.o(.bss)
    OSTCBPrioTbl                             0x20001ea4   Data          84  os_core.o(.bss)
    OSTCBTbl                                 0x20001ef8   Data         432  os_core.o(.bss)
    OSQTbl                                   0x200020a8   Data         120  os_core.o(.bss)
    OSTmrTbl                                 0x20002120   Data         120  os_core.o(.bss)
    OSTmrTaskStk                             0x20002198   Data         512  os_core.o(.bss)
    OSTmrWheelTbl                            0x20002398   Data          64  os_core.o(.bss)
    __libspace_start                         0x200023d8   Data          96  libspace.o(.bss)
    __temporary_stack_top$libspace           0x20002438   Data           0  libspace.o(.bss)



==============================================================================

Memory Map of the image

  Image Entry point : 0x08000131

  Load Region LR_IROM1 (Base: 0x08000000, Size: 0x00007020, Max: 0x00040000, ABSOLUTE, COMPRESSED[0x00006ed8])

    Execution Region ER_IROM1 (Base: 0x08000000, Size: 0x00006ea4, Max: 0x00040000, ABSOLUTE)

    Base Addr    Size         Type   Attr      Idx    E Section Name        Object

    0x08000000   0x00000130   Data   RO         1578    RESET               startup_stm32f10x_hd.o
    0x08000130   0x00000008   Code   RO         5196  * !!!main             c_w.l(__main.o)
    0x08000138   0x00000034   Code   RO         5684    !!!scatter          c_w.l(__scatter.o)
    0x0800016c   0x0000005a   Code   RO         5682    !!dczerorl2         c_w.l(__dczerorl2.o)
    0x080001c6   0x00000002   PAD
    0x080001c8   0x0000001c   Code   RO         5686    !!handler_zi        c_w.l(__scatter_zi.o)
    0x080001e4   0x00000000   Code   RO         5181    .ARM.Collect$$_printf_percent$$00000000  c_w.l(_printf_percent.o)
    0x080001e4   0x00000004   Code   RO         5354    .ARM.Collect$$_printf_percent$$00000017  c_w.l(_printf_percent_end.o)
    0x080001e8   0x00000002   Code   RO         5537    .ARM.Collect$$libinit$$00000000  c_w.l(libinit.o)
    0x080001ea   0x00000000   Code   RO         5539    .ARM.Collect$$libinit$$00000002  c_w.l(libinit2.o)
    0x080001ea   0x00000000   Code   RO         5542    .ARM.Collect$$libinit$$00000008  c_w.l(libinit2.o)
    0x080001ea   0x00000000   Code   RO         5544    .ARM.Collect$$libinit$$0000000A  c_w.l(libinit2.o)
    0x080001ea   0x00000000   Code   RO         5546    .ARM.Collect$$libinit$$0000000C  c_w.l(libinit2.o)
    0x080001ea   0x00000006   Code   RO         5547    .ARM.Collect$$libinit$$0000000D  c_w.l(libinit2.o)
    0x080001f0   0x00000000   Code   RO         5549    .ARM.Collect$$libinit$$0000000F  c_w.l(libinit2.o)
    0x080001f0   0x0000000c   Code   RO         5550    .ARM.Collect$$libinit$$00000010  c_w.l(libinit2.o)
    0x080001fc   0x00000000   Code   RO         5551    .ARM.Collect$$libinit$$00000011  c_w.l(libinit2.o)
    0x080001fc   0x00000000   Code   RO         5553    .ARM.Collect$$libinit$$00000013  c_w.l(libinit2.o)
    0x080001fc   0x0000000a   Code   RO         5554    .ARM.Collect$$libinit$$00000014  c_w.l(libinit2.o)
    0x08000206   0x00000000   Code   RO         5555    .ARM.Collect$$libinit$$00000015  c_w.l(libinit2.o)
    0x08000206   0x00000000   Code   RO         5557    .ARM.Collect$$libinit$$00000017  c_w.l(libinit2.o)
    0x08000206   0x00000000   Code   RO         5559    .ARM.Collect$$libinit$$00000019  c_w.l(libinit2.o)
    0x08000206   0x00000000   Code   RO         5561    .ARM.Collect$$libinit$$0000001B  c_w.l(libinit2.o)
    0x08000206   0x00000000   Code   RO         5563    .ARM.Collect$$libinit$$0000001D  c_w.l(libinit2.o)
    0x08000206   0x00000000   Code   RO         5565    .ARM.Collect$$libinit$$0000001F  c_w.l(libinit2.o)
    0x08000206   0x00000000   Code   RO         5567    .ARM.Collect$$libinit$$00000021  c_w.l(libinit2.o)
    0x08000206   0x00000000   Code   RO         5569    .ARM.Collect$$libinit$$00000023  c_w.l(libinit2.o)
    0x08000206   0x00000000   Code   RO         5573    .ARM.Collect$$libinit$$0000002A  c_w.l(libinit2.o)
    0x08000206   0x00000000   Code   RO         5575    .ARM.Collect$$libinit$$0000002C  c_w.l(libinit2.o)
    0x08000206   0x00000000   Code   RO         5577    .ARM.Collect$$libinit$$0000002E  c_w.l(libinit2.o)
    0x08000206   0x00000000   Code   RO         5579    .ARM.Collect$$libinit$$00000030  c_w.l(libinit2.o)
    0x08000206   0x00000002   Code   RO         5580    .ARM.Collect$$libinit$$00000031  c_w.l(libinit2.o)
    0x08000208   0x00000002   Code   RO         5633    .ARM.Collect$$libshutdown$$00000000  c_w.l(libshutdown.o)
    0x0800020a   0x00000000   Code   RO         5643    .ARM.Collect$$libshutdown$$00000003  c_w.l(libshutdown2.o)
    0x0800020a   0x00000000   Code   RO         5646    .ARM.Collect$$libshutdown$$00000006  c_w.l(libshutdown2.o)
    0x0800020a   0x00000000   Code   RO         5649    .ARM.Collect$$libshutdown$$00000009  c_w.l(libshutdown2.o)
    0x0800020a   0x00000000   Code   RO         5651    .ARM.Collect$$libshutdown$$0000000B  c_w.l(libshutdown2.o)
    0x0800020a   0x00000000   Code   RO         5654    .ARM.Collect$$libshutdown$$0000000E  c_w.l(libshutdown2.o)
    0x0800020a   0x00000002   Code   RO         5655    .ARM.Collect$$libshutdown$$0000000F  c_w.l(libshutdown2.o)
    0x0800020c   0x00000000   Code   RO         5290    .ARM.Collect$$rtentry$$00000000  c_w.l(rtentry.o)
    0x0800020c   0x00000000   Code   RO         5419    .ARM.Collect$$rtentry$$00000002  c_w.l(rtentry2.o)
    0x0800020c   0x00000006   Code   RO         5431    .ARM.Collect$$rtentry$$00000004  c_w.l(rtentry4.o)
    0x08000212   0x00000000   Code   RO         5421    .ARM.Collect$$rtentry$$00000009  c_w.l(rtentry2.o)
    0x08000212   0x00000004   Code   RO         5422    .ARM.Collect$$rtentry$$0000000A  c_w.l(rtentry2.o)
    0x08000216   0x00000000   Code   RO         5424    .ARM.Collect$$rtentry$$0000000C  c_w.l(rtentry2.o)
    0x08000216   0x00000008   Code   RO         5425    .ARM.Collect$$rtentry$$0000000D  c_w.l(rtentry2.o)
    0x0800021e   0x00000002   Code   RO         5587    .ARM.Collect$$rtexit$$00000000  c_w.l(rtexit.o)
    0x08000220   0x00000000   Code   RO         5613    .ARM.Collect$$rtexit$$00000002  c_w.l(rtexit2.o)
    0x08000220   0x00000004   Code   RO         5614    .ARM.Collect$$rtexit$$00000003  c_w.l(rtexit2.o)
    0x08000224   0x00000006   Code   RO         5615    .ARM.Collect$$rtexit$$00000004  c_w.l(rtexit2.o)
    0x0800022a   0x00000002   PAD
    0x0800022c   0x00000040   Code   RO         1579    .text               startup_stm32f10x_hd.o
    0x0800026c   0x000000b4   Code   RO         5055    .text               os_cpu_a.o
    0x08000320   0x00000002   Code   RO         5151    .text               c_w.l(use_no_semi_2.o)
    0x08000322   0x00000002   PAD
    0x08000324   0x00000018   Code   RO         5155    .text               c_w.l(__2printf.o)
    0x0800033c   0x00000188   Code   RO         5178    .text               c_w.l(__printf_flags_ss_wp.o)
    0x080004c4   0x0000003c   Code   RO         5182    .text               c_w.l(__0sscanf.o)
    0x08000500   0x0000014c   Code   RO         5184    .text               c_w.l(_scanf_int.o)
    0x0800064c   0x0000008a   Code   RO         5188    .text               c_w.l(rt_memcpy_v6.o)
    0x080006d6   0x00000044   Code   RO         5190    .text               c_w.l(rt_memclr.o)
    0x0800071a   0x0000004e   Code   RO         5192    .text               c_w.l(rt_memclr_w.o)
    0x08000768   0x00000006   Code   RO         5194    .text               c_w.l(heapauxi.o)
    0x0800076e   0x00000002   Code   RO         5288    .text               c_w.l(use_no_semi.o)
    0x08000770   0x00000016   Code   RO         5291    .text               c_w.l(_rserrno.o)
    0x08000786   0x00000002   PAD
    0x08000788   0x00000030   Code   RO         5303    .text               c_w.l(_printf_char_common.o)
    0x080007b8   0x00000024   Code   RO         5307    .text               c_w.l(_printf_char_file.o)
    0x080007dc   0x0000001c   Code   RO         5364    .text               c_w.l(_chval.o)
    0x080007f8   0x000004a4   Code   RO         5366    .text               c_w.l(scanf_fp.o)
    0x08000c9c   0x0000002c   Code   RO         5368    .text               c_w.l(scanf_char.o)
    0x08000cc8   0x00000040   Code   RO         5370    .text               c_w.l(_sgetc.o)
    0x08000d08   0x00000064   Code   RO         5372    .text               c_w.l(rt_memcpy_w.o)
    0x08000d6c   0x00000008   Code   RO         5436    .text               c_w.l(rt_locale_intlibspace.o)
    0x08000d74   0x00000008   Code   RO         5441    .text               c_w.l(rt_errno_addr_intlibspace.o)
    0x08000d7c   0x00000012   Code   RO         5445    .text               c_w.l(isspace.o)
    0x08000d8e   0x00000002   PAD
    0x08000d90   0x0000036c   Code   RO         5460    .text               c_w.l(_scanf.o)
    0x080010fc   0x000000d8   Code   RO         5462    .text               c_w.l(bigflt0.o)
    0x080011d4   0x00000008   Code   RO         5487    .text               c_w.l(ferror.o)
    0x080011dc   0x00000008   Code   RO         5515    .text               c_w.l(libspace.o)
    0x080011e4   0x0000004a   Code   RO         5518    .text               c_w.l(sys_stackheap_outer.o)
    0x0800122e   0x00000002   PAD
    0x08001230   0x00000010   Code   RO         5520    .text               c_w.l(rt_ctype_table.o)
    0x08001240   0x00000318   Code   RO         5524    .text               c_w.l(scanf_hexfp.o)
    0x08001558   0x00000134   Code   RO         5526    .text               c_w.l(scanf_infnan.o)
    0x0800168c   0x0000000c   Code   RO         5528    .text               c_w.l(exit.o)
    0x08001698   0x00000080   Code   RO         5530    .text               c_w.l(strcmpv7m.o)
    0x08001718   0x00000026   Code   RO         5589    .text               c_w.l(llshl.o)
    0x0800173e   0x00000338   Code   RO         5475    CL$$btod_div_common  c_w.l(btod.o)
    0x08001a76   0x00000002   PAD
    0x08001a78   0x00000054   Code   RO         5473    CL$$btod_e2d        c_w.l(btod.o)
    0x08001acc   0x000000c6   Code   RO         5472    CL$$btod_e2e        c_w.l(btod.o)
    0x08001b92   0x00000028   Code   RO         5469    CL$$btod_ediv       c_w.l(btod.o)
    0x08001bba   0x00000028   Code   RO         5471    CL$$btod_edivd      c_w.l(btod.o)
    0x08001be2   0x00000028   Code   RO         5468    CL$$btod_emul       c_w.l(btod.o)
    0x08001c0a   0x00000028   Code   RO         5470    CL$$btod_emuld      c_w.l(btod.o)
    0x08001c32   0x00000244   Code   RO         5474    CL$$btod_mult_common  c_w.l(btod.o)
    0x08001e76   0x00000004   Code   RO          547    i.BusFault_Handler  stm32f10x_it.o
    0x08001e7a   0x00000002   Code   RO          548    i.DebugMon_Handler  stm32f10x_it.o
    0x08001e7c   0x000001b0   Code   RO          385    i.EXTI15_10_IRQHandler  zhp_odom.o
    0x0800202c   0x0000000c   Code   RO         3921    i.EXTI_ClearITPendingBit  stm32f10x_exti.o
    0x08002038   0x00000028   Code   RO         3925    i.EXTI_GetITStatus  stm32f10x_exti.o
    0x08002060   0x00000094   Code   RO         3926    i.EXTI_Init         stm32f10x_exti.o
    0x080020f4   0x00000040   Code   RO         1742    i.GPIO_EXTILineConfig  stm32f10x_gpio.o
    0x08002134   0x00000116   Code   RO         1745    i.GPIO_Init         stm32f10x_gpio.o
    0x0800224a   0x00000012   Code   RO         1749    i.GPIO_ReadInputDataBit  stm32f10x_gpio.o
    0x0800225c   0x00000004   Code   RO         1752    i.GPIO_ResetBits    stm32f10x_gpio.o
    0x08002260   0x00000004   Code   RO         1753    i.GPIO_SetBits      stm32f10x_gpio.o
    0x08002264   0x00000004   Code   RO          549    i.HardFault_Handler  stm32f10x_it.o
    0x08002268   0x00000010   Code   RO         3974    i.IWDG_Enable       stm32f10x_iwdg.o
    0x08002278   0x00000008   Code   RO         1464    i.IWDG_Feed         wdg.o
    0x08002280   0x00000024   Code   RO         1465    i.IWDG_Init         wdg.o
    0x080022a4   0x00000010   Code   RO         3976    i.IWDG_ReloadCounter  stm32f10x_iwdg.o
    0x080022b4   0x0000000c   Code   RO         3977    i.IWDG_SetPrescaler  stm32f10x_iwdg.o
    0x080022c0   0x0000000c   Code   RO         3978    i.IWDG_SetReload    stm32f10x_iwdg.o
    0x080022cc   0x0000000c   Code   RO         3979    i.IWDG_WriteAccessCmd  stm32f10x_iwdg.o
    0x080022d8   0x0000003c   Code   RO         1264    i.MOTORS_Init       motors.o
    0x08002314   0x00000004   Code   RO          550    i.MemManage_Handler  stm32f10x_it.o
    0x08002318   0x00000008   Code   RO         1125    i.MotoTimerInit     timer.o
    0x08002320   0x00000002   Code   RO          551    i.NMI_Handler       stm32f10x_it.o
    0x08002322   0x0000000c   Code   RO         1514    i.NVIC_Configuration  sys.o
    0x0800232e   0x00000002   PAD
    0x08002330   0x00000070   Code   RO         1583    i.NVIC_Init         misc.o
    0x080023a0   0x00000014   Code   RO         1584    i.NVIC_PriorityGroupConfig  misc.o
    0x080023b4   0x00000058   Code   RO         4551    i.OSEventNameSet    os_core.o
    0x0800240c   0x0000002c   Code   RO         4553    i.OSInit            os_core.o
    0x08002438   0x0000000c   Code   RO         5058    i.OSInitHookBegin   os_cpu_c.o
    0x08002444   0x00000002   Code   RO         5059    i.OSInitHookEnd     os_cpu_c.o
    0x08002446   0x00000002   PAD
    0x08002448   0x00000024   Code   RO         4554    i.OSIntEnter        os_core.o
    0x0800246c   0x00000084   Code   RO         4555    i.OSIntExit         os_core.o
    0x080024f0   0x00000040   Code   RO         4556    i.OSSchedLock       os_core.o
    0x08002530   0x00000060   Code   RO         4557    i.OSSchedUnlock     os_core.o
    0x08002590   0x00000054   Code   RO         4846    i.OSSemCreate       os_sem.o
    0x080025e4   0x000000e4   Code   RO         4848    i.OSSemPend         os_sem.o
    0x080026c8   0x00000058   Code   RO         4850    i.OSSemPost         os_sem.o
    0x08002720   0x00000048   Code   RO         4558    i.OSStart           os_core.o
    0x08002768   0x0000004c   Code   RO         4559    i.OSStatInit        os_core.o
    0x080027b4   0x00000002   Code   RO         5060    i.OSTCBInitHook     os_cpu_c.o
    0x080027b6   0x00000002   PAD
    0x080027b8   0x000000a0   Code   RO         4899    i.OSTaskCreate      os_task.o
    0x08002858   0x00000002   Code   RO         5061    i.OSTaskCreateHook  os_cpu_c.o
    0x0800285a   0x00000002   Code   RO         5063    i.OSTaskIdleHook    os_cpu_c.o
    0x0800285c   0x00000002   Code   RO         5065    i.OSTaskStatHook    os_cpu_c.o
    0x0800285e   0x0000009a   Code   RO         5066    i.OSTaskStkInit     os_cpu_c.o
    0x080028f8   0x000000a0   Code   RO         4901    i.OSTaskSuspend     os_task.o
    0x08002998   0x00000002   Code   RO         5067    i.OSTaskSwHook      os_cpu_c.o
    0x0800299a   0x00000002   PAD
    0x0800299c   0x00000078   Code   RO         4929    i.OSTimeDly         os_time.o
    0x08002a14   0x00000060   Code   RO         4930    i.OSTimeDlyHMSM     os_time.o
    0x08002a74   0x000000e0   Code   RO         4560    i.OSTimeTick        os_core.o
    0x08002b54   0x00000020   Code   RO         5068    i.OSTimeTickHook    os_cpu_c.o
    0x08002b74   0x00000014   Code   RO         4969    i.OSTmrSignal       os_tmr.o
    0x08002b88   0x000000f4   Code   RO         4975    i.OSTmr_Init        os_tmr.o
    0x08002c7c   0x00000018   Code   RO         4976    i.OSTmr_InitTask    os_tmr.o
    0x08002c94   0x0000006c   Code   RO         4977    i.OSTmr_Link        os_tmr.o
    0x08002d00   0x00000080   Code   RO         4978    i.OSTmr_Task        os_tmr.o
    0x08002d80   0x00000044   Code   RO         4979    i.OSTmr_Unlink      os_tmr.o
    0x08002dc4   0x0000008c   Code   RO         4562    i.OS_EventTaskRdy   os_core.o
    0x08002e50   0x0000002a   Code   RO         4563    i.OS_EventTaskRemove  os_core.o
    0x08002e7a   0x0000003a   Code   RO         4564    i.OS_EventTaskRemoveMulti  os_core.o
    0x08002eb4   0x0000007c   Code   RO         4565    i.OS_EventTaskWait  os_core.o
    0x08002f30   0x0000001c   Code   RO         4567    i.OS_EventWaitListInit  os_core.o
    0x08002f4c   0x00000060   Code   RO         4568    i.OS_InitEventList  os_core.o
    0x08002fac   0x00000054   Code   RO         4569    i.OS_InitMisc       os_core.o
    0x08003000   0x00000044   Code   RO         4570    i.OS_InitRdyList    os_core.o
    0x08003044   0x00000064   Code   RO         4571    i.OS_InitTCBList    os_core.o
    0x080030a8   0x00000018   Code   RO         4572    i.OS_InitTaskIdle   os_core.o
    0x080030c0   0x00000018   Code   RO         4573    i.OS_InitTaskStat   os_core.o
    0x080030d8   0x00000012   Code   RO         4574    i.OS_MemClr         os_core.o
    0x080030ea   0x00000002   PAD
    0x080030ec   0x00000050   Code   RO         4783    i.OS_QInit          os_q.o
    0x0800313c   0x00000068   Code   RO         4576    i.OS_Sched          os_core.o
    0x080031a4   0x0000002c   Code   RO         4577    i.OS_SchedNew       os_core.o
    0x080031d0   0x000000fc   Code   RO         4579    i.OS_TCBInit        os_core.o
    0x080032cc   0x00000028   Code   RO         4580    i.OS_TaskIdle       os_core.o
    0x080032f4   0x00000084   Code   RO         4581    i.OS_TaskStat       os_core.o
    0x08003378   0x00000020   Code   RO         1855    i.RCC_APB1PeriphClockCmd  stm32f10x_rcc.o
    0x08003398   0x00000020   Code   RO         1857    i.RCC_APB2PeriphClockCmd  stm32f10x_rcc.o
    0x080033b8   0x000000d4   Code   RO         1865    i.RCC_GetClocksFreq  stm32f10x_rcc.o
    0x0800348c   0x00000002   Code   RO          552    i.SVC_Handler       stm32f10x_it.o
    0x0800348e   0x00000008   Code   RO          491    i.SetSysClock       system_stm32f10x.o
    0x08003496   0x00000002   PAD
    0x08003498   0x000000e0   Code   RO          492    i.SetSysClockTo72   system_stm32f10x.o
    0x08003578   0x00000028   Code   RO         1587    i.SysTick_CLKSourceConfig  misc.o
    0x080035a0   0x00000010   Code   RO         1482    i.SysTick_Handler   delay.o
    0x080035b0   0x00000060   Code   RO          494    i.SystemInit        system_stm32f10x.o
    0x08003610   0x000002a8   Code   RO         1128    i.TIM2_IRQHandler   timer.o
    0x080038b8   0x00000294   Code   RO         1130    i.TIM3_IRQHandler   timer.o
    0x08003b4c   0x00000294   Code   RO         1132    i.TIM4_IRQHandler   timer.o
    0x08003de0   0x00000294   Code   RO         1134    i.TIM5_IRQHandler   timer.o
    0x08004074   0x00000018   Code   RO         2441    i.TIM_ARRPreloadConfig  stm32f10x_tim.o
    0x0800408c   0x00000006   Code   RO         2448    i.TIM_ClearITPendingBit  stm32f10x_tim.o
    0x08004092   0x00000018   Code   RO         2453    i.TIM_Cmd           stm32f10x_tim.o
    0x080040aa   0x00000006   Code   RO         2468    i.TIM_GetCapture1   stm32f10x_tim.o
    0x080040b0   0x00000006   Code   RO         2469    i.TIM_GetCapture2   stm32f10x_tim.o
    0x080040b6   0x00000006   Code   RO         2470    i.TIM_GetCapture3   stm32f10x_tim.o
    0x080040bc   0x00000008   Code   RO         2471    i.TIM_GetCapture4   stm32f10x_tim.o
    0x080040c4   0x00000022   Code   RO         2474    i.TIM_GetITStatus   stm32f10x_tim.o
    0x080040e6   0x00000002   PAD
    0x080040e8   0x00000098   Code   RO         2482    i.TIM_OC1Init       stm32f10x_tim.o
    0x08004180   0x00000012   Code   RO         2484    i.TIM_OC1PolarityConfig  stm32f10x_tim.o
    0x08004192   0x00000012   Code   RO         2485    i.TIM_OC1PreloadConfig  stm32f10x_tim.o
    0x080041a4   0x000000a4   Code   RO         2487    i.TIM_OC2Init       stm32f10x_tim.o
    0x08004248   0x0000001a   Code   RO         2489    i.TIM_OC2PolarityConfig  stm32f10x_tim.o
    0x08004262   0x0000001a   Code   RO         2490    i.TIM_OC2PreloadConfig  stm32f10x_tim.o
    0x0800427c   0x000000a0   Code   RO         2492    i.TIM_OC3Init       stm32f10x_tim.o
    0x0800431c   0x0000001a   Code   RO         2494    i.TIM_OC3PolarityConfig  stm32f10x_tim.o
    0x08004336   0x00000012   Code   RO         2495    i.TIM_OC3PreloadConfig  stm32f10x_tim.o
    0x08004348   0x0000007c   Code   RO         2497    i.TIM_OC4Init       stm32f10x_tim.o
    0x080043c4   0x0000001a   Code   RO         2498    i.TIM_OC4PolarityConfig  stm32f10x_tim.o
    0x080043de   0x0000001a   Code   RO         2499    i.TIM_OC4PreloadConfig  stm32f10x_tim.o
    0x080043f8   0x000000a4   Code   RO         2524    i.TIM_TimeBaseInit  stm32f10x_tim.o
    0x0800449c   0x000000c4   Code   RO         1137    i.Tim4_init         timer.o
    0x08004560   0x0000003c   Code   RO         1526    i.USART1_IRQHandler  usart.o
    0x0800459c   0x0000004c   Code   RO         1223    i.USART2_IRQHandler  usart2.o
    0x080045e8   0x00000018   Code   RO         2057    i.USART_Cmd         stm32f10x_usart.o
    0x08004600   0x00000054   Code   RO         2061    i.USART_GetITStatus  stm32f10x_usart.o
    0x08004654   0x0000004a   Code   RO         2063    i.USART_ITConfig    stm32f10x_usart.o
    0x0800469e   0x00000002   PAD
    0x080046a0   0x000000d8   Code   RO         2064    i.USART_Init        stm32f10x_usart.o
    0x08004778   0x0000000a   Code   RO         2071    i.USART_ReceiveData  stm32f10x_usart.o
    0x08004782   0x00000004   Code   RO          553    i.UsageFault_Handler  stm32f10x_it.o
    0x08004786   0x00000002   PAD
    0x08004788   0x00000010   Code   RO         5411    i.__mathlib_dbl_underflow  m_ws.l(dunder.o)
    0x08004798   0x00000010   Code   RO         5509    i.__mathlib_narrow  m_ws.l(narrow.o)
    0x080047a8   0x00000088   Code   RO         5510    i.__mathlib_tofloat  m_ws.l(narrow.o)
    0x08004830   0x00000016   Code   RO         5601    i.__support_ldexp   m_ws.l(ldexp.o)
    0x08004846   0x0000000e   Code   RO         5171    i._is_digit         c_w.l(__printf_wp.o)
    0x08004854   0x00000004   Code   RO         1527    i._sys_exit         usart.o
    0x08004858   0x0000023c   Code   RO          244    i.auto_ctrl_val_update  zhp_control_app.o
    0x08004a94   0x000000bc   Code   RO          245    i.check_limit       zhp_control_app.o
    0x08004b50   0x0000003c   Code   RO          246    i.clear_i           zhp_control_app.o
    0x08004b8c   0x00000060   Code   RO          422    i.control_task      main.o
    0x08004bec   0x0000005c   Code   RO         1483    i.delay_init        delay.o
    0x08004c48   0x00000048   Code   RO         1484    i.delay_ms          delay.o
    0x08004c90   0x0000004c   Code   RO         1485    i.delay_us          delay.o
    0x08004cdc   0x00000044   Code   RO          423    i.feedback_task     main.o
    0x08004d20   0x0000001c   Code   RO         1528    i.fputc             usart.o
    0x08004d3c   0x00000058   Code   RO         5584    i.frexp             m_ws.l(frexp.o)
    0x08004d94   0x0000001c   Code   RO         1265    i.higher_left_backward  motors.o
    0x08004db0   0x0000001c   Code   RO         1266    i.higher_left_break  motors.o
    0x08004dcc   0x0000001c   Code   RO         1267    i.higher_left_forward  motors.o
    0x08004de8   0x0000001c   Code   RO         1269    i.higher_left_set_pwm  motors.o
    0x08004e04   0x0000001c   Code   RO         1270    i.higher_right_backward  motors.o
    0x08004e20   0x0000001c   Code   RO         1271    i.higher_right_break  motors.o
    0x08004e3c   0x0000001c   Code   RO         1272    i.higher_right_forward  motors.o
    0x08004e58   0x0000001c   Code   RO         1274    i.higher_right_set_pwm  motors.o
    0x08004e74   0x0000007e   Code   RO         5602    i.ldexp             m_ws.l(ldexp.o)
    0x08004ef2   0x00000002   PAD
    0x08004ef4   0x0000001c   Code   RO         1275    i.lower_left_backward  motors.o
    0x08004f10   0x0000001c   Code   RO         1276    i.lower_left_break  motors.o
    0x08004f2c   0x0000001c   Code   RO         1277    i.lower_left_forward  motors.o
    0x08004f48   0x0000001c   Code   RO         1279    i.lower_left_set_pwm  motors.o
    0x08004f64   0x0000001c   Code   RO         1280    i.lower_right_backward  motors.o
    0x08004f80   0x0000001c   Code   RO         1281    i.lower_right_break  motors.o
    0x08004f9c   0x0000001c   Code   RO         1282    i.lower_right_forward  motors.o
    0x08004fb8   0x0000001c   Code   RO         1284    i.lower_right_set_pwm  motors.o
    0x08004fd4   0x0000002c   Code   RO          425    i.main              main.o
    0x08005000   0x00000058   Code   RO          325    i.make_table        zhp_crc.o
    0x08005058   0x00000178   Code   RO         1285    i.moto_control_with_val  motors.o
    0x080051d0   0x00000034   Code   RO          387    i.phase_detector_pin_init  zhp_odom.o
    0x08005204   0x000000b4   Code   RO          248    i.pid_calc          zhp_control_app.o
    0x080052b8   0x000000a8   Code   RO          249    i.pid_speed_control  zhp_control_app.o
    0x08005360   0x00000160   Code   RO          352    i.receiver_decoder_frame  zhp_frame.o
    0x080054c0   0x0000014c   Code   RO          353    i.sender_encoder_frame  zhp_frame.o
    0x0800560c   0x00000070   Code   RO          426    i.start_task        main.o
    0x0800567c   0x0000003c   Code   RO          427    i.supervising_task  main.o
    0x080056b8   0x000000a0   Code   RO         1529    i.uart_init         usart.o
    0x08005758   0x00000070   Code   RO            1    i.zhp_app_init      zhp_app.o
    0x080057c8   0x00000008   Code   RO          251    i.zhp_computer_control  zhp_control_app.o
    0x080057d0   0x00000188   Code   RO          252    i.zhp_control_init  zhp_control_app.o
    0x08005958   0x0000003c   Code   RO          326    i.zhp_crc32         zhp_crc.o
    0x08005994   0x00000100   Code   RO          388    i.zhp_ext_int_init  zhp_odom.o
    0x08005a94   0x0000002c   Code   RO         5494    locale$$code        c_w.l(lc_numeric_c.o)
    0x08005ac0   0x0000002c   Code   RO         5592    locale$$code        c_w.l(lc_ctype_c.o)
    0x08005aec   0x00000062   Code   RO         5198    x$fpl$d2f           fz_ws.l(d2f.o)
    0x08005b4e   0x00000002   PAD
    0x08005b50   0x00000150   Code   RO         5200    x$fpl$dadd          fz_ws.l(daddsub_clz.o)
    0x08005ca0   0x00000010   Code   RO         5496    x$fpl$dcheck1       fz_ws.l(dcheck1.o)
    0x08005cb0   0x00000018   Code   RO         5374    x$fpl$dcmpinf       fz_ws.l(dcmpi.o)
    0x08005cc8   0x000002b0   Code   RO         5207    x$fpl$ddiv          fz_ws.l(ddiv.o)
    0x08005f78   0x00000078   Code   RO         5210    x$fpl$deqf          fz_ws.l(deqf.o)
    0x08005ff0   0x0000005a   Code   RO         5212    x$fpl$dfixu         fz_ws.l(dfixu.o)
    0x0800604a   0x0000002e   Code   RO         5217    x$fpl$dflt          fz_ws.l(dflt_clz.o)
    0x08006078   0x00000078   Code   RO         5226    x$fpl$dleqf         fz_ws.l(dleqf.o)
    0x080060f0   0x0000009c   Code   RO         5376    x$fpl$dnaninf       fz_ws.l(dnaninf.o)
    0x0800618c   0x0000000c   Code   RO         5378    x$fpl$dretinf       fz_ws.l(dretinf.o)
    0x08006198   0x0000006c   Code   RO         5230    x$fpl$drleqf        fz_ws.l(drleqf.o)
    0x08006204   0x000001d4   Code   RO         5202    x$fpl$dsub          fz_ws.l(daddsub_clz.o)
    0x080063d8   0x00000056   Code   RO         5232    x$fpl$f2d           fz_ws.l(f2d.o)
    0x0800642e   0x00000002   PAD
    0x08006430   0x000000c4   Code   RO         5234    x$fpl$fadd          fz_ws.l(faddsub_clz.o)
    0x080064f4   0x00000018   Code   RO         5382    x$fpl$fcmpinf       fz_ws.l(fcmpi.o)
    0x0800650c   0x00000184   Code   RO         5241    x$fpl$fdiv          fz_ws.l(fdiv.o)
    0x08006690   0x00000068   Code   RO         5244    x$fpl$feqf          fz_ws.l(feqf.o)
    0x080066f8   0x00000036   Code   RO         5246    x$fpl$ffix          fz_ws.l(ffix.o)
    0x0800672e   0x00000002   PAD
    0x08006730   0x00000030   Code   RO         5251    x$fpl$fflt          fz_ws.l(fflt_clz.o)
    0x08006760   0x00000068   Code   RO         5384    x$fpl$fleqf         fz_ws.l(fleqf.o)
    0x080067c8   0x00000102   Code   RO         5256    x$fpl$fmul          fz_ws.l(fmul.o)
    0x080068ca   0x0000008c   Code   RO         5386    x$fpl$fnaninf       fz_ws.l(fnaninf.o)
    0x08006956   0x0000000a   Code   RO         5388    x$fpl$fretinf       fz_ws.l(fretinf.o)
    0x08006960   0x00000062   Code   RO         5258    x$fpl$frleqf        fz_ws.l(frleqf.o)
    0x080069c2   0x00000002   PAD
    0x080069c4   0x000000ea   Code   RO         5236    x$fpl$fsub          fz_ws.l(faddsub_clz.o)
    0x08006aae   0x00000064   Code   RO         5581    x$fpl$retnan        fz_ws.l(retnan.o)
    0x08006b12   0x0000005c   Code   RO         5398    x$fpl$scalbn        fz_ws.l(scalbn.o)
    0x08006b6e   0x00000004   Code   RO         5260    x$fpl$scanf1        fz_ws.l(scanf1.o)
    0x08006b72   0x00000008   Code   RO         5503    x$fpl$scanf2        fz_ws.l(scanf2.o)
    0x08006b7a   0x00000030   Code   RO         5598    x$fpl$trapveneer    fz_ws.l(trapv.o)
    0x08006baa   0x00000000   Code   RO         5400    x$fpl$usenofp       fz_ws.l(usenofp.o)
    0x08006baa   0x00000100   Data   RO         4583    .constdata          os_core.o
    0x08006caa   0x00000011   Data   RO         5179    .constdata          c_w.l(__printf_flags_ss_wp.o)
    0x08006cbb   0x00000001   PAD
    0x08006cbc   0x00000094   Data   RO         5463    .constdata          c_w.l(bigflt0.o)
    0x08006d50   0x00000020   Data   RO         5680    Region$$Table       anon$$obj.o
    0x08006d70   0x00000008   Data   RO         5498    c$$dinf             fz_ws.l(fpconst.o)
    0x08006d78   0x0000001c   Data   RO         5493    locale$$data        c_w.l(lc_numeric_c.o)
    0x08006d94   0x00000110   Data   RO         5591    locale$$data        c_w.l(lc_ctype_c.o)


    Execution Region RW_IRAM1 (Base: 0x20000000, Size: 0x00002a38, Max: 0x0000c000, ABSOLUTE, COMPRESSED[0x00000034])

    Base Addr    Size         Type   Attr      Idx    E Section Name        Object

    0x20000000   0x00000020   Data   RW          255    .data               zhp_control_app.o
    0x20000020   0x0000000a   Data   RW          329    .data               zhp_crc.o
    0x2000002a   0x0000000a   Data   RW          356    .data               zhp_frame.o
    0x20000034   0x00000008   Data   RW          431    .data               main.o
    0x2000003c   0x00000010   Data   RW          482    .data               config.o
    0x2000004c   0x00000014   Data   RW          495    .data               system_stm32f10x.o
    0x20000060   0x000000a0   Data   RW         1139    .data               timer.o
    0x20000100   0x00000002   Data   RW         1227    .data               usart2.o
    0x20000102   0x00000004   Data   RW         1486    .data               delay.o
    0x20000106   0x00000002   PAD
    0x20000108   0x00000004   Data   RW         1532    .data               usart.o
    0x2000010c   0x00000014   Data   RW         1885    .data               stm32f10x_rcc.o
    0x20000120   0x00000054   Data   RW         4584    .data               os_core.o
    0x20000174   0x00000006   Data   RW         5069    .data               os_cpu_c.o
    0x2000017a   0x00000006   PAD
    0x20000180   0x00000190   Zero   RW          253    .bss                zhp_control_app.o
    0x20000310   0x00000400   Zero   RW          327    .bss                zhp_crc.o
    0x20000710   0x00000254   Zero   RW          354    .bss                zhp_frame.o
    0x20000964   0x00000f00   Zero   RW          429    .bss                main.o
    0x20001864   0x00000048   Zero   RW         1138    .bss                timer.o
    0x200018ac   0x00000004   PAD
    0x200018b0   0x00000190   Zero   RW         1226    .bss                usart2.o
    0x20001a40   0x00000998   Zero   RW         4582    .bss                os_core.o
    0x200023d8   0x00000060   Zero   RW         5516    .bss                c_w.l(libspace.o)
    0x20002438   0x00000200   Zero   RW         1577    HEAP                startup_stm32f10x_hd.o
    0x20002638   0x00000400   Zero   RW         1576    STACK               startup_stm32f10x_hd.o


==============================================================================

Image component sizes


      Code (inc. data)   RO Data    RW Data    ZI Data      Debug   Object Name

         0          0          0         16          0        363   config.o
         0          0          0          0          0         32   core_cm3.o
       256         32          0          4          0       2225   delay.o
       380         70          0          8       3840       3779   main.o
       172         22          0          0          0       2113   misc.o
       884         82          0          0          0       8202   motors.o
      2210        378        256         84       2456      21859   os_core.o
       180         36          0          0          0        312   os_cpu_a.o
       210          8          0          6          0      12663   os_cpu_c.o
        80          8          0          0          0        543   os_q.o
       400         24          0          0          0       2402   os_sem.o
       320         28          0          0          0       2011   os_task.o
       216         30          0          0          0       1312   os_time.o
       592        118          0          0          0       3751   os_tmr.o
        64         26        304          0       1536        780   startup_stm32f10x_hd.o
       200         18          0          0          0       2156   stm32f10x_exti.o
       368          4          0          0          0       4278   stm32f10x_gpio.o
        22          0          0          0          0       2771   stm32f10x_it.o
        68         30          0          0          0       2402   stm32f10x_iwdg.o
       276         32          0         20          0       4474   stm32f10x_rcc.o
      1062         92          0          0          0      12882   stm32f10x_tim.o
       408          6          0          0          0       4978   stm32f10x_usart.o
        12          0          0          0          0        437   sys.o
       328         28          0         20          0       2125   system_stm32f10x.o
      2864        292          0        160         72       8941   timer.o
       252         22          0          4          0       4215   usart.o
        76         14          0          2        400       1304   usart2.o
        44          0          0          0          0        912   wdg.o
       112         34          0          0          0     265467   zhp_app.o
      1568        100          0         32        400       7779   zhp_control_app.o
       148         22          0         10       1024       1811   zhp_crc.o
       684         18          0         10        596       3761   zhp_frame.o
       740         22          0          0          0       1772   zhp_odom.o

    ----------------------------------------------------------------------
     15214       1596        592        380      10332     394812   Object Totals
         0          0         32          0          0          0   (incl. Generated)
        18          0          0          4          8          0   (incl. Padding)

    ----------------------------------------------------------------------

      Code (inc. data)   RO Data    RW Data    ZI Data      Debug   Library Member Name

        60          8          0          0          0         84   __0sscanf.o
        24          4          0          0          0         84   __2printf.o
        90          0          0          0          0          0   __dczerorl2.o
         8          0          0          0          0         68   __main.o
       392          4         17          0          0         92   __printf_flags_ss_wp.o
        14          0          0          0          0         68   __printf_wp.o
        52          8          0          0          0          0   __scatter.o
        28          0          0          0          0          0   __scatter_zi.o
        28          0          0          0          0         68   _chval.o
        48          6          0          0          0         96   _printf_char_common.o
        36          4          0          0          0         80   _printf_char_file.o
         0          0          0          0          0          0   _printf_percent.o
         4          0          0          0          0          0   _printf_percent_end.o
        22          0          0          0          0        100   _rserrno.o
       876          4          0          0          0        100   _scanf.o
       332          0          0          0          0         96   _scanf_int.o
        64          0          0          0          0         84   _sgetc.o
       216          4        148          0          0         96   bigflt0.o
      1846        132          0          0          0        736   btod.o
        12          0          0          0          0         72   exit.o
         8          0          0          0          0         68   ferror.o
         6          0          0          0          0        152   heapauxi.o
        18          0          0          0          0         76   isspace.o
        44         10        272          0          0         76   lc_ctype_c.o
        44         10         28          0          0         76   lc_numeric_c.o
         2          0          0          0          0          0   libinit.o
        30          0          0          0          0          0   libinit2.o
         2          0          0          0          0          0   libshutdown.o
         2          0          0          0          0          0   libshutdown2.o
         8          4          0          0         96         68   libspace.o
        38          0          0          0          0         68   llshl.o
        16          4          0          0          0         76   rt_ctype_table.o
         8          4          0          0          0         68   rt_errno_addr_intlibspace.o
         8          4          0          0          0         68   rt_locale_intlibspace.o
        68          0          0          0          0         68   rt_memclr.o
        78          0          0          0          0         80   rt_memclr_w.o
       138          0          0          0          0         68   rt_memcpy_v6.o
       100          0          0          0          0         80   rt_memcpy_w.o
         0          0          0          0          0          0   rtentry.o
        12          0          0          0          0          0   rtentry2.o
         6          0          0          0          0          0   rtentry4.o
         2          0          0          0          0          0   rtexit.o
        10          0          0          0          0          0   rtexit2.o
        44          8          0          0          0         84   scanf_char.o
      1188         12          0          0          0        148   scanf_fp.o
       792         14          0          0          0        100   scanf_hexfp.o
       308         16          0          0          0        100   scanf_infnan.o
       128          0          0          0          0         68   strcmpv7m.o
        74          0          0          0          0         80   sys_stackheap_outer.o
         2          0          0          0          0         68   use_no_semi.o
         2          0          0          0          0         68   use_no_semi_2.o
        98          4          0          0          0         92   d2f.o
       804         16          0          0          0        272   daddsub_clz.o
        16          4          0          0          0         68   dcheck1.o
        24          0          0          0          0         68   dcmpi.o
       688        140          0          0          0        208   ddiv.o
       120          4          0          0          0         92   deqf.o
        90          4          0          0          0         92   dfixu.o
        46          0          0          0          0         68   dflt_clz.o
       120          4          0          0          0         92   dleqf.o
       156          4          0          0          0         92   dnaninf.o
        12          0          0          0          0         68   dretinf.o
       108          0          0          0          0         80   drleqf.o
        86          4          0          0          0         84   f2d.o
       430          8          0          0          0        168   faddsub_clz.o
        24          0          0          0          0         68   fcmpi.o
       388         76          0          0          0         96   fdiv.o
       104          4          0          0          0         84   feqf.o
        54          4          0          0          0         84   ffix.o
        48          0          0          0          0         68   fflt_clz.o
       104          4          0          0          0         84   fleqf.o
       258          4          0          0          0         84   fmul.o
       140          4          0          0          0         84   fnaninf.o
         0          0          8          0          0          0   fpconst.o
        10          0          0          0          0         68   fretinf.o
        98          0          0          0          0         68   frleqf.o
       100          0          0          0          0         68   retnan.o
        92          0          0          0          0         68   scalbn.o
         4          0          0          0          0         68   scanf1.o
         8          0          0          0          0         84   scanf2.o
        48          0          0          0          0         68   trapv.o
         0          0          0          0          0          0   usenofp.o
        16          6          0          0          0         68   dunder.o
        88          8          0          0          0         76   frexp.o
       148          0          0          0          0        160   ldexp.o
       152          4          0          0          0        160   narrow.o

    ----------------------------------------------------------------------
     12044        568        474          0         96       6884   Library Totals
        24          2          1          0          0          0   (incl. Padding)

    ----------------------------------------------------------------------

      Code (inc. data)   RO Data    RW Data    ZI Data      Debug   Library Name

      7338        260        465          0         96       3732   c_w.l
      4278        288          8          0          0       2688   fz_ws.l
       404         18          0          0          0        464   m_ws.l

    ----------------------------------------------------------------------
     12044        568        474          0         96       6884   Library Totals

    ----------------------------------------------------------------------

==============================================================================


      Code (inc. data)   RO Data    RW Data    ZI Data      Debug   

     27258       2164       1066        380      10428     389628   Grand Totals
     27258       2164       1066         52      10428     389628   ELF Image Totals (compressed)
     27258       2164       1066         52          0          0   ROM Totals

==============================================================================

    Total RO  Size (Code + RO Data)                28324 (  27.66kB)
    Total RW  Size (RW Data + ZI Data)             10808 (  10.55kB)
    Total ROM Size (Code + RO Data + RW Data)      28376 (  27.71kB)

==============================================================================

