<html>
<body>
<pre>
<h1>礦ision Build Log</h1>
<h2>Project:</h2>
D:\Experience\LittleCar-四直流电机\USER\UCOSII-1.uvproj
Project File Date:  04/12/2019

<h2>Output:</h2>
Build target 'Target 1'
compiling zhp_control_app.c...
linking...
Program Size: Code=27258 RO-data=1066 RW-data=380 ZI-data=10428  
FromELF: creating hex file...
"..\OBJ\UCOSII-1.axf" - 0 Error(s), 0 Warning(s).
Load "..\\OBJ\\UCOSII-1.axf" 
* JLink Info: Device "CORTEX-M3" selected.
Set JLink Project File to "D:\Experience\LittleCar-四直流电机\USER\JLinkSettings.ini"
* JLink Info: Device "STM32F103RC" selected.
 
JLink info:
------------
DLL: V6.14a, compiled Feb 27 2017 18:41:26
Firmware: J-Link V9 compiled Dec 16 2016 15:34:10
Hardware: V9.40
S/N : 59403194 
Feature(s) : GDB, RDI, FlashBP, FlashDL, JFlash 
 
* JLink Info: Found SWD-DP with ID 0x1BA01477
* JLink Info: Found SWD-DP with ID 0x1BA01477
* JLink Info: AP-IDR: 0x14770011, Type: AHB-AP
* JLink Info: AHB-AP ROM: 0xE00FF000 (Base addr. of first ROM table)
* JLink Info: Found Cortex-M3 r1p1, Little endian.
* JLink Info: FPUnit: 6 code (BP) slots and 2 literal slots
* JLink Info: CoreSight components:
* JLink Info: ROMTbl 0 @ E00FF000
* JLink Info: ROMTbl 0 [0]: FFF0F000, CID: B105E00D, PID: 001BB000 SCS
* JLink Info: ROMTbl 0 [1]: FFF02000, CID: B105E00D, PID: 001BB002 DWT
* JLink Info: ROMTbl 0 [2]: FFF03000, CID: B105E00D, PID: 000BB003 FPB
* JLink Info: ROMTbl 0 [3]: FFF01000, CID: B105E00D, PID: 001BB001 ITM
* JLink Info: ROMTbl 0 [4]: FFF41000, CID: B105900D, PID: 001BB923 TPIU-Lite
* JLink Info: ROMTbl 0 [5]: FFF42000, CID: B105900D, PID: 101BB924 ETM-M3
ROMTableAddr = 0xE00FF003
 
Target info:
------------
Device: STM32F103RC
VTarget = 3.327V
State of Pins: 
TCK: 0, TDI: 1, TDO: 1, TMS: 1, TRES: 1, TRST: 1
Hardware-Breakpoints: 6
Software-Breakpoints: 8192
Watchpoints:          4
JTAG speed: 4000 kHz
 
Erase Done.
Programming Done.
Verify OK.
Application running ...
</pre>
</body>
</html>
speed: 4000 kHz
 
Erase Done.
Programming Done.
Verify OK.
Application running ...
as no field "spd_pid_lower_left"
        auto_ctrl_val.spd_pid_lower_left.cur = 0;
..\APP\zhp_control_app.c(39): error:  #136: struct "auto_ctrl_val_str" has no field "spd_pid_higher_left"
        auto_ctrl_val.spd_pid_higher_left.p = -auto_ctrl_val.p_t;
..\APP\zhp_control_app.c(40): error:  #136: struct "auto_ctrl_val_str" has no field "spd_pid_higher_left"
        auto_ctrl_val.spd_pid_higher_left.i = -auto_ctrl_val.i_t;
..\APP\zhp_control_app.c(41): error:  #136: struct "auto_ctrl_val_str" has no field "spd_pid_higher_left"
        auto_ctrl_val.spd_pid_higher_left.d = -auto_ctrl_val.d_t;
..\APP\zhp_control_app.c(42): error:  #136: struct "auto_ctrl_val_str" has no field "spd_pid_higher_left"
        auto_ctrl_val.spd_pid_higher_left.ek = 0;
..\APP\zhp_control_app.c(43): error:  #136: struct "auto_ctrl_val_str" has no field "spd_pid_higher_left"
        auto_ctrl_val.spd_pid_higher_left.ek1 = 0;
..\APP\zhp_control_app.c(44): error:  #136: struct "auto_ctrl_val_str" has no field "spd_pid_higher_left"
        auto_ctrl_val.spd_pid_higher_left.target = 0;
..\APP\zhp_control_app.c(45): error:  #136: struct "auto_ctrl_val_str" has no field "spd_pid_higher_left"
        auto_ctrl_val.spd_pid_higher_left.pout = 0;
..\APP\zhp_control_app.c(46): error:  #136: struct "auto_ctrl_val_str" has no field "spd_pid_higher_left"
        auto_ctrl_val.spd_pid_higher_left.iout = 0;
..\APP\zhp_control_app.c(47): error:  #136: struct "auto_ctrl_val_str" has no field "spd_pid_higher_left"
        auto_ctrl_val.spd_pid_higher_left.isum = 0;
..\APP\zhp_control_app.c(48): error:  #136: struct "auto_ctrl_val_str" has no field "spd_pid_higher_left"
        auto_ctrl_val.spd_pid_higher_left.dout = 0;
..\APP\zhp_control_app.c(49): error:  #136: struct "auto_ctrl_val_str" has no field "spd_pid_higher_left"
        auto_ctrl_val.spd_pid_higher_left.out =0;
..\APP\zhp_control_app.c(50): error:  #136: struct "auto_ctrl_val_str" has no field "spd_pid_higher_left"
        auto_ctrl_val.spd_pid_higher_left.cur = 0;
..\APP\zhp_control_app.c(65): error:  #136: struct "auto_ctrl_val_str" has no field "spd_pid_higher_right"
        auto_ctrl_val.spd_pid_higher_right.p = auto_ctrl_val.p_t;
..\APP\zhp_control_app.c(66): error:  #136: struct "auto_ctrl_val_str" has no field "spd_pid_higher_right"
        auto_ctrl_val.spd_pid_higher_right.i = auto_ctrl_val.i_t;
..\APP\zhp_control_app.c(67): error:  #136: struct "auto_ctrl_val_str" has no field "spd_pid_higher_right"
        auto_ctrl_val.spd_pid_higher_right.d = auto_ctrl_val.d_t;
..\APP\zhp_control_app.c(68): error:  #136: struct "auto_ctrl_val_str" has no field "spd_pid_higher_right"
        auto_ctrl_val.spd_pid_higher_right.ek = 0;
..\APP\zhp_control_app.c(69): error:  #136: struct "auto_ctrl_val_str" has no field "spd_pid_higher_right"
        auto_ctrl_val.spd_pid_higher_right.ek1 = 0;
..\APP\zhp_control_app.c(70): error:  #136: struct "auto_ctrl_val_str" has no field "spd_pid_higher_right"
        auto_ctrl_val.spd_pid_higher_right.target = 0;
..\APP\zhp_control_app.c: 0 warnings, 30 errors
compiling zhp_odom.c...
compiling main.c...
compiling Motors.c...
compiling usart.c...
"..\OBJ\UCOSII-1.axf" - 30 Error(s), 0 Warning(s).
Target not created
piling usart.c...
"..\OBJ\UCOSII-1.axf" - 30 Error(s), 0 Warning(s).
Target not created
Load "..\\OBJ\\UCOSII-1.axf" 
_____^
*** error 56: cannot open file
Error: Flash Download failed  -  Could not load file '..\OBJ\UCOSII-1.axf'
           LEFT_JUDGE_INC_DEC(GPIOB, GPIO_Pin_13, GPIOC, GPIO_Pin_5, auto_ctrl_val.higher_right_cnt);
..\APP\zhp_odom.c(150): error:  #136: struct "auto_ctrl_val_str" has no field "higher_right_cnt"
                LEFT_JUDGE_INC_DEC(GPIOB, GPIO_Pin_13, GPIOC, GPIO_Pin_5, auto_ctrl_val.higher_right_cnt);
..\APP\zhp_odom.c(150): error:  #136: struct "auto_ctrl_val_str" has no field "higher_right_cnt"
                LEFT_JUDGE_INC_DEC(GPIOB, GPIO_Pin_13, GPIOC, GPIO_Pin_5, auto_ctrl_val.higher_right_cnt);
..\APP\zhp_odom.c: 0 warnings, 4 errors
compiling main.c...
main.c(120): error:  #136: struct "auto_ctrl_val_str" has no field "higher_right_pwm"
                auto_ctrl_val.higher_right_pwm = 3000;
main.c(122): error:  #136: struct "auto_ctrl_val_str" has no field "higher_right_pwm"
      higher_left_set_pwm(auto_ctrl_val.higher_right_pwm);
main.c(127): error:  #136: struct "auto_ctrl_val_str" has no field "higher_right_pwm"
      higher_left_set_pwm(auto_ctrl_val.higher_right_pwm);
main.c(178): error:  #136: struct "auto_ctrl_val_str" has no field "higher_right_pwm"
        auto_ctrl_val.higher_right_pwm = 0;
main.c(183): error:  #136: struct "auto_ctrl_val_str" has no field "higher_right_dir_state"
        auto_ctrl_val.higher_right_dir_state = TRUE;
main.c: 0 warnings, 5 errors
compiling Motors.c...
..\HAL\Motors.c(182): error:  #136: struct "auto_ctrl_val_str" has no field "higher_right_pwm"
        if (auto_ctrl_val.higher_right_pwm >= 0)
..\HAL\Motors.c(184): error:  #136: struct "auto_ctrl_val_str" has no field "higher_right_dir_state"
                auto_ctrl_val.higher_right_dir_state = TRUE;
..\HAL\Motors.c(186): error:  #136: struct "auto_ctrl_val_str" has no field "higher_right_pwm"
                higher_left_set_pwm((uint16_t)fabs(auto_ctrl_val.higher_right_pwm));
..\HAL\Motors.c(190): error:  #136: struct "auto_ctrl_val_str" has no field "higher_right_dir_state"
                auto_ctrl_val.higher_right_dir_state = FALSE;
..\HAL\Motors.c(192): error:  #136: struct "auto_ctrl_val_str" has no field "higher_right_pwm"
                higher_left_set_pwm((uint16_t)fabs(auto_ctrl_val.higher_right_pwm));
..\HAL\Motors.c: 0 warnings, 5 errors
"..\OBJ\UCOSII-1.axf" - 44 Error(s), 0 Warning(s).
Target not created
