Product: MDK-ARM Professional 5.10
Component: ARM Compiler 5.04 update 1 (build 49)
Tool: armlink [5040049]

==============================================================================

Section Cross References

    zhp_app.o(i.zhp_app_init) refers to system_stm32f10x.o(i.SystemInit) for SystemInit
    zhp_app.o(i.zhp_app_init) refers to misc.o(i.NVIC_PriorityGroupConfig) for NVIC_PriorityGroupConfig
    zhp_app.o(i.zhp_app_init) refers to delay.o(i.delay_init) for delay_init
    zhp_app.o(i.zhp_app_init) refers to led.o(i.LED_Init) for LED_Init
    zhp_app.o(i.zhp_app_init) refers to delay.o(i.delay_ms) for delay_ms
    zhp_app.o(i.zhp_app_init) refers to motors.o(i.MOTORS_Init) for MOTORS_Init
    zhp_app.o(i.zhp_app_init) refers to pstwo.o(i.PS2_Init) for PS2_Init
    zhp_app.o(i.zhp_app_init) refers to zhp_crc.o(i.CRC_Config) for CRC_Config
    zhp_app.o(i.zhp_app_init) refers to timer.o(i.RemoteControllerCaptureInit) for RemoteControllerCaptureInit
    zhp_app.o(i.zhp_app_init) refers to wdg.o(i.IWDG_Init) for IWDG_Init
    zhp_app.o(i.zhp_app_init) refers to zhp_ext_int.o(i.zhp_ext_int_init) for zhp_ext_int_init
    zhp_app.o(i.zhp_app_init) refers to zhp_control_app.o(i.zhp_control_init) for zhp_control_init
    zhp_app.o(i.zhp_app_init) refers to usart.o(i.uart_init) for uart_init
    zhp_app.o(i.zhp_app_init) refers to __2printf.o(.text) for __2printf
    zhp_app.o(i.zhp_app_init) refers to zhp_control_app.o(.data) for pwm_resolution
    zhp_app.o(i.zhp_get_imu_data) refers to imu.o(i.IMU_DataGetAndFilter) for IMU_DataGetAndFilter
    zhp_app.o(i.zhp_get_imu_data) refers to ms5611.o(i.Get_Pressure_Diff) for Get_Pressure_Diff
    zhp_app.o(i.zhp_get_imu_data) refers to f2d.o(x$fpl$f2d) for __aeabi_f2d
    zhp_app.o(i.zhp_get_imu_data) refers to dmul.o(x$fpl$dmul) for __aeabi_dmul
    zhp_app.o(i.zhp_get_imu_data) refers to d2f.o(x$fpl$d2f) for __aeabi_d2f
    zhp_app.o(i.zhp_get_imu_data) refers to imu.o(i.IMUupdate) for IMUupdate
    zhp_app.o(i.zhp_get_imu_data) refers to faddsub_clz.o(x$fpl$fadd) for __aeabi_fadd
    zhp_app.o(i.zhp_get_imu_data) refers to daddsub_clz.o(x$fpl$dsub) for __aeabi_dsub
    zhp_app.o(i.zhp_get_imu_data) refers to daddsub_clz.o(x$fpl$dadd) for __aeabi_dadd
    zhp_app.o(i.zhp_get_imu_data) refers to imu.o(.bss) for imu
    zhp_control_app.o(i.auto_ctrl_val_update) refers to scanf1.o(x$fpl$scanf1) for _scanf_real
    zhp_control_app.o(i.auto_ctrl_val_update) refers to fdiv.o(x$fpl$fdiv) for __aeabi_fdiv
    zhp_control_app.o(i.auto_ctrl_val_update) refers to fflt_clz.o(x$fpl$fflt) for __aeabi_i2f
    zhp_control_app.o(i.auto_ctrl_val_update) refers to fmul.o(x$fpl$fmul) for __aeabi_fmul
    zhp_control_app.o(i.auto_ctrl_val_update) refers to faddsub_clz.o(x$fpl$fadd) for __aeabi_fadd
    zhp_control_app.o(i.auto_ctrl_val_update) refers to f2d.o(x$fpl$f2d) for __aeabi_f2d
    zhp_control_app.o(i.auto_ctrl_val_update) refers to ddiv.o(x$fpl$ddiv) for __aeabi_ddiv
    zhp_control_app.o(i.auto_ctrl_val_update) refers to d2f.o(x$fpl$d2f) for __aeabi_d2f
    zhp_control_app.o(i.auto_ctrl_val_update) refers to faddsub_clz.o(x$fpl$fsub) for __aeabi_fsub
    zhp_control_app.o(i.auto_ctrl_val_update) refers to __0sscanf.o(.text) for __0sscanf
    zhp_control_app.o(i.auto_ctrl_val_update) refers to feqf.o(x$fpl$feqf) for __aeabi_cfcmpeq
    zhp_control_app.o(i.auto_ctrl_val_update) refers to zhp_control_app.o(i.clear_i) for clear_i
    zhp_control_app.o(i.auto_ctrl_val_update) refers to zhp_control_app.o(i.check_limit) for check_limit
    zhp_control_app.o(i.auto_ctrl_val_update) refers to zhp_control_app.o(i.update_pid_param) for update_pid_param
    zhp_control_app.o(i.auto_ctrl_val_update) refers to zhp_control_app.o(i.pid_speed_control) for pid_speed_control
    zhp_control_app.o(i.auto_ctrl_val_update) refers to zhp_control_app.o(.bss) for auto_ctrl_val
    zhp_control_app.o(i.auto_ctrl_val_update) refers to config.o(.data) for perimeter
    zhp_control_app.o(i.auto_ctrl_val_update) refers to zhp_control_app.o(.data) for last_angular
    zhp_control_app.o(i.auto_ctrl_val_update) refers to zhp_frame.o(.bss) for final_rx_frame
    zhp_control_app.o(i.check_limit) refers to frleqf.o(x$fpl$frleqf) for __aeabi_cfrcmple
    zhp_control_app.o(i.check_limit) refers to zhp_control_app.o(.bss) for auto_ctrl_val
    zhp_control_app.o(i.clear_i) refers to zhp_control_app.o(.bss) for auto_ctrl_val
    zhp_control_app.o(i.clear_pid) refers to zhp_control_app.o(.bss) for auto_ctrl_val
    zhp_control_app.o(i.pid_calc) refers to faddsub_clz.o(x$fpl$fsub) for __aeabi_fsub
    zhp_control_app.o(i.pid_calc) refers to fmul.o(x$fpl$fmul) for __aeabi_fmul
    zhp_control_app.o(i.pid_calc) refers to f2d.o(x$fpl$f2d) for __aeabi_f2d
    zhp_control_app.o(i.pid_calc) refers to daddsub_clz.o(x$fpl$dadd) for __aeabi_dadd
    zhp_control_app.o(i.pid_calc) refers to dleqf.o(x$fpl$dleqf) for __aeabi_cdcmple
[...]
    I2C2_ER_IRQHandler                       0x0800024b   Thumb Code     0  startup_stm32f10x_hd.o(.text)
    I2C2_EV_IRQHandler                       0x0800024b   Thumb Code     0  startup_stm32f10x_hd.o(.text)
    PVD_IRQHandler                           0x0800024b   Thumb Code     0  startup_stm32f10x_hd.o(.text)
    RCC_IRQHandler                           0x0800024b   Thumb Code     0  startup_stm32f10x_hd.o(.text)
    RTCAlarm_IRQHandler                      0x0800024b   Thumb Code     0  startup_stm32f10x_hd.o(.text)
    RTC_IRQHandler                           0x0800024b   Thumb Code     0  startup_stm32f10x_hd.o(.text)
    SDIO_IRQHandler                          0x0800024b   Thumb Code     0  startup_stm32f10x_hd.o(.text)
    SPI1_IRQHandler                          0x0800024b   Thumb Code     0  startup_stm32f10x_hd.o(.text)
    SPI2_IRQHandler                          0x0800024b   Thumb Code     0  startup_stm32f10x_hd.o(.text)
    SPI3_IRQHandler                          0x0800024b   Thumb Code     0  startup_stm32f10x_hd.o(.text)
    TAMPER_IRQHandler                        0x0800024b   Thumb Code     0  startup_stm32f10x_hd.o(.text)
    TIM1_BRK_IRQHandler                      0x0800024b   Thumb Code     0  startup_stm32f10x_hd.o(.text)
    TIM1_CC_IRQHandler                       0x0800024b   Thumb Code     0  startup_stm32f10x_hd.o(.text)
    TIM1_TRG_COM_IRQHandler                  0x0800024b   Thumb Code     0  startup_stm32f10x_hd.o(.text)
    TIM1_UP_IRQHandler                       0x0800024b   Thumb Code     0  startup_stm32f10x_hd.o(.text)
    TIM6_IRQHandler                          0x0800024b   Thumb Code     0  startup_stm32f10x_hd.o(.text)
    TIM7_IRQHandler                          0x0800024b   Thumb Code     0  startup_stm32f10x_hd.o(.text)
    TIM8_BRK_IRQHandler                      0x0800024b   Thumb Code     0  startup_stm32f10x_hd.o(.text)
    TIM8_CC_IRQHandler                       0x0800024b   Thumb Code     0  startup_stm32f10x_hd.o(.text)
    TIM8_TRG_COM_IRQHandler                  0x0800024b   Thumb Code     0  startup_stm32f10x_hd.o(.text)
    TIM8_UP_IRQHandler                       0x0800024b   Thumb Code     0  startup_stm32f10x_hd.o(.text)
    UART4_IRQHandler                         0x0800024b   Thumb Code     0  startup_stm32f10x_hd.o(.text)
    UART5_IRQHandler                         0x0800024b   Thumb Code     0  startup_stm32f10x_hd.o(.text)
    USART3_IRQHandler                        0x0800024b   Thumb Code     0  startup_stm32f10x_hd.o(.text)
    USBWakeUp_IRQHandler                     0x0800024b   Thumb Code     0  startup_stm32f10x_hd.o(.text)
    USB_HP_CAN1_TX_IRQHandler                0x0800024b   Thumb Code     0  startup_stm32f10x_hd.o(.text)
    USB_LP_CAN1_RX0_IRQHandler               0x0800024b   Thumb Code     0  startup_stm32f10x_hd.o(.text)
    WWDG_IRQHandler                          0x0800024b   Thumb Code     0  startup_stm32f10x_hd.o(.text)
    __user_initial_stackheap                 0x0800024d   Thumb Code     0  startup_stm32f10x_hd.o(.text)
    OS_CPU_SR_Save                           0x08000271   Thumb Code     0  os_cpu_a.o(.text)
    OS_CPU_SR_Restore                        0x08000279   Thumb Code     0  os_cpu_a.o(.text)
    OSStartHighRdy                           0x0800027f   Thumb Code     0  os_cpu_a.o(.text)
    OSCtxSw                                  0x080002a1   Thumb Code     0  os_cpu_a.o(.text)
    OSIntCtxSw                               0x080002af   Thumb Code     0  os_cpu_a.o(.text)
    PendSV_Handler                           0x080002bf   Thumb Code     0  os_cpu_a.o(.text)
    __use_no_semihosting                     0x08000325   Thumb Code     2  use_no_semi_2.o(.text)
    __2printf                                0x08000329   Thumb Code    20  __2printf.o(.text)
    __2sprintf                               0x08000341   Thumb Code    38  __2sprintf.o(.text)
    _printf_int_dec                          0x0800036d   Thumb Code   100  _printf_dec.o(.text)
    __printf                                 0x080003e1   Thumb Code   388  __printf_flags_ss_wp.o(.text)
    __0sscanf                                0x08000569   Thumb Code    52  __0sscanf.o(.text)
    __aeabi_memcpy                           0x080005a5   Thumb Code     0  rt_memcpy_v6.o(.text)
    __rt_memcpy                              0x080005a5   Thumb Code   138  rt_memcpy_v6.o(.text)
    _memcpy_lastbytes                        0x0800060b   Thumb Code     0  rt_memcpy_v6.o(.text)
    __aeabi_memclr                           0x0800062f   Thumb Code     0  rt_memclr.o(.text)
    __rt_memclr                              0x0800062f   Thumb Code    68  rt_memclr.o(.text)
    _memset                                  0x08000633   Thumb Code     0  rt_memclr.o(.text)
    __aeabi_memclr4                          0x08000673   Thumb Code     0  rt_memclr_w.o(.text)
    __aeabi_memclr8                          0x08000673   Thumb Code     0  rt_memclr_w.o(.text)
    __rt_memclr_w                            0x08000673   Thumb Code    78  rt_memclr_w.o(.text)
    _memset_w                                0x08000677   Thumb Code     0  rt_memclr_w.o(.text)
    __use_two_region_memory                  0x080006c1   Thumb Code     2  heapauxi.o(.text)
    __rt_heap_escrow$2region                 0x080006c3   Thumb Code     2  heapauxi.o(.text)
    __rt_heap_expand$2region                 0x080006c5   Thumb Code     2  heapauxi.o(.text)
    __I$use$semihosting                      0x080006c7   Thumb Code     0  use_no_semi.o(.text)
    __use_no_semihosting_swi                 0x080006c7   Thumb Code     2  use_no_semi.o(.text)
    __read_errno                             0x080006c9   Thumb Code    10  _rserrno.o(.text)
    __set_errno                              0x080006d3   Thumb Code    12  _rserrno.o(.text)
    _printf_int_common                       0x080006df   Thumb Code   178  _printf_intcommon.o(.text)
    _printf_char_common                      0x0800079b   Thumb Code    32  _printf_char_common.o(.text)
    _sputc                                   0x080007c1   Thumb Code    10  _sputc.o(.text)
    _printf_char_file                        0x080007cd   Thumb Code    32  _printf_char_file.o(.text)
    _scanf_really_real                       0x080009ed   Thumb Code   668  scanf_fp.o(.text)
    __vfscanf_char                           0x08000ca1   Thumb Code    24  scanf_char.o(.text)
    _sgetc                                   0x08000cc1   Thumb Code    30  _sgetc.o(.text)
    _sbackspace                              0x08000cdf   Thumb Code    34  _sgetc.o(.text)
    __aeabi_memcpy4                          0x08000d01   Thumb Code     0  rt_memcpy_w.o(.text)
    __aeabi_memcpy8                          0x08000d01   Thumb Code     0  rt_memcpy_w.o(.text)
    __rt_memcpy_w                            0x08000d01   Thumb Code   100  rt_memcpy_w.o(.text)
    _memcpy_lastbytes_aligned                0x08000d49   Thumb Code     0  rt_memcpy_w.o(.text)
    __rt_locale                              0x08000d65   Thumb Code     8  rt_locale_intlibspace.o(.text)
    __aeabi_errno_addr                       0x08000d6d   Thumb Code     8  rt_errno_addr_intlibspace.o(.text)
    __errno$intlibspace                      0x08000d6d   Thumb Code     0  rt_errno_addr_intlibspace.o(.text)
    __rt_errno_addr$intlibspace              0x08000d6d   Thumb Code     0  rt_errno_addr_intlibspace.o(.text)
    isspace                                  0x08000d75   Thumb Code    18  isspace.o(.text)
    __vfscanf                                0x08000d89   Thumb Code   872  _scanf.o(.text)
    _btod_etento                             0x080010f5   Thumb Code   212  bigflt0.o(.text)
    ferror                                   0x080011cd   Thumb Code     8  ferror.o(.text)
    __user_libspace                          0x080011d5   Thumb Code     8  libspace.o(.text)
    __user_perproc_libspace                  0x080011d5   Thumb Code     0  libspace.o(.text)
    __user_perthread_libspace                0x080011d5   Thumb Code     0  libspace.o(.text)
    __user_setup_stackheap                   0x080011dd   Thumb Code    74  sys_stackheap_outer.o(.text)
    __rt_ctype_table                         0x08001229   Thumb Code    16  rt_ctype_table.o(.text)
    _scanf_really_hex_real                   0x08001239   Thumb Code   778  scanf_hexfp.o(.text)
    _scanf_really_infnan                     0x08001551   Thumb Code   292  scanf_infnan.o(.text)
    exit                                     0x08001685   Thumb Code    12  exit.o(.text)
    strcmp                                   0x08001691   Thumb Code   128  strcmpv7m.o(.text)
    __aeabi_llsl                             0x08001711   Thumb Code     0  llshl.o(.text)
    _ll_shift_l                              0x08001711   Thumb Code    38  llshl.o(.text)
    _chval                                   0x08001737   Thumb Code    28  _chval.o(.text)
    __btod_div_common                        0x08001753   Thumb Code   696  btod.o(CL$$btod_div_common)
    _e2d                                     0x08001a8d   Thumb Code    80  btod.o(CL$$btod_e2d)
    _e2e                                     0x08001ae1   Thumb Code   198  btod.o(CL$$btod_e2e)
    _btod_ediv                               0x08001ba7   Thumb Code    40  btod.o(CL$$btod_ediv)
    _btod_edivd                              0x08001bcf   Thumb Code    40  btod.o(CL$$btod_edivd)
    _btod_emul                               0x08001bf7   Thumb Code    40  btod.o(CL$$btod_emul)
    _btod_emuld                              0x08001c1f   Thumb Code    40  btod.o(CL$$btod_emuld)
    __btod_mult_common                       0x08001c47   Thumb Code   580  btod.o(CL$$btod_mult_common)
    BusFault_Handler                         0x08001e8b   Thumb Code     4  stm32f10x_it.o(i.BusFault_Handler)
    CRC_Config                               0x08001e8f   Thumb Code    12  zhp_crc.o(i.CRC_Config)
    DebugMon_Handler                         0x08001e9b   Thumb Code     2  stm32f10x_it.o(i.DebugMon_Handler)
    EXTI15_10_IRQHandler                     0x08001e9d   Thumb Code   130  zhp_ext_int.o(i.EXTI15_10_IRQHandler)
    EXTI_ClearITPendingBit                   0x08001f25   Thumb Code     6  stm32f10x_exti.o(i.EXTI_ClearITPendingBit)
    EXTI_GetITStatus                         0x08001f31   Thumb Code    34  stm32f10x_exti.o(i.EXTI_GetITStatus)
    EXTI_Init                                0x08001f59   Thumb Code   142  stm32f10x_exti.o(i.EXTI_Init)
    GPIO_EXTILineConfig                      0x08001fed   Thumb Code    60  stm32f10x_gpio.o(i.GPIO_EXTILineConfig)
    GPIO_Init                                0x0800202d   Thumb Code   278  stm32f10x_gpio.o(i.GPIO_Init)
    GPIO_PinRemapConfig                      0x08002145   Thumb Code   138  stm32f10x_gpio.o(i.GPIO_PinRemapConfig)
    GPIO_ResetBits                           0x080021d5   Thumb Code     4  stm32f10x_gpio.o(i.GPIO_ResetBits)
    GPIO_SetBits                             0x080021d9   Thumb Code     4  stm32f10x_gpio.o(i.GPIO_SetBits)
    HardFault_Handler                        0x080021dd   Thumb Code     4  stm32f10x_it.o(i.HardFault_Handler)
    IWDG_Enable                              0x080021e1   Thumb Code    10  stm32f10x_iwdg.o(i.IWDG_Enable)
    IWDG_Feed                                0x080021f1   Thumb Code     8  wdg.o(i.IWDG_Feed)
    IWDG_Init                                0x080021f9   Thumb Code    36  wdg.o(i.IWDG_Init)
    IWDG_ReloadCounter                       0x0800221d   Thumb Code    10  stm32f10x_iwdg.o(i.IWDG_ReloadCounter)
    IWDG_SetPrescaler                        0x0800222d   Thumb Code     6  stm32f10x_iwdg.o(i.IWDG_SetPrescaler)
    IWDG_SetReload                           0x08002239   Thumb Code     6  stm32f10x_iwdg.o(i.IWDG_SetReload)
    IWDG_WriteAccessCmd                      0x08002245   Thumb Code     6  stm32f10x_iwdg.o(i.IWDG_WriteAccessCmd)
    LED_Init                                 0x08002251   Thumb Code    54  led.o(i.LED_Init)
    MOTORS_Init                              0x08002291   Thumb Code    54  motors.o(i.MOTORS_Init)
    MOTOR_A0_SetBackward                     0x080022cd   Thumb Code    14  motors.o(i.MOTOR_A0_SetBackward)
    MOTOR_A0_SetBreak                        0x080022e1   Thumb Code    24  motors.o(i.MOTOR_A0_SetBreak)
    MOTOR_A0_SetForward                      0x080022f9   Thumb Code    14  motors.o(i.MOTOR_A0_SetForward)
    MOTOR_A0_SetPwm                          0x0800230d   Thumb Code    22  motors.o(i.MOTOR_A0_SetPwm)
    MOTOR_A1_SetBackward                     0x08002329   Thumb Code    14  motors.o(i.MOTOR_A1_SetBackward)
    MOTOR_A1_SetBreak                        0x0800233d   Thumb Code    24  motors.o(i.MOTOR_A1_SetBreak)
    MOTOR_A1_SetForward                      0x08002355   Thumb Code    14  motors.o(i.MOTOR_A1_SetForward)
    MOTOR_A1_SetPwm                          0x08002369   Thumb Code    22  motors.o(i.MOTOR_A1_SetPwm)
    MOTOR_B0_SetBackward                     0x08002385   Thumb Code    14  motors.o(i.MOTOR_B0_SetBackward)
    MOTOR_B0_SetBreak                        0x08002399   Thumb Code    24  motors.o(i.MOTOR_B0_SetBreak)
    MOTOR_B0_SetForward                      0x080023b1   Thumb Code    14  motors.o(i.MOTOR_B0_SetForward)
    MOTOR_B0_SetPwm                          0x080023c5   Thumb Code    22  motors.o(i.MOTOR_B0_SetPwm)
    MOTOR_B1_SetBackward                     0x080023e1   Thumb Code    14  motors.o(i.MOTOR_B1_SetBackward)
    MOTOR_B1_SetBreak                        0x080023f5   Thumb Code    22  motors.o(i.MOTOR_B1_SetBreak)
    MOTOR_B1_SetForward                      0x08002411   Thumb Code    14  motors.o(i.MOTOR_B1_SetForward)
    MOTOR_B1_SetPwm                          0x08002425   Thumb Code    22  motors.o(i.MOTOR_B1_SetPwm)
    MemManage_Handler                        0x08002441   Thumb Code     4  stm32f10x_it.o(i.MemManage_Handler)
    MotoTimerInit                            0x08002445   Thumb Code    16  timer.o(i.MotoTimerInit)
    NMI_Handler                              0x08002455   Thumb Code     2  stm32f10x_it.o(i.NMI_Handler)
    NVIC_Configuration                       0x08002457   Thumb Code    12  sys.o(i.NVIC_Configuration)
    NVIC_Init                                0x08002465   Thumb Code   100  misc.o(i.NVIC_Init)
    NVIC_PriorityGroupConfig                 0x080024d5   Thumb Code    10  misc.o(i.NVIC_PriorityGroupConfig)
    OSEventNameSet                           0x080024e9   Thumb Code    84  os_core.o(i.OSEventNameSet)
    OSInit                                   0x08002541   Thumb Code    44  os_core.o(i.OSInit)
    OSInitHookBegin                          0x0800256d   Thumb Code     8  os_cpu_c.o(i.OSInitHookBegin)
    OSInitHookEnd                            0x08002579   Thumb Code     2  os_cpu_c.o(i.OSInitHookEnd)
    OSIntEnter                               0x0800257d   Thumb Code    28  os_core.o(i.OSIntEnter)
    OSIntExit                                0x080025a1   Thumb Code    98  os_core.o(i.OSIntExit)
    OSSchedLock                              0x08002625   Thumb Code    50  os_core.o(i.OSSchedLock)
    OSSchedUnlock                            0x08002665   Thumb Code    82  os_core.o(i.OSSchedUnlock)
    OSSemCreate                              0x080026c5   Thumb Code    72  os_sem.o(i.OSSemCreate)
    OSSemPend                                0x08002719   Thumb Code   216  os_sem.o(i.OSSemPend)
    OSSemPost                                0x080027fd   Thumb Code    88  os_sem.o(i.OSSemPost)
    OSStart                                  0x08002855   Thumb Code    48  os_core.o(i.OSStart)
    OSStatInit                               0x0800289d   Thumb Code    62  os_core.o(i.OSStatInit)
    OSTCBInitHook                            0x080028e9   Thumb Code     2  os_cpu_c.o(i.OSTCBInitHook)
    OSTaskCreate                             0x080028ed   Thumb Code   148  os_task.o(i.OSTaskCreate)
    OSTaskCreateHook                         0x0800298d   Thumb Code     2  os_cpu_c.o(i.OSTaskCreateHook)
    OSTaskIdleHook                           0x0800298f   Thumb Code     2  os_cpu_c.o(i.OSTaskIdleHook)
    OSTaskStatHook                           0x08002991   Thumb Code     2  os_cpu_c.o(i.OSTaskStatHook)
    OSTaskStkInit                            0x08002993   Thumb Code   154  os_cpu_c.o(i.OSTaskStkInit)
    OSTaskSuspend                            0x08002a2d   Thumb Code   144  os_task.o(i.OSTaskSuspend)
    OSTaskSwHook                             0x08002acd   Thumb Code     2  os_cpu_c.o(i.OSTaskSwHook)
    OSTimeDly                                0x08002ad1   Thumb Code   100  os_time.o(i.OSTimeDly)
    OSTimeDlyHMSM                            0x08002b49   Thumb Code    86  os_time.o(i.OSTimeDlyHMSM)
    OSTimeTick                               0x08002ba9   Thumb Code   198  os_core.o(i.OSTimeTick)
    OSTimeTickHook                           0x08002c89   Thumb Code    28  os_cpu_c.o(i.OSTimeTickHook)
    OSTmrSignal                              0x08002ca9   Thumb Code    16  os_tmr.o(i.OSTmrSignal)
    OSTmr_Init                               0x08002cbd   Thumb Code   166  os_tmr.o(i.OSTmr_Init)
    OS_EventTaskRdy                          0x08002ef9   Thumb Code   124  os_core.o(i.OS_EventTaskRdy)
    OS_EventTaskRemove                       0x08002f85   Thumb Code    42  os_core.o(i.OS_EventTaskRemove)
    OS_EventTaskRemoveMulti                  0x08002faf   Thumb Code    58  os_core.o(i.OS_EventTaskRemoveMulti)
    OS_EventTaskWait                         0x08002fe9   Thumb Code   112  os_core.o(i.OS_EventTaskWait)
    OS_EventWaitListInit                     0x08003065   Thumb Code    28  os_core.o(i.OS_EventWaitListInit)
    OS_MemClr                                0x0800320d   Thumb Code    18  os_core.o(i.OS_MemClr)
    OS_QInit                                 0x08003221   Thumb Code    72  os_q.o(i.OS_QInit)
    OS_Sched                                 0x08003271   Thumb Code    74  os_core.o(i.OS_Sched)
    OS_TCBInit                               0x08003305   Thumb Code   226  os_core.o(i.OS_TCBInit)
    OS_TaskIdle                              0x08003401   Thumb Code    34  os_core.o(i.OS_TaskIdle)
    OS_TaskStat                              0x08003429   Thumb Code   112  os_core.o(i.OS_TaskStat)
    PS2_Init                                 0x080034ad   Thumb Code    68  pstwo.o(i.PS2_Init)
    RCC_AHBPeriphClockCmd                    0x080034f5   Thumb Code    26  stm32f10x_rcc.o(i.RCC_AHBPeriphClockCmd)
    RCC_APB1PeriphClockCmd                   0x08003515   Thumb Code    26  stm32f10x_rcc.o(i.RCC_APB1PeriphClockCmd)
    RCC_APB2PeriphClockCmd                   0x08003535   Thumb Code    26  stm32f10x_rcc.o(i.RCC_APB2PeriphClockCmd)
    RCC_GetClocksFreq                        0x08003555   Thumb Code   192  stm32f10x_rcc.o(i.RCC_GetClocksFreq)
    RemoteControllerCaptureInit              0x08003629   Thumb Code    14  timer.o(i.RemoteControllerCaptureInit)
    SVC_Handler                              0x08003637   Thumb Code     2  stm32f10x_it.o(i.SVC_Handler)
    SysTick_CLKSourceConfig                  0x08003721   Thumb Code    40  misc.o(i.SysTick_CLKSourceConfig)
    SysTick_Handler                          0x08003749   Thumb Code    16  delay.o(i.SysTick_Handler)
    SystemInit                               0x08003759   Thumb Code    78  system_stm32f10x.o(i.SystemInit)
    TIM2_IRQHandler                          0x080039f9   Thumb Code   612  timer.o(i.TIM2_IRQHandler)
    TIM3_Cap_Init                            0x08003ca1   Thumb Code   258  timer.o(i.TIM3_Cap_Init)
    TIM3_IRQHandler                          0x08003db5   Thumb Code   588  timer.o(i.TIM3_IRQHandler)
    TIM4_IRQHandler                          0x08004049   Thumb Code   588  timer.o(i.TIM4_IRQHandler)
    TIM5_IRQHandler                          0x080042dd   Thumb Code   588  timer.o(i.TIM5_IRQHandler)
    TIM_ARRPreloadConfig                     0x08004571   Thumb Code    24  stm32f10x_tim.o(i.TIM_ARRPreloadConfig)
    TIM_ClearITPendingBit                    0x08004589   Thumb Code     6  stm32f10x_tim.o(i.TIM_ClearITPendingBit)
    TIM_Cmd                                  0x0800458f   Thumb Code    24  stm32f10x_tim.o(i.TIM_Cmd)
    TIM_CtrlPWMOutputs                       0x080045a7   Thumb Code    30  stm32f10x_tim.o(i.TIM_CtrlPWMOutputs)
    TIM_GetCapture1                          0x080045c5   Thumb Code     6  stm32f10x_tim.o(i.TIM_GetCapture1)
    TIM_GetCapture2                          0x080045cb   Thumb Code     6  stm32f10x_tim.o(i.TIM_GetCapture2)
    TIM_GetCapture3                          0x080045d1   Thumb Code     6  stm32f10x_tim.o(i.TIM_GetCapture3)
    TIM_GetCapture4                          0x080045d7   Thumb Code     8  stm32f10x_tim.o(i.TIM_GetCapture4)
    TIM_GetITStatus                          0x080045df   Thumb Code    34  stm32f10x_tim.o(i.TIM_GetITStatus)
    TIM_ICInit                               0x08004601   Thumb Code   150  stm32f10x_tim.o(i.TIM_ICInit)
    TIM_ITConfig                             0x080046ad   Thumb Code    18  stm32f10x_tim.o(i.TIM_ITConfig)
    TIM_OC1Init                              0x080046c1   Thumb Code   132  stm32f10x_tim.o(i.TIM_OC1Init)
    TIM_OC1PolarityConfig                    0x08004759   Thumb Code    18  stm32f10x_tim.o(i.TIM_OC1PolarityConfig)
    TIM_OC1PreloadConfig                     0x0800476b   Thumb Code    18  stm32f10x_tim.o(i.TIM_OC1PreloadConfig)
    TIM_OC2Init                              0x0800477d   Thumb Code   154  stm32f10x_tim.o(i.TIM_OC2Init)
    TIM_OC2PolarityConfig                    0x08004821   Thumb Code    26  stm32f10x_tim.o(i.TIM_OC2PolarityConfig)
    TIM_OC2PreloadConfig                     0x0800483b   Thumb Code    26  stm32f10x_tim.o(i.TIM_OC2PreloadConfig)
    TIM_OC3Init                              0x08004855   Thumb Code   150  stm32f10x_tim.o(i.TIM_OC3Init)
    TIM_OC3PolarityConfig                    0x080048f5   Thumb Code    26  stm32f10x_tim.o(i.TIM_OC3PolarityConfig)
    TIM_OC3PreloadConfig                     0x0800490f   Thumb Code    18  stm32f10x_tim.o(i.TIM_OC3PreloadConfig)
    TIM_OC4Init                              0x08004921   Thumb Code   114  stm32f10x_tim.o(i.TIM_OC4Init)
    TIM_OC4PolarityConfig                    0x0800499d   Thumb Code    26  stm32f10x_tim.o(i.TIM_OC4PolarityConfig)
    TIM_OC4PreloadConfig                     0x080049b7   Thumb Code    26  stm32f10x_tim.o(i.TIM_OC4PreloadConfig)
    TIM_SetIC1Prescaler                      0x080049d1   Thumb Code    18  stm32f10x_tim.o(i.TIM_SetIC1Prescaler)
    TIM_SetIC2Prescaler                      0x080049e3   Thumb Code    26  stm32f10x_tim.o(i.TIM_SetIC2Prescaler)
    TIM_SetIC3Prescaler                      0x080049fd   Thumb Code    18  stm32f10x_tim.o(i.TIM_SetIC3Prescaler)
    TIM_SetIC4Prescaler                      0x08004a0f   Thumb Code    26  stm32f10x_tim.o(i.TIM_SetIC4Prescaler)
    TIM_TimeBaseInit                         0x08004a29   Thumb Code   122  stm32f10x_tim.o(i.TIM_TimeBaseInit)
    Tim1_init                                0x08004acd   Thumb Code   180  timer.o(i.Tim1_init)
    Tim2_init                                0x08004b89   Thumb Code   204  timer.o(i.Tim2_init)
    Tim4_init                                0x08004c59   Thumb Code   188  timer.o(i.Tim4_init)
    USART1_IRQHandler                        0x08004d1d   Thumb Code    54  usart.o(i.USART1_IRQHandler)
    USART2_IRQHandler                        0x08004d5d   Thumb Code    62  usart2.o(i.USART2_IRQHandler)
    USART_Cmd                                0x08004da9   Thumb Code    24  stm32f10x_usart.o(i.USART_Cmd)
    USART_GetITStatus                        0x08004dc1   Thumb Code    84  stm32f10x_usart.o(i.USART_GetITStatus)
    USART_ITConfig                           0x08004e15   Thumb Code    74  stm32f10x_usart.o(i.USART_ITConfig)
    USART_Init                               0x08004e61   Thumb Code   210  stm32f10x_usart.o(i.USART_Init)
    USART_ReceiveData                        0x08004f39   Thumb Code    10  stm32f10x_usart.o(i.USART_ReceiveData)
    UsageFault_Handler                       0x08004f43   Thumb Code     4  stm32f10x_it.o(i.UsageFault_Handler)
    __mathlib_dbl_underflow                  0x08004f49   Thumb Code    10  dunder.o(i.__mathlib_dbl_underflow)
    __mathlib_narrow                         0x08004f59   Thumb Code    16  narrow.o(i.__mathlib_narrow)
    __mathlib_tofloat                        0x08004f69   Thumb Code   132  narrow.o(i.__mathlib_tofloat)
    __support_ldexp                          0x08004ff1   Thumb Code    22  ldexp.o(i.__support_ldexp)
    _is_digit                                0x08005007   Thumb Code    14  __printf_wp.o(i._is_digit)
    _sys_exit                                0x08005015   Thumb Code     4  usart.o(i._sys_exit)
    auto_ctrl_val_update                     0x08005019   Thumb Code   588  zhp_control_app.o(i.auto_ctrl_val_update)
    check_limit                              0x08005285   Thumb Code   182  zhp_control_app.o(i.check_limit)
    clear_i                                  0x08005341   Thumb Code    52  zhp_control_app.o(i.clear_i)
    clear_pid                                0x0800537d   Thumb Code   294  zhp_control_app.o(i.clear_pid)
    control_task                             0x080054a9   Thumb Code   138  main.o(i.control_task)
    delay_init                               0x08005541   Thumb Code    76  delay.o(i.delay_init)
    delay_ms                                 0x0800559d   Thumb Code    62  delay.o(i.delay_ms)
    delay_us                                 0x080055e5   Thumb Code    70  delay.o(i.delay_us)
    feedback_task                            0x08005631   Thumb Code   124  main.o(i.feedback_task)
    fputc                                    0x080056c5   Thumb Code    24  usart.o(i.fputc)
    frexp                                    0x080056e1   Thumb Code    80  frexp.o(i.frexp)
    ldexp                                    0x08005739   Thumb Code   126  ldexp.o(i.ldexp)
    main                                     0x080057b9   Thumb Code    34  main.o(i.main)
    moto_control_with_val                    0x0800583d   Thumb Code  1224  motors.o(i.moto_control_with_val)
    pid_calc                                 0x08005d09   Thumb Code   188  zhp_control_app.o(i.pid_calc)
    pid_speed_control                        0x08005dcd   Thumb Code   204  zhp_control_app.o(i.pid_speed_control)
    receiver_decoder_frame                   0x08005ea1   Thumb Code   340  zhp_frame.o(i.receiver_decoder_frame)
    sender_encoder_frame                     0x08006001   Thumb Code   326  zhp_frame.o(i.sender_encoder_frame)
    start_task                               0x0800614d   Thumb Code    82  main.o(i.start_task)
    test_task                                0x080061bd   Thumb Code    30  main.o(i.test_task)
    uart_init                                0x080061e5   Thumb Code   152  usart.o(i.uart_init)
    update_pid_param                         0x08006285   Thumb Code   100  zhp_control_app.o(i.update_pid_param)
    zhp_app_init                             0x080062ed   Thumb Code    84  zhp_app.o(i.zhp_app_init)
    zhp_computer_control                     0x0800635d   Thumb Code     8  zhp_control_app.o(i.zhp_computer_control)
    zhp_control_init                         0x08006365   Thumb Code   352  zhp_control_app.o(i.zhp_control_init)
    zhp_crc32                                0x080064e9   Thumb Code    52  zhp_crc.o(i.zhp_crc32)
    zhp_ext_int_init                         0x08006525   Thumb Code   252  zhp_ext_int.o(i.zhp_ext_int_init)
    _get_lc_numeric                          0x08006625   Thumb Code    44  lc_numeric_c.o(locale$$code)
    _get_lc_ctype                            0x08006651   Thumb Code    44  lc_ctype_c.o(locale$$code)
    __aeabi_d2f                              0x0800667d   Thumb Code     0  d2f.o(x$fpl$d2f)
    _d2f                                     0x0800667d   Thumb Code    98  d2f.o(x$fpl$d2f)
    __aeabi_dadd                             0x080066e1   Thumb Code     0  daddsub_clz.o(x$fpl$dadd)
    _dadd                                    0x080066e1   Thumb Code   332  daddsub_clz.o(x$fpl$dadd)
    __fpl_dcheck_NaN1                        0x08006831   Thumb Code    10  dcheck1.o(x$fpl$dcheck1)
    __fpl_dcmp_Inf                           0x08006841   Thumb Code    24  dcmpi.o(x$fpl$dcmpinf)
    __aeabi_ddiv                             0x08006859   Thumb Code     0  ddiv.o(x$fpl$ddiv)
    _ddiv                                    0x08006859   Thumb Code   552  ddiv.o(x$fpl$ddiv)
    __aeabi_cdcmpeq                          0x08006b09   Thumb Code     0  deqf.o(x$fpl$deqf)
    _dcmpeq                                  0x08006b09   Thumb Code   120  deqf.o(x$fpl$deqf)
    __aeabi_d2uiz                            0x08006b81   Thumb Code     0  dfixu.o(x$fpl$dfixu)
    _dfixu                                   0x08006b81   Thumb Code    90  dfixu.o(x$fpl$dfixu)
    __aeabi_i2d                              0x08006bdb   Thumb Code     0  dflt_clz.o(x$fpl$dflt)
    _dflt                                    0x08006bdb   Thumb Code    46  dflt_clz.o(x$fpl$dflt)
    __aeabi_cdcmple                          0x08006c09   Thumb Code     0  dleqf.o(x$fpl$dleqf)
    _dcmple                                  0x08006c09   Thumb Code   120  dleqf.o(x$fpl$dleqf)
    __fpl_dcmple_InfNaN                      0x08006c6b   Thumb Code     0  dleqf.o(x$fpl$dleqf)
    __aeabi_dmul                             0x08006c81   Thumb Code     0  dmul.o(x$fpl$dmul)
    _dmul                                    0x08006c81   Thumb Code   332  dmul.o(x$fpl$dmul)
    __fpl_dnaninf                            0x08006dd5   Thumb Code   156  dnaninf.o(x$fpl$dnaninf)
    __fpl_dretinf                            0x08006e71   Thumb Code    12  dretinf.o(x$fpl$dretinf)
    __aeabi_cdrcmple                         0x08006e7d   Thumb Code     0  drleqf.o(x$fpl$drleqf)
    _drcmple                                 0x08006e7d   Thumb Code   108  drleqf.o(x$fpl$drleqf)
    __aeabi_dsub                             0x08006ee9   Thumb Code     0  daddsub_clz.o(x$fpl$dsub)
    _dsub                                    0x08006ee9   Thumb Code   464  daddsub_clz.o(x$fpl$dsub)
    __aeabi_f2d                              0x080070bd   Thumb Code     0  f2d.o(x$fpl$f2d)
    _f2d                                     0x080070bd   Thumb Code    86  f2d.o(x$fpl$f2d)
    __aeabi_fadd                             0x08007115   Thumb Code     0  faddsub_clz.o(x$fpl$fadd)
    _fadd                                    0x08007115   Thumb Code   196  faddsub_clz.o(x$fpl$fadd)
    __fpl_fcmp_Inf                           0x080071d9   Thumb Code    24  fcmpi.o(x$fpl$fcmpinf)
    __aeabi_fdiv                             0x080071f1   Thumb Code     0  fdiv.o(x$fpl$fdiv)
    _fdiv                                    0x080071f1   Thumb Code   384  fdiv.o(x$fpl$fdiv)
    __aeabi_cfcmpeq                          0x08007375   Thumb Code     0  feqf.o(x$fpl$feqf)
    _fcmpeq                                  0x08007375   Thumb Code   104  feqf.o(x$fpl$feqf)
    __aeabi_f2iz                             0x080073dd   Thumb Code     0  ffix.o(x$fpl$ffix)
    _ffix                                    0x080073dd   Thumb Code    54  ffix.o(x$fpl$ffix)
    __aeabi_i2f                              0x08007415   Thumb Code     0  fflt_clz.o(x$fpl$fflt)
    _fflt                                    0x08007415   Thumb Code    48  fflt_clz.o(x$fpl$fflt)
    __aeabi_cfcmple                          0x08007445   Thumb Code     0  fleqf.o(x$fpl$fleqf)
    _fcmple                                  0x08007445   Thumb Code   104  fleqf.o(x$fpl$fleqf)
    __fpl_fcmple_InfNaN                      0x08007497   Thumb Code     0  fleqf.o(x$fpl$fleqf)
    __aeabi_fmul                             0x080074ad   Thumb Code     0  fmul.o(x$fpl$fmul)
    _fmul                                    0x080074ad   Thumb Code   258  fmul.o(x$fpl$fmul)
    __fpl_fnaninf                            0x080075af   Thumb Code   140  fnaninf.o(x$fpl$fnaninf)
    __fpl_fretinf                            0x0800763b   Thumb Code    10  fretinf.o(x$fpl$fretinf)
    __aeabi_cfrcmple                         0x08007645   Thumb Code     0  frleqf.o(x$fpl$frleqf)
    _frcmple                                 0x08007645   Thumb Code    98  frleqf.o(x$fpl$frleqf)
    __aeabi_fsub                             0x080076a9   Thumb Code     0  faddsub_clz.o(x$fpl$fsub)
    _fsub                                    0x080076a9   Thumb Code   234  faddsub_clz.o(x$fpl$fsub)
    __fpl_return_NaN                         0x08007793   Thumb Code   100  retnan.o(x$fpl$retnan)
    __ARM_scalbn                             0x080077f7   Thumb Code    92  scalbn.o(x$fpl$scalbn)
    _scanf_real                              0x08007853   Thumb Code     4  scanf1.o(x$fpl$scanf1)
    _scanf_hex_real                          0x08007857   Thumb Code     4  scanf2.o(x$fpl$scanf2)
    _scanf_infnan                            0x0800785b   Thumb Code     4  scanf2.o(x$fpl$scanf2)
    __fpl_cmpreturn                          0x0800785f   Thumb Code    48  trapv.o(x$fpl$trapveneer)
    OSUnMapTbl                               0x0800788e   Data         256  os_core.o(.constdata)
    __I$use$fp                               0x0800788e   Number         0  usenofp.o(x$fpl$usenofp)
    Region$$Table$$Base                      0x08007a34   Number         0  anon$$obj.o(Region$$Table)
    Region$$Table$$Limit                     0x08007a54   Number         0  anon$$obj.o(Region$$Table)
    __aeabi_HUGE_VAL                         0x08007a54   Data           0  fpconst.o(c$$dinf)
    __aeabi_HUGE_VALL                        0x08007a54   Data           0  fpconst.o(c$$dinf)
    __aeabi_INFINITY                         0x08007a54   Data           0  fpconst.o(c$$dinf)
    __dInf                                   0x08007a54   Data           0  fpconst.o(c$$dinf)
    __huge_val                               0x08007a54   Data           0  fpconst.o(c$$dinf)
    __ctype                                  0x08007a85   Data           0  lc_ctype_c.o(locale$$data)
    motor_a_pwm                              0x20000000   Data           2  zhp_control_app.o(.data)
    motor_b_pwm                              0x20000002   Data           2  zhp_control_app.o(.data)
    pwm_resolution                           0x20000004   Data           4  zhp_control_app.o(.data)
    velocity                                 0x20000008   Data           8  zhp_control_app.o(.data)
    angular                                  0x20000010   Data           8  zhp_control_app.o(.data)
    CRCValue                                 0x2000001c   Data           4  zhp_crc.o(.data)
    POLYNOMIAL                               0x20000020   Data           4  zhp_crc.o(.data)
    have_table                               0x20000024   Data           2  zhp_crc.o(.data)
    uart_trans_flag                          0x20000026   Data           1  zhp_frame.o(.data)
    feedback_sem                             0x20000028   Data           4  main.o(.data)
    recv_frame_cnt                           0x2000002c   Data           2  main.o(.data)
    recv_frame_freq                          0x2000002e   Data           2  main.o(.data)
    test_cnt                                 0x20000030   Data           4  main.o(.data)
    two_wheel_dist                           0x20000034   Data           4  config.o(.data)
    cart_wheel_diameter                      0x20000038   Data           4  config.o(.data)
    pulse_num_per_round                      0x2000003c   Data           4  config.o(.data)
    perimeter                                0x20000040   Data           4  config.o(.data)
    SystemCoreClock                          0x20000044   Data           4  system_stm32f10x.o(.data)
    AHBPrescTable                            0x20000048   Data          16  system_stm32f10x.o(.data)
    tim2_T1                                  0x20000058   Data           4  timer.o(.data)
    tim2_T2                                  0x2000005c   Data           4  timer.o(.data)
    tim2_T3                                  0x20000060   Data           4  timer.o(.data)
    tim2_T4                                  0x20000064   Data           4  timer.o(.data)
    TIM2CH1_CAPTURE_STA                      0x20000068   Data           1  timer.o(.data)
    TIM2CH1_CAPTURE_UPVAL                    0x2000006a   Data           2  timer.o(.data)
    TIM2CH1_CAPTURE_DOWNVAL                  0x2000006c   Data           2  timer.o(.data)
    TIM2CH2_CAPTURE_STA                      0x2000006e   Data           1  timer.o(.data)
    TIM2CH2_CAPTURE_UPVAL                    0x20000070   Data           2  timer.o(.data)
    TIM2CH2_CAPTURE_DOWNVAL                  0x20000072   Data           2  timer.o(.data)
    TIM2CH3_CAPTURE_STA                      0x20000074   Data           1  timer.o(.data)
    TIM2CH3_CAPTURE_UPVAL                    0x20000076   Data           2  timer.o(.data)
    TIM2CH3_CAPTURE_DOWNVAL                  0x20000078   Data           2  timer.o(.data)
    TIM2CH4_CAPTURE_STA                      0x2000007a   Data           1  timer.o(.data)
    TIM2CH4_CAPTURE_UPVAL                    0x2000007c   Data           2  timer.o(.data)
    TIM2CH4_CAPTURE_DOWNVAL                  0x2000007e   Data           2  timer.o(.data)
    tim3_T1                                  0x20000080   Data           4  timer.o(.data)
    tim3_T2                                  0x20000084   Data           4  timer.o(.data)
    tim3_T3                                  0x20000088   Data           4  timer.o(.data)
    tim3_T4                                  0x2000008c   Data           4  timer.o(.data)
    TIM3CH1_CAPTURE_STA                      0x20000090   Data           1  timer.o(.data)
    TIM3CH1_CAPTURE_UPVAL                    0x20000092   Data           2  timer.o(.data)
    TIM3CH1_CAPTURE_DOWNVAL                  0x20000094   Data           2  timer.o(.data)
    TIM3CH2_CAPTURE_STA                      0x20000096   Data           1  timer.o(.data)
    TIM3CH2_CAPTURE_UPVAL                    0x20000098   Data           2  timer.o(.data)
    TIM3CH2_CAPTURE_DOWNVAL                  0x2000009a   Data           2  timer.o(.data)
    TIM3CH3_CAPTURE_STA                      0x2000009c   Data           1  timer.o(.data)
    TIM3CH3_CAPTURE_UPVAL                    0x2000009e   Data           2  timer.o(.data)
    TIM3CH3_CAPTURE_DOWNVAL                  0x200000a0   Data           2  timer.o(.data)
    TIM3CH4_CAPTURE_STA                      0x200000a2   Data           1  timer.o(.data)
    TIM3CH4_CAPTURE_UPVAL                    0x200000a4   Data           2  timer.o(.data)
    TIM3CH4_CAPTURE_DOWNVAL                  0x200000a6   Data           2  timer.o(.data)
    tim4_T1                                  0x200000a8   Data           4  timer.o(.data)
    tim4_T2                                  0x200000ac   Data           4  timer.o(.data)
    tim4_T3                                  0x200000b0   Data           4  timer.o(.data)
    tim4_T4                                  0x200000b4   Data           4  timer.o(.data)
    TIM4CH1_CAPTURE_STA                      0x200000b8   Data           1  timer.o(.data)
    TIM4CH1_CAPTURE_UPVAL                    0x200000ba   Data           2  timer.o(.data)
    TIM4CH1_CAPTURE_DOWNVAL                  0x200000bc   Data           2  timer.o(.data)
    TIM4CH2_CAPTURE_STA                      0x200000be   Data           1  timer.o(.data)
    TIM4CH2_CAPTURE_UPVAL                    0x200000c0   Data           2  timer.o(.data)
    TIM4CH2_CAPTURE_DOWNVAL                  0x200000c2   Data           2  timer.o(.data)
    TIM4CH3_CAPTURE_STA                      0x200000c4   Data           1  timer.o(.data)
    TIM4CH3_CAPTURE_UPVAL                    0x200000c6   Data           2  timer.o(.data)
    TIM4CH3_CAPTURE_DOWNVAL                  0x200000c8   Data           2  timer.o(.data)
    TIM4CH4_CAPTURE_STA                      0x200000ca   Data           1  timer.o(.data)
    TIM4CH4_CAPTURE_UPVAL                    0x200000cc   Data           2  timer.o(.data)
    TIM4CH4_CAPTURE_DOWNVAL                  0x200000ce   Data           2  timer.o(.data)
    tim5_T1                                  0x200000d0   Data           4  timer.o(.data)
    tim5_T2                                  0x200000d4   Data           4  timer.o(.data)
    tim5_T3                                  0x200000d8   Data           4  timer.o(.data)
    tim5_T4                                  0x200000dc   Data           4  timer.o(.data)
    TIM5CH1_CAPTURE_STA                      0x200000e0   Data           1  timer.o(.data)
    TIM5CH1_CAPTURE_UPVAL                    0x200000e2   Data           2  timer.o(.data)
    TIM5CH1_CAPTURE_DOWNVAL                  0x200000e4   Data           2  timer.o(.data)
    TIM5CH2_CAPTURE_STA                      0x200000e6   Data           1  timer.o(.data)
    TIM5CH2_CAPTURE_UPVAL                    0x200000e8   Data           2  timer.o(.data)
    TIM5CH2_CAPTURE_DOWNVAL                  0x200000ea   Data           2  timer.o(.data)
    TIM5CH3_CAPTURE_STA                      0x200000ec   Data           1  timer.o(.data)
    TIM5CH3_CAPTURE_UPVAL                    0x200000ee   Data           2  timer.o(.data)
    TIM5CH3_CAPTURE_DOWNVAL                  0x200000f0   Data           2  timer.o(.data)
    TIM5CH4_CAPTURE_STA                      0x200000f2   Data           1  timer.o(.data)
    TIM5CH4_CAPTURE_UPVAL                    0x200000f4   Data           2  timer.o(.data)
    TIM5CH4_CAPTURE_DOWNVAL                  0x200000f6   Data           2  timer.o(.data)
    USART2_RX_STA                            0x200000f8   Data           2  usart2.o(.data)
    __stdout                                 0x20000100   Data           4  usart.o(.data)
    OSCtxSwCtr                               0x20000118   Data           4  os_core.o(.data)
    OSEventFreeList                          0x2000011c   Data           4  os_core.o(.data)
    OSCPUUsage                               0x20000120   Data           1  os_core.o(.data)
    OSIdleCtrMax                             0x20000124   Data           4  os_core.o(.data)
    OSIdleCtrRun                             0x20000128   Data           4  os_core.o(.data)
    OSStatRdy                                0x2000012c   Data           1  os_core.o(.data)
    OSIntNesting                             0x2000012d   Data           1  os_core.o(.data)
    OSLockNesting                            0x2000012e   Data           1  os_core.o(.data)
    OSPrioCur                                0x2000012f   Data           1  os_core.o(.data)
    OSPrioHighRdy                            0x20000130   Data           1  os_core.o(.data)
    OSRdyGrp                                 0x20000131   Data           1  os_core.o(.data)
    OSRdyTbl                                 0x20000132   Data           3  os_core.o(.data)
    OSRunning                                0x20000135   Data           1  os_core.o(.data)
    OSTaskCtr                                0x20000136   Data           1  os_core.o(.data)
    OSIdleCtr                                0x20000138   Data           4  os_core.o(.data)
    OSTCBCur                                 0x2000013c   Data           4  os_core.o(.data)
    OSTCBFreeList                            0x20000140   Data           4  os_core.o(.data)
    OSTCBHighRdy                             0x20000144   Data           4  os_core.o(.data)
    OSTCBList                                0x20000148   Data           4  os_core.o(.data)
    OSTickStepState                          0x2000014c   Data           1  os_core.o(.data)
    OSQFreeList                              0x20000150   Data           4  os_core.o(.data)
    OSTime                                   0x20000154   Data           4  os_core.o(.data)
    OSTmrFree                                0x20000158   Data           2  os_core.o(.data)
    OSTmrUsed                                0x2000015a   Data           2  os_core.o(.data)
    OSTmrTime                                0x2000015c   Data           4  os_core.o(.data)
    OSTmrSem                                 0x20000160   Data           4  os_core.o(.data)
    OSTmrSemSignal                           0x20000164   Data           4  os_core.o(.data)
    OSTmrFreeList                            0x20000168   Data           4  os_core.o(.data)
    OSInterrputSum                           0x2000016c   Data           4  os_cpu_c.o(.data)
    ctrl_val                                 0x20000178   Data          32  zhp_control_app.o(.bss)
    auto_ctrl_val                            0x20000198   Data         360  zhp_control_app.o(.bss)
    table                                    0x20000300   Data        1024  zhp_crc.o(.bss)
    tx_frame_buf                             0x20000700   Data         100  zhp_frame.o(.bss)
    final_tx_frame                           0x20000764   Data         198  zhp_frame.o(.bss)
    rx_frame_buf                             0x2000082a   Data         198  zhp_frame.o(.bss)
    final_rx_frame                           0x200008f0   Data         100  zhp_frame.o(.bss)
    XXX_TASK_STK                             0x20000954   Data         256  main.o(.bss)
    START_TASK_STK                           0x20000a54   Data         512  main.o(.bss)
    IMU_TASK_STK                             0x20000c54   Data        1024  main.o(.bss)
    CONTROL_TASK_STK                         0x20001054   Data        1024  main.o(.bss)
    TEST_TASK_STK                            0x20001454   Data        1024  main.o(.bss)
    FEEDBACK_TASK_STK                        0x20001854   Data        1024  main.o(.bss)
    rc                                       0x20001c54   Data          32  timer.o(.bss)
    TIM2_ICInitStructure                     0x20001c74   Data          10  timer.o(.bss)
    TIM3_ICInitStructure                     0x20001c7e   Data          10  timer.o(.bss)
    TIM4_ICInitStructure                     0x20001c88   Data          10  timer.o(.bss)
    TIM5_ICInitStructure                     0x20001c92   Data          10  timer.o(.bss)
    USART2_TX_BUF                            0x20001ca0   Data         200  usart2.o(.bss)
    USART2_RX_BUF                            0x20001d68   Data         200  usart2.o(.bss)
    OSEventTbl                               0x20001e30   Data         100  os_core.o(.bss)
    OSTaskStatStk                            0x20001e94   Data         512  os_core.o(.bss)
    OSTaskIdleStk                            0x20002094   Data         512  os_core.o(.bss)
    OSTCBPrioTbl                             0x20002294   Data          84  os_core.o(.bss)
    OSTCBTbl                                 0x200022e8   Data         432  os_core.o(.bss)
    OSQTbl                                   0x20002498   Data         120  os_core.o(.bss)
    OSTmrTbl                                 0x20002510   Data         120  os_core.o(.bss)
    OSTmrTaskStk                             0x20002588   Data         512  os_core.o(.bss)
    OSTmrWheelTbl                            0x20002788   Data          64  os_core.o(.bss)
    __libspace_start                         0x200027c8   Data          96  libspace.o(.bss)
    __temporary_stack_top$libspace           0x20002828   Data           0  libspace.o(.bss)



==============================================================================

Memory Map of the image

  Image Entry point : 0x08000131

  Load Region LR_IROM1 (Base: 0x08000000, Size: 0x00007cfc, Max: 0x00020000, ABSOLUTE, COMPRESSED[0x00007bbc])

    Execution Region ER_IROM1 (Base: 0x08000000, Size: 0x00007b88, Max: 0x00020000, ABSOLUTE)

    Base Addr    Size         Type   Attr      Idx    E Section Name        Object

    0x08000000   0x00000130   Data   RO         1538    RESET               startup_stm32f10x_hd.o
    0x08000130   0x00000008   Code   RO         5161  * !!!main             c_w.l(__main.o)
    0x08000138   0x00000034   Code   RO         5646    !!!scatter          c_w.l(__scatter.o)
    0x0800016c   0x0000005a   Code   RO         5644    !!dczerorl2         c_w.l(__dczerorl2.o)
    0x080001c6   0x00000002   PAD
    0x080001c8   0x0000001c   Code   RO         5648    !!handler_zi        c_w.l(__scatter_zi.o)
    0x080001e4   0x00000000   Code   RO         5148    .ARM.Collect$$_printf_percent$$00000000  c_w.l(_printf_percent.o)
    0x080001e4   0x00000006   Code   RO         5147    .ARM.Collect$$_printf_percent$$0000000A  c_w.l(_printf_u.o)
    0x080001ea   0x00000004   Code   RO         5318    .ARM.Collect$$_printf_percent$$00000017  c_w.l(_printf_percent_end.o)
    0x080001ee   0x00000002   Code   RO         5495    .ARM.Collect$$libinit$$00000000  c_w.l(libinit.o)
    0x080001f0   0x00000000   Code   RO         5497    .ARM.Collect$$libinit$$00000002  c_w.l(libinit2.o)
    0x080001f0   0x00000000   Code   RO         5500    .ARM.Collect$$libinit$$00000008  c_w.l(libinit2.o)
    0x080001f0   0x00000000   Code   RO         5502    .ARM.Collect$$libinit$$0000000A  c_w.l(libinit2.o)
    0x080001f0   0x00000000   Code   RO         5504    .ARM.Collect$$libinit$$0000000C  c_w.l(libinit2.o)
    0x080001f0   0x00000006   Code   RO         5505    .ARM.Collect$$libinit$$0000000D  c_w.l(libinit2.o)
    0x080001f6   0x00000000   Code   RO         5507    .ARM.Collect$$libinit$$0000000F  c_w.l(libinit2.o)
    0x080001f6   0x0000000c   Code   RO         5508    .ARM.Collect$$libinit$$00000010  c_w.l(libinit2.o)
    0x08000202   0x00000000   Code   RO         5509    .ARM.Collect$$libinit$$00000011  c_w.l(libinit2.o)
    0x08000202   0x00000000   Code   RO         5511    .ARM.Collect$$libinit$$00000013  c_w.l(libinit2.o)
    0x08000202   0x0000000a   Code   RO         5512    .ARM.Collect$$libinit$$00000014  c_w.l(libinit2.o)
    0x0800020c   0x00000000   Code   RO         5513    .ARM.Collect$$libinit$$00000015  c_w.l(libinit2.o)
    0x0800020c   0x00000000   Code   RO         5515    .ARM.Collect$$libinit$$00000017  c_w.l(libinit2.o)
    0x0800020c   0x00000000   Code   RO         5517    .ARM.Collect$$libinit$$00000019  c_w.l(libinit2.o)
    0x0800020c   0x00000000   Code   RO         5519    .ARM.Collect$$libinit$$0000001B  c_w.l(libinit2.o)
    0x0800020c   0x00000000   Code   RO         5521    .ARM.Collect$$libinit$$0000001D  c_w.l(libinit2.o)
    0x0800020c   0x00000000   Code   RO         5523    .ARM.Collect$$libinit$$0000001F  c_w.l(libinit2.o)
    0x0800020c   0x00000000   Code   RO         5525    .ARM.Collect$$libinit$$00000021  c_w.l(libinit2.o)
    0x0800020c   0x00000000   Code   RO         5527    .ARM.Collect$$libinit$$00000023  c_w.l(libinit2.o)
    0x0800020c   0x00000000   Code   RO         5531    .ARM.Collect$$libinit$$0000002A  c_w.l(libinit2.o)
    0x0800020c   0x00000000   Code   RO         5533    .ARM.Collect$$libinit$$0000002C  c_w.l(libinit2.o)
    0x0800020c   0x00000000   Code   RO         5535    .ARM.Collect$$libinit$$0000002E  c_w.l(libinit2.o)
    0x0800020c   0x00000000   Code   RO         5537    .ARM.Collect$$libinit$$00000030  c_w.l(libinit2.o)
    0x0800020c   0x00000002   Code   RO         5538    .ARM.Collect$$libinit$$00000031  c_w.l(libinit2.o)
    0x0800020e   0x00000002   Code   RO         5595    .ARM.Collect$$libshutdown$$00000000  c_w.l(libshutdown.o)
    0x08000210   0x00000000   Code   RO         5605    .ARM.Collect$$libshutdown$$00000003  c_w.l(libshutdown2.o)
    0x08000210   0x00000000   Code   RO         5608    .ARM.Collect$$libshutdown$$00000006  c_w.l(libshutdown2.o)
    0x08000210   0x00000000   Code   RO         5611    .ARM.Collect$$libshutdown$$00000009  c_w.l(libshutdown2.o)
    0x08000210   0x00000000   Code   RO         5613    .ARM.Collect$$libshutdown$$0000000B  c_w.l(libshutdown2.o)
    0x08000210   0x00000000   Code   RO         5616    .ARM.Collect$$libshutdown$$0000000E  c_w.l(libshutdown2.o)
    0x08000210   0x00000002   Code   RO         5617    .ARM.Collect$$libshutdown$$0000000F  c_w.l(libshutdown2.o)
    0x08000212   0x00000000   Code   RO         5255    .ARM.Collect$$rtentry$$00000000  c_w.l(rtentry.o)
    0x08000212   0x00000000   Code   RO         5379    .ARM.Collect$$rtentry$$00000002  c_w.l(rtentry2.o)
    0x08000212   0x00000006   Code   RO         5391    .ARM.Collect$$rtentry$$00000004  c_w.l(rtentry4.o)
    0x08000218   0x00000000   Code   RO         5381    .ARM.Collect$$rtentry$$00000009  c_w.l(rtentry2.o)
    0x08000218   0x00000004   Code   RO         5382    .ARM.Collect$$rtentry$$0000000A  c_w.l(rtentry2.o)
    0x0800021c   0x00000000   Code   RO         5384    .ARM.Collect$$rtentry$$0000000C  c_w.l(rtentry2.o)
    0x0800021c   0x00000008   Code   RO         5385    .ARM.Collect$$rtentry$$0000000D  c_w.l(rtentry2.o)
    0x08000224   0x00000002   Code   RO         5547    .ARM.Collect$$rtexit$$00000000  c_w.l(rtexit.o)
    0x08000226   0x00000000   Code   RO         5575    .ARM.Collect$$rtexit$$00000002  c_w.l(rtexit2.o)
    0x08000226   0x00000004   Code   RO         5576    .ARM.Collect$$rtexit$$00000003  c_w.l(rtexit2.o)
    0x0800022a   0x00000006   Code   RO         5577    .ARM.Collect$$rtexit$$00000004  c_w.l(rtexit2.o)
    0x08000230   0x00000040   Code   RO         1539    .text               startup_stm32f10x_hd.o
    0x08000270   0x000000b4   Code   RO         5015    .text               os_cpu_a.o
    0x08000324   0x00000002   Code   RO         5111    .text               c_w.l(use_no_semi_2.o)
    0x08000326   0x00000002   PAD
    0x08000328   0x00000018   Code   RO         5115    .text               c_w.l(__2printf.o)
    0x08000340   0x0000002c   Code   RO         5117    .text               c_w.l(__2sprintf.o)
    0x0800036c   0x00000074   Code   RO         5125    .text               c_w.l(_printf_dec.o)
    0x080003e0   0x00000188   Code   RO         5144    .text               c_w.l(__printf_flags_ss_wp.o)
    0x08000568   0x0000003c   Code   RO         5149    .text               c_w.l(__0sscanf.o)
    0x080005a4   0x0000008a   Code   RO         5153    .text               c_w.l(rt_memcpy_v6.o)
    0x0800062e   0x00000044   Code   RO         5155    .text               c_w.l(rt_memclr.o)
    0x08000672   0x0000004e   Code   RO         5157    .text               c_w.l(rt_memclr_w.o)
    0x080006c0   0x00000006   Code   RO         5159    .text               c_w.l(heapauxi.o)
    0x080006c6   0x00000002   Code   RO         5253    .text               c_w.l(use_no_semi.o)
    0x080006c8   0x00000016   Code   RO         5256    .text               c_w.l(_rserrno.o)
    0x080006de   0x000000b2   Code   RO         5264    .text               c_w.l(_printf_intcommon.o)
    0x08000790   0x00000030   Code   RO         5268    .text               c_w.l(_printf_char_common.o)
    0x080007c0   0x0000000a   Code   RO         5270    .text               c_w.l(_sputc.o)
    0x080007ca   0x00000002   PAD
    0x080007cc   0x00000024   Code   RO         5272    .text               c_w.l(_printf_char_file.o)
    0x080007f0   0x000004a4   Code   RO         5328    .text               c_w.l(scanf_fp.o)
    0x08000c94   0x0000002c   Code   RO         5330    .text               c_w.l(scanf_char.o)
    0x08000cc0   0x00000040   Code   RO         5332    .text               c_w.l(_sgetc.o)
    0x08000d00   0x00000064   Code   RO         5334    .text               c_w.l(rt_memcpy_w.o)
    0x08000d64   0x00000008   Code   RO         5396    .text               c_w.l(rt_locale_intlibspace.o)
    0x08000d6c   0x00000008   Code   RO         5401    .text               c_w.l(rt_errno_addr_intlibspace.o)
    0x08000d74   0x00000012   Code   RO         5405    .text               c_w.l(isspace.o)
    0x08000d86   0x00000002   PAD
    0x08000d88   0x0000036c   Code   RO         5418    .text               c_w.l(_scanf.o)
    0x080010f4   0x000000d8   Code   RO         5420    .text               c_w.l(bigflt0.o)
    0x080011cc   0x00000008   Code   RO         5445    .text               c_w.l(ferror.o)
    0x080011d4   0x00000008   Code   RO         5473    .text               c_w.l(libspace.o)
    0x080011dc   0x0000004a   Code   RO         5476    .text               c_w.l(sys_stackheap_outer.o)
    0x08001226   0x00000002   PAD
    0x08001228   0x00000010   Code   RO         5478    .text               c_w.l(rt_ctype_table.o)
    0x08001238   0x00000318   Code   RO         5482    .text               c_w.l(scanf_hexfp.o)
    0x08001550   0x00000134   Code   RO         5484    .text               c_w.l(scanf_infnan.o)
    0x08001684   0x0000000c   Code   RO         5486    .text               c_w.l(exit.o)
    0x08001690   0x00000080   Code   RO         5488    .text               c_w.l(strcmpv7m.o)
    0x08001710   0x00000026   Code   RO         5549    .text               c_w.l(llshl.o)
    0x08001736   0x0000001c   Code   RO         5551    .text               c_w.l(_chval.o)
    0x08001752   0x00000338   Code   RO         5433    CL$$btod_div_common  c_w.l(btod.o)
    0x08001a8a   0x00000002   PAD
    0x08001a8c   0x00000054   Code   RO         5431    CL$$btod_e2d        c_w.l(btod.o)
    0x08001ae0   0x000000c6   Code   RO         5430    CL$$btod_e2e        c_w.l(btod.o)
    0x08001ba6   0x00000028   Code   RO         5427    CL$$btod_ediv       c_w.l(btod.o)
    0x08001bce   0x00000028   Code   RO         5429    CL$$btod_edivd      c_w.l(btod.o)
    0x08001bf6   0x00000028   Code   RO         5426    CL$$btod_emul       c_w.l(btod.o)
    0x08001c1e   0x00000028   Code   RO         5428    CL$$btod_emuld      c_w.l(btod.o)
    0x08001c46   0x00000244   Code   RO         5432    CL$$btod_mult_common  c_w.l(btod.o)
    0x08001e8a   0x00000004   Code   RO          531    i.BusFault_Handler  stm32f10x_it.o
    0x08001e8e   0x0000000c   Code   RO          324    i.CRC_Config        zhp_crc.o
    0x08001e9a   0x00000002   Code   RO          532    i.DebugMon_Handler  stm32f10x_it.o
    0x08001e9c   0x00000088   Code   RO          381    i.EXTI15_10_IRQHandler  zhp_ext_int.o
    0x08001f24   0x0000000c   Code   RO         3881    i.EXTI_ClearITPendingBit  stm32f10x_exti.o
    0x08001f30   0x00000028   Code   RO         3885    i.EXTI_GetITStatus  stm32f10x_exti.o
    0x08001f58   0x00000094   Code   RO         3886    i.EXTI_Init         stm32f10x_exti.o
    0x08001fec   0x00000040   Code   RO         1702    i.GPIO_EXTILineConfig  stm32f10x_gpio.o
    0x0800202c   0x00000116   Code   RO         1705    i.GPIO_Init         stm32f10x_gpio.o
    0x08002142   0x00000002   PAD
    0x08002144   0x00000090   Code   RO         1707    i.GPIO_PinRemapConfig  stm32f10x_gpio.o
    0x080021d4   0x00000004   Code   RO         1712    i.GPIO_ResetBits    stm32f10x_gpio.o
    0x080021d8   0x00000004   Code   RO         1713    i.GPIO_SetBits      stm32f10x_gpio.o
    0x080021dc   0x00000004   Code   RO          533    i.HardFault_Handler  stm32f10x_it.o
    0x080021e0   0x00000010   Code   RO         3934    i.IWDG_Enable       stm32f10x_iwdg.o
    0x080021f0   0x00000008   Code   RO         1424    i.IWDG_Feed         wdg.o
    0x080021f8   0x00000024   Code   RO         1425    i.IWDG_Init         wdg.o
    0x0800221c   0x00000010   Code   RO         3936    i.IWDG_ReloadCounter  stm32f10x_iwdg.o
    0x0800222c   0x0000000c   Code   RO         3937    i.IWDG_SetPrescaler  stm32f10x_iwdg.o
    0x08002238   0x0000000c   Code   RO         3938    i.IWDG_SetReload    stm32f10x_iwdg.o
    0x08002244   0x0000000c   Code   RO         3939    i.IWDG_WriteAccessCmd  stm32f10x_iwdg.o
    0x08002250   0x00000040   Code   RO         1066    i.LED_Init          led.o
    0x08002290   0x0000003c   Code   RO         1248    i.MOTORS_Init       motors.o
    0x080022cc   0x00000014   Code   RO         1249    i.MOTOR_A0_SetBackward  motors.o
    0x080022e0   0x00000018   Code   RO         1250    i.MOTOR_A0_SetBreak  motors.o
    0x080022f8   0x00000014   Code   RO         1251    i.MOTOR_A0_SetForward  motors.o
    0x0800230c   0x0000001c   Code   RO         1252    i.MOTOR_A0_SetPwm   motors.o
    0x08002328   0x00000014   Code   RO         1253    i.MOTOR_A1_SetBackward  motors.o
    0x0800233c   0x00000018   Code   RO         1254    i.MOTOR_A1_SetBreak  motors.o
    0x08002354   0x00000014   Code   RO         1255    i.MOTOR_A1_SetForward  motors.o
    0x08002368   0x0000001c   Code   RO         1256    i.MOTOR_A1_SetPwm   motors.o
    0x08002384   0x00000014   Code   RO         1257    i.MOTOR_B0_SetBackward  motors.o
    0x08002398   0x00000018   Code   RO         1258    i.MOTOR_B0_SetBreak  motors.o
    0x080023b0   0x00000014   Code   RO         1259    i.MOTOR_B0_SetForward  motors.o
    0x080023c4   0x0000001c   Code   RO         1260    i.MOTOR_B0_SetPwm   motors.o
    0x080023e0   0x00000014   Code   RO         1261    i.MOTOR_B1_SetBackward  motors.o
    0x080023f4   0x0000001c   Code   RO         1262    i.MOTOR_B1_SetBreak  motors.o
    0x08002410   0x00000014   Code   RO         1263    i.MOTOR_B1_SetForward  motors.o
    0x08002424   0x0000001c   Code   RO         1264    i.MOTOR_B1_SetPwm   motors.o
    0x08002440   0x00000004   Code   RO          534    i.MemManage_Handler  stm32f10x_it.o
    0x08002444   0x00000010   Code   RO         1109    i.MotoTimerInit     timer.o
    0x08002454   0x00000002   Code   RO          535    i.NMI_Handler       stm32f10x_it.o
    0x08002456   0x0000000c   Code   RO         1474    i.NVIC_Configuration  sys.o
    0x08002462   0x00000002   PAD
    0x08002464   0x00000070   Code   RO         1543    i.NVIC_Init         misc.o
    0x080024d4   0x00000014   Code   RO         1544    i.NVIC_PriorityGroupConfig  misc.o
    0x080024e8   0x00000058   Code   RO         4511    i.OSEventNameSet    os_core.o
    0x08002540   0x0000002c   Code   RO         4513    i.OSInit            os_core.o
    0x0800256c   0x0000000c   Code   RO         5018    i.OSInitHookBegin   os_cpu_c.o
    0x08002578   0x00000002   Code   RO         5019    i.OSInitHookEnd     os_cpu_c.o
    0x0800257a   0x00000002   PAD
    0x0800257c   0x00000024   Code   RO         4514    i.OSIntEnter        os_core.o
    0x080025a0   0x00000084   Code   RO         4515    i.OSIntExit         os_core.o
    0x08002624   0x00000040   Code   RO         4516    i.OSSchedLock       os_core.o
    0x08002664   0x00000060   Code   RO         4517    i.OSSchedUnlock     os_core.o
    0x080026c4   0x00000054   Code   RO         4806    i.OSSemCreate       os_sem.o
    0x08002718   0x000000e4   Code   RO         4808    i.OSSemPend         os_sem.o
    0x080027fc   0x00000058   Code   RO         4810    i.OSSemPost         os_sem.o
    0x08002854   0x00000048   Code   RO         4518    i.OSStart           os_core.o
    0x0800289c   0x0000004c   Code   RO         4519    i.OSStatInit        os_core.o
    0x080028e8   0x00000002   Code   RO         5020    i.OSTCBInitHook     os_cpu_c.o
    0x080028ea   0x00000002   PAD
    0x080028ec   0x000000a0   Code   RO         4859    i.OSTaskCreate      os_task.o
    0x0800298c   0x00000002   Code   RO         5021    i.OSTaskCreateHook  os_cpu_c.o
    0x0800298e   0x00000002   Code   RO         5023    i.OSTaskIdleHook    os_cpu_c.o
    0x08002990   0x00000002   Code   RO         5025    i.OSTaskStatHook    os_cpu_c.o
    0x08002992   0x0000009a   Code   RO         5026    i.OSTaskStkInit     os_cpu_c.o
    0x08002a2c   0x000000a0   Code   RO         4861    i.OSTaskSuspend     os_task.o
    0x08002acc   0x00000002   Code   RO         5027    i.OSTaskSwHook      os_cpu_c.o
    0x08002ace   0x00000002   PAD
    0x08002ad0   0x00000078   Code   RO         4889    i.OSTimeDly         os_time.o
    0x08002b48   0x00000060   Code   RO         4890    i.OSTimeDlyHMSM     os_time.o
    0x08002ba8   0x000000e0   Code   RO         4520    i.OSTimeTick        os_core.o
    0x08002c88   0x00000020   Code   RO         5028    i.OSTimeTickHook    os_cpu_c.o
    0x08002ca8   0x00000014   Code   RO         4929    i.OSTmrSignal       os_tmr.o
    0x08002cbc   0x000000f4   Code   RO         4935    i.OSTmr_Init        os_tmr.o
    0x08002db0   0x00000018   Code   RO         4936    i.OSTmr_InitTask    os_tmr.o
    0x08002dc8   0x0000006c   Code   RO         4937    i.OSTmr_Link        os_tmr.o
    0x08002e34   0x00000080   Code   RO         4938    i.OSTmr_Task        os_tmr.o
    0x08002eb4   0x00000044   Code   RO         4939    i.OSTmr_Unlink      os_tmr.o
    0x08002ef8   0x0000008c   Code   RO         4522    i.OS_EventTaskRdy   os_core.o
    0x08002f84   0x0000002a   Code   RO         4523    i.OS_EventTaskRemove  os_core.o
    0x08002fae   0x0000003a   Code   RO         4524    i.OS_EventTaskRemoveMulti  os_core.o
    0x08002fe8   0x0000007c   Code   RO         4525    i.OS_EventTaskWait  os_core.o
    0x08003064   0x0000001c   Code   RO         4527    i.OS_EventWaitListInit  os_core.o
    0x08003080   0x00000060   Code   RO         4528    i.OS_InitEventList  os_core.o
    0x080030e0   0x00000054   Code   RO         4529    i.OS_InitMisc       os_core.o
    0x08003134   0x00000044   Code   RO         4530    i.OS_InitRdyList    os_core.o
    0x08003178   0x00000064   Code   RO         4531    i.OS_InitTCBList    os_core.o
    0x080031dc   0x00000018   Code   RO         4532    i.OS_InitTaskIdle   os_core.o
    0x080031f4   0x00000018   Code   RO         4533    i.OS_InitTaskStat   os_core.o
    0x0800320c   0x00000012   Code   RO         4534    i.OS_MemClr         os_core.o
    0x0800321e   0x00000002   PAD
    0x08003220   0x00000050   Code   RO         4743    i.OS_QInit          os_q.o
    0x08003270   0x00000068   Code   RO         4536    i.OS_Sched          os_core.o
    0x080032d8   0x0000002c   Code   RO         4537    i.OS_SchedNew       os_core.o
    0x08003304   0x000000fc   Code   RO         4539    i.OS_TCBInit        os_core.o
    0x08003400   0x00000028   Code   RO         4540    i.OS_TaskIdle       os_core.o
    0x08003428   0x00000084   Code   RO         4541    i.OS_TaskStat       os_core.o
    0x080034ac   0x00000048   Code   RO         1368    i.PS2_Init          pstwo.o
    0x080034f4   0x00000020   Code   RO         1814    i.RCC_AHBPeriphClockCmd  stm32f10x_rcc.o
    0x08003514   0x00000020   Code   RO         1815    i.RCC_APB1PeriphClockCmd  stm32f10x_rcc.o
    0x08003534   0x00000020   Code   RO         1817    i.RCC_APB2PeriphClockCmd  stm32f10x_rcc.o
    0x08003554   0x000000d4   Code   RO         1825    i.RCC_GetClocksFreq  stm32f10x_rcc.o
    0x08003628   0x0000000e   Code   RO         1110    i.RemoteControllerCaptureInit  timer.o
    0x08003636   0x00000002   Code   RO          536    i.SVC_Handler       stm32f10x_it.o
    0x08003638   0x00000008   Code   RO          475    i.SetSysClock       system_stm32f10x.o
    0x08003640   0x000000e0   Code   RO          476    i.SetSysClockTo72   system_stm32f10x.o
    0x08003720   0x00000028   Code   RO         1547    i.SysTick_CLKSourceConfig  misc.o
    0x08003748   0x00000010   Code   RO         1442    i.SysTick_Handler   delay.o
    0x08003758   0x00000060   Code   RO          478    i.SystemInit        system_stm32f10x.o
    0x080037b8   0x00000080   Code   RO         2397    i.TI1_Config        stm32f10x_tim.o
    0x08003838   0x00000098   Code   RO         2398    i.TI2_Config        stm32f10x_tim.o
    0x080038d0   0x00000090   Code   RO         2399    i.TI3_Config        stm32f10x_tim.o
    0x08003960   0x00000098   Code   RO         2400    i.TI4_Config        stm32f10x_tim.o
    0x080039f8   0x000002a8   Code   RO         1112    i.TIM2_IRQHandler   timer.o
    0x08003ca0   0x00000114   Code   RO         1113    i.TIM3_Cap_Init     timer.o
    0x08003db4   0x00000294   Code   RO         1114    i.TIM3_IRQHandler   timer.o
    0x08004048   0x00000294   Code   RO         1116    i.TIM4_IRQHandler   timer.o
    0x080042dc   0x00000294   Code   RO         1118    i.TIM5_IRQHandler   timer.o
    0x08004570   0x00000018   Code   RO         2401    i.TIM_ARRPreloadConfig  stm32f10x_tim.o
    0x08004588   0x00000006   Code   RO         2408    i.TIM_ClearITPendingBit  stm32f10x_tim.o
    0x0800458e   0x00000018   Code   RO         2413    i.TIM_Cmd           stm32f10x_tim.o
    0x080045a6   0x0000001e   Code   RO         2415    i.TIM_CtrlPWMOutputs  stm32f10x_tim.o
    0x080045c4   0x00000006   Code   RO         2428    i.TIM_GetCapture1   stm32f10x_tim.o
    0x080045ca   0x00000006   Code   RO         2429    i.TIM_GetCapture2   stm32f10x_tim.o
    0x080045d0   0x00000006   Code   RO         2430    i.TIM_GetCapture3   stm32f10x_tim.o
    0x080045d6   0x00000008   Code   RO         2431    i.TIM_GetCapture4   stm32f10x_tim.o
    0x080045de   0x00000022   Code   RO         2434    i.TIM_GetITStatus   stm32f10x_tim.o
    0x08004600   0x000000ac   Code   RO         2436    i.TIM_ICInit        stm32f10x_tim.o
    0x080046ac   0x00000012   Code   RO         2438    i.TIM_ITConfig      stm32f10x_tim.o
    0x080046be   0x00000002   PAD
    0x080046c0   0x00000098   Code   RO         2442    i.TIM_OC1Init       stm32f10x_tim.o
    0x08004758   0x00000012   Code   RO         2444    i.TIM_OC1PolarityConfig  stm32f10x_tim.o
    0x0800476a   0x00000012   Code   RO         2445    i.TIM_OC1PreloadConfig  stm32f10x_tim.o
    0x0800477c   0x000000a4   Code   RO         2447    i.TIM_OC2Init       stm32f10x_tim.o
    0x08004820   0x0000001a   Code   RO         2449    i.TIM_OC2PolarityConfig  stm32f10x_tim.o
    0x0800483a   0x0000001a   Code   RO         2450    i.TIM_OC2PreloadConfig  stm32f10x_tim.o
    0x08004854   0x000000a0   Code   RO         2452    i.TIM_OC3Init       stm32f10x_tim.o
    0x080048f4   0x0000001a   Code   RO         2454    i.TIM_OC3PolarityConfig  stm32f10x_tim.o
    0x0800490e   0x00000012   Code   RO         2455    i.TIM_OC3PreloadConfig  stm32f10x_tim.o
    0x08004920   0x0000007c   Code   RO         2457    i.TIM_OC4Init       stm32f10x_tim.o
    0x0800499c   0x0000001a   Code   RO         2458    i.TIM_OC4PolarityConfig  stm32f10x_tim.o
    0x080049b6   0x0000001a   Code   RO         2459    i.TIM_OC4PreloadConfig  stm32f10x_tim.o
    0x080049d0   0x00000012   Code   RO         2479    i.TIM_SetIC1Prescaler  stm32f10x_tim.o
    0x080049e2   0x0000001a   Code   RO         2480    i.TIM_SetIC2Prescaler  stm32f10x_tim.o
    0x080049fc   0x00000012   Code   RO         2481    i.TIM_SetIC3Prescaler  stm32f10x_tim.o
    0x08004a0e   0x0000001a   Code   RO         2482    i.TIM_SetIC4Prescaler  stm32f10x_tim.o
    0x08004a28   0x000000a4   Code   RO         2484    i.TIM_TimeBaseInit  stm32f10x_tim.o
    0x08004acc   0x000000bc   Code   RO         1119    i.Tim1_init         timer.o
    0x08004b88   0x000000d0   Code   RO         1120    i.Tim2_init         timer.o
    0x08004c58   0x000000c4   Code   RO         1121    i.Tim4_init         timer.o
    0x08004d1c   0x00000040   Code   RO         1486    i.USART1_IRQHandler  usart.o
    0x08004d5c   0x0000004c   Code   RO         1207    i.USART2_IRQHandler  usart2.o
    0x08004da8   0x00000018   Code   RO         2017    i.USART_Cmd         stm32f10x_usart.o
    0x08004dc0   0x00000054   Code   RO         2021    i.USART_GetITStatus  stm32f10x_usart.o
    0x08004e14   0x0000004a   Code   RO         2023    i.USART_ITConfig    stm32f10x_usart.o
    0x08004e5e   0x00000002   PAD
    0x08004e60   0x000000d8   Code   RO         2024    i.USART_Init        stm32f10x_usart.o
    0x08004f38   0x0000000a   Code   RO         2031    i.USART_ReceiveData  stm32f10x_usart.o
    0x08004f42   0x00000004   Code   RO          537    i.UsageFault_Handler  stm32f10x_it.o
    0x08004f46   0x00000002   PAD
    0x08004f48   0x00000010   Code   RO         5371    i.__mathlib_dbl_underflow  m_ws.l(dunder.o)
    0x08004f58   0x00000010   Code   RO         5467    i.__mathlib_narrow  m_ws.l(narrow.o)
    0x08004f68   0x00000088   Code   RO         5468    i.__mathlib_tofloat  m_ws.l(narrow.o)
    0x08004ff0   0x00000016   Code   RO         5563    i.__support_ldexp   m_ws.l(ldexp.o)
    0x08005006   0x0000000e   Code   RO         5137    i._is_digit         c_w.l(__printf_wp.o)
    0x08005014   0x00000004   Code   RO         1487    i._sys_exit         usart.o
    0x08005018   0x0000026c   Code   RO          244    i.auto_ctrl_val_update  zhp_control_app.o
    0x08005284   0x000000bc   Code   RO          245    i.check_limit       zhp_control_app.o
    0x08005340   0x0000003c   Code   RO          246    i.clear_i           zhp_control_app.o
    0x0800537c   0x0000012c   Code   RO          247    i.clear_pid         zhp_control_app.o
    0x080054a8   0x00000098   Code   RO          412    i.control_task      main.o
    0x08005540   0x0000005c   Code   RO         1443    i.delay_init        delay.o
    0x0800559c   0x00000048   Code   RO         1444    i.delay_ms          delay.o
    0x080055e4   0x0000004c   Code   RO         1445    i.delay_us          delay.o
    0x08005630   0x00000094   Code   RO          413    i.feedback_task     main.o
    0x080056c4   0x0000001c   Code   RO         1488    i.fputc             usart.o
    0x080056e0   0x00000058   Code   RO         5544    i.frexp             m_ws.l(frexp.o)
    0x08005738   0x0000007e   Code   RO         5564    i.ldexp             m_ws.l(ldexp.o)
    0x080057b6   0x00000002   PAD
    0x080057b8   0x0000002c   Code   RO          415    i.main              main.o
    0x080057e4   0x00000058   Code   RO          325    i.make_table        zhp_crc.o
    0x0800583c   0x000004cc   Code   RO         1265    i.moto_control_with_val  motors.o
    0x08005d08   0x000000c4   Code   RO          248    i.pid_calc          zhp_control_app.o
    0x08005dcc   0x000000d4   Code   RO          249    i.pid_speed_control  zhp_control_app.o
    0x08005ea0   0x00000160   Code   RO          352    i.receiver_decoder_frame  zhp_frame.o
    0x08006000   0x0000014c   Code   RO          353    i.sender_encoder_frame  zhp_frame.o
    0x0800614c   0x00000070   Code   RO          416    i.start_task        main.o
    0x080061bc   0x00000028   Code   RO          417    i.test_task         main.o
    0x080061e4   0x000000a0   Code   RO         1489    i.uart_init         usart.o
    0x08006284   0x00000068   Code   RO          250    i.update_pid_param  zhp_control_app.o
    0x080062ec   0x00000070   Code   RO            1    i.zhp_app_init      zhp_app.o
    0x0800635c   0x00000008   Code   RO          251    i.zhp_computer_control  zhp_control_app.o
    0x08006364   0x00000184   Code   RO          252    i.zhp_control_init  zhp_control_app.o
    0x080064e8   0x0000003c   Code   RO          326    i.zhp_crc32         zhp_crc.o
    0x08006524   0x00000100   Code   RO          383    i.zhp_ext_int_init  zhp_ext_int.o
    0x08006624   0x0000002c   Code   RO         5452    locale$$code        c_w.l(lc_numeric_c.o)
    0x08006650   0x0000002c   Code   RO         5554    locale$$code        c_w.l(lc_ctype_c.o)
    0x0800667c   0x00000062   Code   RO         5163    x$fpl$d2f           fz_ws.l(d2f.o)
    0x080066de   0x00000002   PAD
    0x080066e0   0x00000150   Code   RO         5165    x$fpl$dadd          fz_ws.l(daddsub_clz.o)
    0x08006830   0x00000010   Code   RO         5454    x$fpl$dcheck1       fz_ws.l(dcheck1.o)
    0x08006840   0x00000018   Code   RO         5336    x$fpl$dcmpinf       fz_ws.l(dcmpi.o)
    0x08006858   0x000002b0   Code   RO         5172    x$fpl$ddiv          fz_ws.l(ddiv.o)
    0x08006b08   0x00000078   Code   RO         5539    x$fpl$deqf          fz_ws.l(deqf.o)
    0x08006b80   0x0000005a   Code   RO         5175    x$fpl$dfixu         fz_ws.l(dfixu.o)
    0x08006bda   0x0000002e   Code   RO         5180    x$fpl$dflt          fz_ws.l(dflt_clz.o)
    0x08006c08   0x00000078   Code   RO         5189    x$fpl$dleqf         fz_ws.l(dleqf.o)
    0x08006c80   0x00000154   Code   RO         5191    x$fpl$dmul          fz_ws.l(dmul.o)
    0x08006dd4   0x0000009c   Code   RO         5338    x$fpl$dnaninf       fz_ws.l(dnaninf.o)
    0x08006e70   0x0000000c   Code   RO         5340    x$fpl$dretinf       fz_ws.l(dretinf.o)
    0x08006e7c   0x0000006c   Code   RO         5193    x$fpl$drleqf        fz_ws.l(drleqf.o)
    0x08006ee8   0x000001d4   Code   RO         5167    x$fpl$dsub          fz_ws.l(daddsub_clz.o)
    0x080070bc   0x00000056   Code   RO         5195    x$fpl$f2d           fz_ws.l(f2d.o)
    0x08007112   0x00000002   PAD
    0x08007114   0x000000c4   Code   RO         5197    x$fpl$fadd          fz_ws.l(faddsub_clz.o)
    0x080071d8   0x00000018   Code   RO         5344    x$fpl$fcmpinf       fz_ws.l(fcmpi.o)
    0x080071f0   0x00000184   Code   RO         5204    x$fpl$fdiv          fz_ws.l(fdiv.o)
    0x08007374   0x00000068   Code   RO         5207    x$fpl$feqf          fz_ws.l(feqf.o)
    0x080073dc   0x00000036   Code   RO         5209    x$fpl$ffix          fz_ws.l(ffix.o)
    0x08007412   0x00000002   PAD
    0x08007414   0x00000030   Code   RO         5214    x$fpl$fflt          fz_ws.l(fflt_clz.o)
    0x08007444   0x00000068   Code   RO         5219    x$fpl$fleqf         fz_ws.l(fleqf.o)
    0x080074ac   0x00000102   Code   RO         5221    x$fpl$fmul          fz_ws.l(fmul.o)
    0x080075ae   0x0000008c   Code   RO         5346    x$fpl$fnaninf       fz_ws.l(fnaninf.o)
    0x0800763a   0x0000000a   Code   RO         5348    x$fpl$fretinf       fz_ws.l(fretinf.o)
    0x08007644   0x00000062   Code   RO         5223    x$fpl$frleqf        fz_ws.l(frleqf.o)
    0x080076a6   0x00000002   PAD
    0x080076a8   0x000000ea   Code   RO         5199    x$fpl$fsub          fz_ws.l(faddsub_clz.o)
    0x08007792   0x00000064   Code   RO         5541    x$fpl$retnan        fz_ws.l(retnan.o)
    0x080077f6   0x0000005c   Code   RO         5358    x$fpl$scalbn        fz_ws.l(scalbn.o)
    0x08007852   0x00000004   Code   RO         5225    x$fpl$scanf1        fz_ws.l(scanf1.o)
    0x08007856   0x00000008   Code   RO         5461    x$fpl$scanf2        fz_ws.l(scanf2.o)
    0x0800785e   0x00000030   Code   RO         5560    x$fpl$trapveneer    fz_ws.l(trapv.o)
    0x0800788e   0x00000000   Code   RO         5360    x$fpl$usenofp       fz_ws.l(usenofp.o)
    0x0800788e   0x00000100   Data   RO         4543    .constdata          os_core.o
    0x0800798e   0x00000011   Data   RO         5145    .constdata          c_w.l(__printf_flags_ss_wp.o)
    0x0800799f   0x00000001   PAD
    0x080079a0   0x00000094   Data   RO         5421    .constdata          c_w.l(bigflt0.o)
    0x08007a34   0x00000020   Data   RO         5642    Region$$Table       anon$$obj.o
    0x08007a54   0x00000008   Data   RO         5456    c$$dinf             fz_ws.l(fpconst.o)
    0x08007a5c   0x0000001c   Data   RO         5451    locale$$data        c_w.l(lc_numeric_c.o)
    0x08007a78   0x00000110   Data   RO         5553    locale$$data        c_w.l(lc_ctype_c.o)


    Execution Region RW_IRAM1 (Base: 0x20000000, Size: 0x00002e28, Max: 0x00005000, ABSOLUTE, COMPRESSED[0x00000034])

    Base Addr    Size         Type   Attr      Idx    E Section Name        Object

    0x20000000   0x0000001c   Data   RW          255    .data               zhp_control_app.o
    0x2000001c   0x0000000a   Data   RW          329    .data               zhp_crc.o
    0x20000026   0x00000002   Data   RW          356    .data               zhp_frame.o
    0x20000028   0x0000000c   Data   RW          420    .data               main.o
    0x20000034   0x00000010   Data   RW          466    .data               config.o
    0x20000044   0x00000014   Data   RW          479    .data               system_stm32f10x.o
    0x20000058   0x000000a0   Data   RW         1123    .data               timer.o
    0x200000f8   0x00000002   Data   RW         1211    .data               usart2.o
    0x200000fa   0x00000004   Data   RW         1446    .data               delay.o
    0x200000fe   0x00000002   PAD
    0x20000100   0x00000004   Data   RW         1492    .data               usart.o
    0x20000104   0x00000014   Data   RW         1845    .data               stm32f10x_rcc.o
    0x20000118   0x00000054   Data   RW         4544    .data               os_core.o
    0x2000016c   0x00000006   Data   RW         5029    .data               os_cpu_c.o
    0x20000172   0x00000006   PAD
    0x20000178   0x00000188   Zero   RW          253    .bss                zhp_control_app.o
    0x20000300   0x00000400   Zero   RW          327    .bss                zhp_crc.o
    0x20000700   0x00000254   Zero   RW          354    .bss                zhp_frame.o
    0x20000954   0x00001300   Zero   RW          418    .bss                main.o
    0x20001c54   0x00000048   Zero   RW         1122    .bss                timer.o
    0x20001c9c   0x00000004   PAD
    0x20001ca0   0x00000190   Zero   RW         1210    .bss                usart2.o
    0x20001e30   0x00000998   Zero   RW         4542    .bss                os_core.o
    0x200027c8   0x00000060   Zero   RW         5474    .bss                c_w.l(libspace.o)
    0x20002828   0x00000200   Zero   RW         1537    HEAP                startup_stm32f10x_hd.o
    0x20002a28   0x00000400   Zero   RW         1536    STACK               startup_stm32f10x_hd.o


==============================================================================

Image component sizes


      Code (inc. data)   RO Data    RW Data    ZI Data      Debug   Object Name

         0          0          0         16          0        363   config.o
         0          0          0          0          0         32   core_cm3.o
       256         32          0          4          0       2225   delay.o
        64         10          0          0          0        459   led.o
       496         88          0         12       4864       4128   main.o
       172         22          0          0          0       2113   misc.o
      1660         94          0          0          0       8670   motors.o
      2210        378        256         84       2456      21859   os_core.o
       180         36          0          0          0        312   os_cpu_a.o
       210          8          0          6          0      12663   os_cpu_c.o
        80          8          0          0          0        543   os_q.o
       400         24          0          0          0       2402   os_sem.o
       320         28          0          0          0       2011   os_task.o
       216         30          0          0          0       1312   os_time.o
       592        118          0          0          0       3751   os_tmr.o
        72          4          0          0          0        471   pstwo.o
        64         26        304          0       1536        780   startup_stm32f10x_hd.o
       200         18          0          0          0       2156   stm32f10x_exti.o
       494         10          0          0          0       4492   stm32f10x_gpio.o
        22          0          0          0          0       2771   stm32f10x_it.o
        68         30          0          0          0       2402   stm32f10x_iwdg.o
       308         38          0         20          0       5026   stm32f10x_rcc.o
      1946        200          0          0          0      19691   stm32f10x_tim.o
       408          6          0          0          0       4978   stm32f10x_usart.o
        12          0          0          0          0        437   sys.o
       328         28          0         20          0       2125   system_stm32f10x.o
      3558        322          0        160         72      11503   timer.o
       256         22          0          4          0       4191   usart.o
        76         14          0          2        400       1304   usart2.o
        44          0          0          0          0        912   wdg.o
       112         28          0          0          0     265471   zhp_app.o
      2076        108          0         28        392       8584   zhp_control_app.o
       160         22          0         10       1024       2232   zhp_crc.o
       392         10          0          0          0       1194   zhp_ext_int.o
       684         18          0          2        596       3022   zhp_frame.o

    ----------------------------------------------------------------------
     18154       1780        592        372      11348     406585   Object Totals
         0          0         32          0          0          0   (incl. Generated)
        18          0          0          4          8          0   (incl. Padding)

    ----------------------------------------------------------------------

      Code (inc. data)   RO Data    RW Data    ZI Data      Debug   Library Member Name

        60          8          0          0          0         84   __0sscanf.o
        24          4          0          0          0         84   __2printf.o
        44          6          0          0          0         84   __2sprintf.o
        90          0          0          0          0          0   __dczerorl2.o
         8          0          0          0          0         68   __main.o
       392          4         17          0          0         92   __printf_flags_ss_wp.o
        14          0          0          0          0         68   __printf_wp.o
        52          8          0          0          0          0   __scatter.o
        28          0          0          0          0          0   __scatter_zi.o
        28          0          0          0          0         68   _chval.o
        48          6          0          0          0         96   _printf_char_common.o
        36          4          0          0          0         80   _printf_char_file.o
       116         16          0          0          0         92   _printf_dec.o
       178          0          0          0          0         88   _printf_intcommon.o
         0          0          0          0          0          0   _printf_percent.o
         4          0          0          0          0          0   _printf_percent_end.o
         6          0          0          0          0          0   _printf_u.o
        22          0          0          0          0        100   _rserrno.o
       876          4          0          0          0        100   _scanf.o
        64          0          0          0          0         84   _sgetc.o
        10          0          0          0          0         68   _sputc.o
       216          4        148          0          0         96   bigflt0.o
      1846        132          0          0          0        736   btod.o
        12          0          0          0          0         72   exit.o
         8          0          0          0          0         68   ferror.o
         6          0          0          0          0        152   heapauxi.o
        18          0          0          0          0         76   isspace.o
        44         10        272          0          0         76   lc_ctype_c.o
        44         10         28          0          0         76   lc_numeric_c.o
         2          0          0          0          0          0   libinit.o
        30          0          0          0          0          0   libinit2.o
         2          0          0          0          0          0   libshutdown.o
         2          0          0          0          0          0   libshutdown2.o
         8          4          0          0         96         68   libspace.o
        38          0          0          0          0         68   llshl.o
        16          4          0          0          0         76   rt_ctype_table.o
         8          4          0          0          0         68   rt_errno_addr_intlibspace.o
         8          4          0          0          0         68   rt_locale_intlibspace.o
        68          0          0          0          0         68   rt_memclr.o
        78          0          0          0          0         80   rt_memclr_w.o
       138          0          0          0          0         68   rt_memcpy_v6.o
       100          0          0          0          0         80   rt_memcpy_w.o
         0          0          0          0          0          0   rtentry.o
        12          0          0          0          0          0   rtentry2.o
         6          0          0          0          0          0   rtentry4.o
         2          0          0          0          0          0   rtexit.o
        10          0          0          0          0          0   rtexit2.o
        44          8          0          0          0         84   scanf_char.o
      1188         12          0          0          0        148   scanf_fp.o
       792         14          0          0          0        100   scanf_hexfp.o
       308         16          0          0          0        100   scanf_infnan.o
       128          0          0          0          0         68   strcmpv7m.o
        74          0          0          0          0         80   sys_stackheap_outer.o
         2          0          0          0          0         68   use_no_semi.o
         2          0          0          0          0         68   use_no_semi_2.o
        98          4          0          0          0         92   d2f.o
       804         16          0          0          0        272   daddsub_clz.o
        16          4          0          0          0         68   dcheck1.o
        24          0          0          0          0         68   dcmpi.o
       688        140          0          0          0        208   ddiv.o
       120          4          0          0          0         92   deqf.o
        90          4          0          0          0         92   dfixu.o
        46          0          0          0          0         68   dflt_clz.o
       120          4          0          0          0         92   dleqf.o
       340         12          0          0          0        104   dmul.o
       156          4          0          0          0         92   dnaninf.o
        12          0          0          0          0         68   dretinf.o
       108          0          0          0          0         80   drleqf.o
        86          4          0          0          0         84   f2d.o
       430          8          0          0          0        168   faddsub_clz.o
        24          0          0          0          0         68   fcmpi.o
       388         76          0          0          0         96   fdiv.o
       104          4          0          0          0         84   feqf.o
        54          4          0          0          0         84   ffix.o
        48          0          0          0          0         68   fflt_clz.o
       104          4          0          0          0         84   fleqf.o
       258          4          0          0          0         84   fmul.o
       140          4          0          0          0         84   fnaninf.o
         0          0          8          0          0          0   fpconst.o
        10          0          0          0          0         68   fretinf.o
        98          0          0          0          0         68   frleqf.o
       100          0          0          0          0         68   retnan.o
        92          0          0          0          0         68   scalbn.o
         4          0          0          0          0         68   scanf1.o
         8          0          0          0          0         84   scanf2.o
        48          0          0          0          0         68   trapv.o
         0          0          0          0          0          0   usenofp.o
        16          6          0          0          0         68   dunder.o
        88          8          0          0          0         76   frexp.o
       148          0          0          0          0        160   ldexp.o
       152          4          0          0          0        160   narrow.o

    ----------------------------------------------------------------------
     12404        602        474          0         96       7224   Library Totals
        22          2          1          0          0          0   (incl. Padding)

    ----------------------------------------------------------------------

      Code (inc. data)   RO Data    RW Data    ZI Data      Debug   Library Name

      7360        282        465          0         96       3968   c_w.l
      4618        300          8          0          0       2792   fz_ws.l
       404         18          0          0          0        464   m_ws.l

    ----------------------------------------------------------------------
     12404        602        474          0         96       7224   Library Totals

    ----------------------------------------------------------------------

==============================================================================


      Code (inc. data)   RO Data    RW Data    ZI Data      Debug   

     30558       2382       1066        372      11444     400493   Grand Totals
     30558       2382       1066         52      11444     400493   ELF Image Totals (compressed)
     30558       2382       1066         52          0          0   ROM Totals

==============================================================================

    Total RO  Size (Code + RO Data)                31624 (  30.88kB)
    Total RW  Size (RW Data + ZI Data)             11816 (  11.54kB)
    Total ROM Size (Code + RO Data + RW Data)      31676 (  30.93kB)

==============================================================================

